Component: ARM Compiler 5.06 update 5 (build 528) Tool: armlink [4d35e2]

==============================================================================

Section Cross References

    startup_stm32f407xx.o(RESET) refers to startup_stm32f407xx.o(STACK) for __initial_sp
    startup_stm32f407xx.o(RESET) refers to startup_stm32f407xx.o(.text) for Reset_Handler
    startup_stm32f407xx.o(RESET) refers to stm32f4xx_it.o(i.NMI_Handler) for NMI_Handler
    startup_stm32f407xx.o(RESET) refers to stm32f4xx_it.o(i.HardFault_Handler) for HardFault_Handler
    startup_stm32f407xx.o(RESET) refers to stm32f4xx_it.o(i.MemManage_Handler) for MemManage_Handler
    startup_stm32f407xx.o(RESET) refers to stm32f4xx_it.o(i.BusFault_Handler) for BusFault_Handler
    startup_stm32f407xx.o(RESET) refers to stm32f4xx_it.o(i.UsageFault_Handler) for UsageFault_Handler
    startup_stm32f407xx.o(RESET) refers to port.o(.emb_text) for SVC_Handler
    startup_stm32f407xx.o(RESET) refers to stm32f4xx_it.o(i.DebugMon_Handler) for DebugMon_Handler
    startup_stm32f407xx.o(RESET) refers to cmsis_os2.o(i.SysTick_Handler) for SysTick_Handler
    startup_stm32f407xx.o(RESET) refers to stm32f4xx_it.o(i.TIM1_UP_TIM10_IRQHandler) for TIM1_UP_TIM10_IRQHandler
    startup_stm32f407xx.o(.text) refers to system_stm32f4xx.o(i.SystemInit) for SystemInit
    startup_stm32f407xx.o(.text) refers to entry.o(.ARM.Collect$$$$00000000) for __main
    main.o(i.HAL_TIM_PeriodElapsedCallback) refers to stm32f4xx_hal.o(i.HAL_IncTick) for HAL_IncTick
    main.o(i.SystemClock_Config) refers to memseta.o(.text) for __aeabi_memclr4
    main.o(i.SystemClock_Config) refers to stm32f4xx_hal_rcc.o(i.HAL_RCC_OscConfig) for HAL_RCC_OscConfig
    main.o(i.SystemClock_Config) refers to stm32f4xx_hal_rcc.o(i.HAL_RCC_ClockConfig) for HAL_RCC_ClockConfig
    main.o(i.main) refers to stm32f4xx_hal.o(i.HAL_Init) for HAL_Init
    main.o(i.main) refers to main.o(i.SystemClock_Config) for SystemClock_Config
    main.o(i.main) refers to gpio.o(i.MX_GPIO_Init) for MX_GPIO_Init
    main.o(i.main) refers to tim.o(i.MX_TIM3_Init) for MX_TIM3_Init
    main.o(i.main) refers to spi.o(i.MX_SPI1_Init) for MX_SPI1_Init
    main.o(i.main) refers to i2c.o(i.MX_I2C1_Init) for MX_I2C1_Init
    main.o(i.main) refers to usart.o(i.MX_USART1_UART_Init) for MX_USART1_UART_Init
    main.o(i.main) refers to stm32f4xx_hal_tim.o(i.HAL_TIM_PWM_Start) for HAL_TIM_PWM_Start
    main.o(i.main) refers to cmsis_os2.o(i.osKernelInitialize) for osKernelInitialize
    main.o(i.main) refers to freertos.o(i.MX_FREERTOS_Init) for MX_FREERTOS_Init
    main.o(i.main) refers to cmsis_os2.o(i.osKernelStart) for osKernelStart
    main.o(i.main) refers to tim.o(.bss) for htim3
    gpio.o(i.MX_GPIO_Init) refers to memseta.o(.text) for __aeabi_memclr4
    gpio.o(i.MX_GPIO_Init) refers to stm32f4xx_hal_gpio.o(i.HAL_GPIO_WritePin) for HAL_GPIO_WritePin
    gpio.o(i.MX_GPIO_Init) refers to stm32f4xx_hal_gpio.o(i.HAL_GPIO_Init) for HAL_GPIO_Init
    freertos.o(i.LCD_Proc) refers to dev_config.o(i.DEV_Module_Init) for DEV_Module_Init
    freertos.o(i.LCD_Proc) refers to lcd_1in69.o(i.LCD_1IN69_SetBackLight) for LCD_1IN69_SetBackLight
    freertos.o(i.LCD_Proc) refers to lcd_1in69.o(i.LCD_1IN69_Init) for LCD_1IN69_Init
    freertos.o(i.LCD_Proc) refers to lcd_1in69.o(i.LCD_1IN69_Clear) for LCD_1IN69_Clear
    freertos.o(i.LCD_Proc) refers to lcd_1in69.o(i.LCD_Fill) for LCD_Fill
    freertos.o(i.LCD_Proc) refers to cmsis_os2.o(i.osDelay) for osDelay
    freertos.o(i.LCD_Proc) refers to freertos.o(.constdata) for .constdata
    freertos.o(i.MX_FREERTOS_Init) refers to cmsis_os2.o(i.osThreadNew) for osThreadNew
    freertos.o(i.MX_FREERTOS_Init) refers to tasks.o(i.xTaskCreate) for xTaskCreate
    freertos.o(i.MX_FREERTOS_Init) refers to freertos.o(.constdata) for .constdata
    freertos.o(i.MX_FREERTOS_Init) refers to freertos.o(i.StartDefaultTask) for StartDefaultTask
    freertos.o(i.MX_FREERTOS_Init) refers to freertos.o(.data) for .data
    freertos.o(i.MX_FREERTOS_Init) refers to freertos.o(i.LCD_Proc) for LCD_Proc
    freertos.o(i.MX_FREERTOS_Init) refers to freertos.o(i.TCH_Proc) for TCH_Proc
    freertos.o(i.MX_FREERTOS_Init) refers to freertos.o(i.led_proc) for led_proc
    freertos.o(i.StartDefaultTask) refers to cmsis_os2.o(i.osDelay) for osDelay
    freertos.o(i.TCH_Proc) refers to cst816t.o(i.CST816T_Init) for CST816T_Init
    freertos.o(i.TCH_Proc) refers to cst816t.o(i.CST816T_GetChipID) for CST816T_GetChipID
    freertos.o(i.TCH_Proc) refers to printfa.o(i.__0sprintf) for __2sprintf
    freertos.o(i.TCH_Proc) refers to stm32f4xx_hal_uart.o(i.HAL_UART_Transmit) for HAL_UART_Transmit
    freertos.o(i.TCH_Proc) refers to cmsis_os2.o(i.osDelay) for osDelay
    freertos.o(i.TCH_Proc) refers to cst816t.o(i.CST816T_Read_Sensor) for CST816T_Read_Sensor
    freertos.o(i.TCH_Proc) refers to usart.o(.bss) for huart1
    freertos.o(i.led_proc) refers to stm32f4xx_hal_gpio.o(i.HAL_GPIO_TogglePin) for HAL_GPIO_TogglePin
[...]
    i.HAL_UART_MspInit                       0x08002274   Section        0  usart.o(i.HAL_UART_MspInit)
    i.HAL_UART_Transmit                      0x080022e0   Section        0  stm32f4xx_hal_uart.o(i.HAL_UART_Transmit)
    i.HardFault_Handler                      0x08002380   Section        0  stm32f4xx_it.o(i.HardFault_Handler)
    i.I2C_IsAcknowledgeFailed                0x08002382   Section        0  stm32f4xx_hal_i2c.o(i.I2C_IsAcknowledgeFailed)
    I2C_IsAcknowledgeFailed                  0x08002383   Thumb Code    46  stm32f4xx_hal_i2c.o(i.I2C_IsAcknowledgeFailed)
    i.I2C_MasterRequestRead                  0x080023b0   Section        0  stm32f4xx_hal_i2c.o(i.I2C_MasterRequestRead)
    I2C_MasterRequestRead                    0x080023b1   Thumb Code   230  stm32f4xx_hal_i2c.o(i.I2C_MasterRequestRead)
    i.I2C_MasterRequestWrite                 0x0800249c   Section        0  stm32f4xx_hal_i2c.o(i.I2C_MasterRequestWrite)
    I2C_MasterRequestWrite                   0x0800249d   Thumb Code   150  stm32f4xx_hal_i2c.o(i.I2C_MasterRequestWrite)
    i.I2C_RequestMemoryRead                  0x08002538   Section        0  stm32f4xx_hal_i2c.o(i.I2C_RequestMemoryRead)
    I2C_RequestMemoryRead                    0x08002539   Thumb Code   246  stm32f4xx_hal_i2c.o(i.I2C_RequestMemoryRead)
    i.I2C_WaitOnBTFFlagUntilTimeout          0x08002634   Section        0  stm32f4xx_hal_i2c.o(i.I2C_WaitOnBTFFlagUntilTimeout)
    I2C_WaitOnBTFFlagUntilTimeout            0x08002635   Thumb Code    86  stm32f4xx_hal_i2c.o(i.I2C_WaitOnBTFFlagUntilTimeout)
    i.I2C_WaitOnFlagUntilTimeout             0x0800268c   Section        0  stm32f4xx_hal_i2c.o(i.I2C_WaitOnFlagUntilTimeout)
    I2C_WaitOnFlagUntilTimeout               0x0800268d   Thumb Code   144  stm32f4xx_hal_i2c.o(i.I2C_WaitOnFlagUntilTimeout)
    i.I2C_WaitOnMasterAddressFlagUntilTimeout 0x0800271c   Section        0  stm32f4xx_hal_i2c.o(i.I2C_WaitOnMasterAddressFlagUntilTimeout)
    I2C_WaitOnMasterAddressFlagUntilTimeout  0x0800271d   Thumb Code   188  stm32f4xx_hal_i2c.o(i.I2C_WaitOnMasterAddressFlagUntilTimeout)
    i.I2C_WaitOnRXNEFlagUntilTimeout         0x080027d8   Section        0  stm32f4xx_hal_i2c.o(i.I2C_WaitOnRXNEFlagUntilTimeout)
    I2C_WaitOnRXNEFlagUntilTimeout           0x080027d9   Thumb Code   112  stm32f4xx_hal_i2c.o(i.I2C_WaitOnRXNEFlagUntilTimeout)
    i.I2C_WaitOnTXEFlagUntilTimeout          0x08002848   Section        0  stm32f4xx_hal_i2c.o(i.I2C_WaitOnTXEFlagUntilTimeout)
    I2C_WaitOnTXEFlagUntilTimeout            0x08002849   Thumb Code    86  stm32f4xx_hal_i2c.o(i.I2C_WaitOnTXEFlagUntilTimeout)
    i.LCD_1IN69_Clear                        0x080028a0   Section        0  lcd_1in69.o(i.LCD_1IN69_Clear)
    i.LCD_1IN69_Init                         0x080028f4   Section        0  lcd_1in69.o(i.LCD_1IN69_Init)
    i.LCD_1IN69_InitReg                      0x08002960   Section        0  lcd_1in69.o(i.LCD_1IN69_InitReg)
    LCD_1IN69_InitReg                        0x08002961   Thumb Code   408  lcd_1in69.o(i.LCD_1IN69_InitReg)
    i.LCD_1IN69_SendCommand                  0x08002af8   Section        0  lcd_1in69.o(i.LCD_1IN69_SendCommand)
    LCD_1IN69_SendCommand                    0x08002af9   Thumb Code    34  lcd_1in69.o(i.LCD_1IN69_SendCommand)
    i.LCD_1IN69_SendData_8Bit                0x08002b24   Section        0  lcd_1in69.o(i.LCD_1IN69_SendData_8Bit)
    LCD_1IN69_SendData_8Bit                  0x08002b25   Thumb Code    24  lcd_1in69.o(i.LCD_1IN69_SendData_8Bit)
    i.LCD_1IN69_SetBackLight                 0x08002b40   Section        0  lcd_1in69.o(i.LCD_1IN69_SetBackLight)
    i.LCD_1IN69_SetWindows                   0x08002b4c   Section        0  lcd_1in69.o(i.LCD_1IN69_SetWindows)
    i.LCD_Fill                               0x08002bf4   Section        0  lcd_1in69.o(i.LCD_Fill)
    i.LCD_Proc                               0x08002c44   Section        0  freertos.o(i.LCD_Proc)
    i.MX_FREERTOS_Init                       0x08002cac   Section        0  freertos.o(i.MX_FREERTOS_Init)
    i.MX_GPIO_Init                           0x08002d38   Section        0  gpio.o(i.MX_GPIO_Init)
    i.MX_I2C1_Init                           0x08002e14   Section        0  i2c.o(i.MX_I2C1_Init)
    i.MX_SPI1_Init                           0x08002e54   Section        0  spi.o(i.MX_SPI1_Init)
    i.MX_TIM3_Init                           0x08002e9c   Section        0  tim.o(i.MX_TIM3_Init)
    i.MX_USART1_UART_Init                    0x08002f38   Section        0  usart.o(i.MX_USART1_UART_Init)
    i.MemManage_Handler                      0x08002f70   Section        0  stm32f4xx_it.o(i.MemManage_Handler)
    i.NMI_Handler                            0x08002f72   Section        0  stm32f4xx_it.o(i.NMI_Handler)
    i.SPI_EndRxTxTransaction                 0x08002f74   Section        0  stm32f4xx_hal_spi.o(i.SPI_EndRxTxTransaction)
    SPI_EndRxTxTransaction                   0x08002f75   Thumb Code    98  stm32f4xx_hal_spi.o(i.SPI_EndRxTxTransaction)
    i.SPI_WaitFlagStateUntilTimeout          0x08002fe0   Section        0  stm32f4xx_hal_spi.o(i.SPI_WaitFlagStateUntilTimeout)
    SPI_WaitFlagStateUntilTimeout            0x08002fe1   Thumb Code   182  stm32f4xx_hal_spi.o(i.SPI_WaitFlagStateUntilTimeout)
    i.StartDefaultTask                       0x0800309c   Section        0  freertos.o(i.StartDefaultTask)
    i.SysTick_Handler                        0x080030a4   Section        0  cmsis_os2.o(i.SysTick_Handler)
    i.SystemClock_Config                     0x080030c0   Section        0  main.o(i.SystemClock_Config)
    i.SystemInit                             0x08003154   Section        0  system_stm32f4xx.o(i.SystemInit)
    i.TCH_Proc                               0x08003164   Section        0  freertos.o(i.TCH_Proc)
    i.TIM1_UP_TIM10_IRQHandler               0x080031ec   Section        0  stm32f4xx_it.o(i.TIM1_UP_TIM10_IRQHandler)
    i.TIM_Base_SetConfig                     0x080031f8   Section        0  stm32f4xx_hal_tim.o(i.TIM_Base_SetConfig)
    i.TIM_CCxChannelCmd                      0x080032c8   Section        0  stm32f4xx_hal_tim.o(i.TIM_CCxChannelCmd)
    i.TIM_ETR_SetConfig                      0x080032e2   Section        0  stm32f4xx_hal_tim.o(i.TIM_ETR_SetConfig)
    i.TIM_ITRx_SetConfig                     0x080032f6   Section        0  stm32f4xx_hal_tim.o(i.TIM_ITRx_SetConfig)
    TIM_ITRx_SetConfig                       0x080032f7   Thumb Code    16  stm32f4xx_hal_tim.o(i.TIM_ITRx_SetConfig)
    i.TIM_OC1_SetConfig                      0x08003308   Section        0  stm32f4xx_hal_tim.o(i.TIM_OC1_SetConfig)
    TIM_OC1_SetConfig                        0x08003309   Thumb Code    88  stm32f4xx_hal_tim.o(i.TIM_OC1_SetConfig)
    i.TIM_OC2_SetConfig                      0x08003368   Section        0  stm32f4xx_hal_tim.o(i.TIM_OC2_SetConfig)
    i.TIM_OC3_SetConfig                      0x080033d4   Section        0  stm32f4xx_hal_tim.o(i.TIM_OC3_SetConfig)
    TIM_OC3_SetConfig                        0x080033d5   Thumb Code    96  stm32f4xx_hal_tim.o(i.TIM_OC3_SetConfig)
    i.TIM_OC4_SetConfig                      0x0800343c   Section        0  stm32f4xx_hal_tim.o(i.TIM_OC4_SetConfig)
    TIM_OC4_SetConfig                        0x0800343d   Thumb Code    70  stm32f4xx_hal_tim.o(i.TIM_OC4_SetConfig)
    i.TIM_TI1_ConfigInputStage               0x0800348c   Section        0  stm32f4xx_hal_tim.o(i.TIM_TI1_ConfigInputStage)
    TIM_TI1_ConfigInputStage                 0x0800348d   Thumb Code    34  stm32f4xx_hal_tim.o(i.TIM_TI1_ConfigInputStage)
    i.TIM_TI2_ConfigInputStage               0x080034ae   Section        0  stm32f4xx_hal_tim.o(i.TIM_TI2_ConfigInputStage)
    TIM_TI2_ConfigInputStage                 0x080034af   Thumb Code    36  stm32f4xx_hal_tim.o(i.TIM_TI2_ConfigInputStage)
    i.UART_EndRxTransfer                     0x080034d2   Section        0  stm32f4xx_hal_uart.o(i.UART_EndRxTransfer)
    UART_EndRxTransfer                       0x080034d3   Thumb Code    78  stm32f4xx_hal_uart.o(i.UART_EndRxTransfer)
    i.UART_SetConfig                         0x08003520   Section        0  stm32f4xx_hal_uart.o(i.UART_SetConfig)
    UART_SetConfig                           0x08003521   Thumb Code   258  stm32f4xx_hal_uart.o(i.UART_SetConfig)
    i.UART_WaitOnFlagUntilTimeout            0x0800362c   Section        0  stm32f4xx_hal_uart.o(i.UART_WaitOnFlagUntilTimeout)
    UART_WaitOnFlagUntilTimeout              0x0800362d   Thumb Code   114  stm32f4xx_hal_uart.o(i.UART_WaitOnFlagUntilTimeout)
    i.UsageFault_Handler                     0x0800369e   Section        0  stm32f4xx_it.o(i.UsageFault_Handler)
    i.__0sprintf                             0x080036a0   Section        0  printfa.o(i.__0sprintf)
    i.__NVIC_SetPriority                     0x080036c8   Section        0  stm32f4xx_hal_cortex.o(i.__NVIC_SetPriority)
    __NVIC_SetPriority                       0x080036c9   Thumb Code    32  stm32f4xx_hal_cortex.o(i.__NVIC_SetPriority)
    i.__scatterload_copy                     0x080036e8   Section       14  handlers.o(i.__scatterload_copy)
    i.__scatterload_null                     0x080036f6   Section        2  handlers.o(i.__scatterload_null)
    i.__scatterload_zeroinit                 0x080036f8   Section       14  handlers.o(i.__scatterload_zeroinit)
    i._fp_digits                             0x08003708   Section        0  printfa.o(i._fp_digits)
    _fp_digits                               0x08003709   Thumb Code   366  printfa.o(i._fp_digits)
    i._printf_core                           0x0800388c   Section        0  printfa.o(i._printf_core)
    _printf_core                             0x0800388d   Thumb Code  1744  printfa.o(i._printf_core)
    i._printf_post_padding                   0x08003f68   Section        0  printfa.o(i._printf_post_padding)
    _printf_post_padding                     0x08003f69   Thumb Code    36  printfa.o(i._printf_post_padding)
    i._printf_pre_padding                    0x08003f8c   Section        0  printfa.o(i._printf_pre_padding)
    _printf_pre_padding                      0x08003f8d   Thumb Code    46  printfa.o(i._printf_pre_padding)
    i._sputc                                 0x08003fba   Section        0  printfa.o(i._sputc)
    _sputc                                   0x08003fbb   Thumb Code    10  printfa.o(i._sputc)
    i.led_proc                               0x08003fc4   Section        0  freertos.o(i.led_proc)
    i.main                                   0x08003fe4   Section        0  main.o(i.main)
    i.osDelay                                0x0800401c   Section        0  cmsis_os2.o(i.osDelay)
    i.osKernelInitialize                     0x08004038   Section        0  cmsis_os2.o(i.osKernelInitialize)
    i.osKernelStart                          0x0800405c   Section        0  cmsis_os2.o(i.osKernelStart)
    i.osThreadNew                            0x08004094   Section        0  cmsis_os2.o(i.osThreadNew)
    i.prvAddCurrentTaskToDelayedList         0x08004120   Section        0  tasks.o(i.prvAddCurrentTaskToDelayedList)
    prvAddCurrentTaskToDelayedList           0x08004121   Thumb Code    84  tasks.o(i.prvAddCurrentTaskToDelayedList)
    i.prvAddNewTaskToReadyList               0x0800417c   Section        0  tasks.o(i.prvAddNewTaskToReadyList)
    prvAddNewTaskToReadyList                 0x0800417d   Thumb Code   190  tasks.o(i.prvAddNewTaskToReadyList)
    i.prvCheckForValidListAndQueue           0x0800424c   Section        0  timers.o(i.prvCheckForValidListAndQueue)
    prvCheckForValidListAndQueue             0x0800424d   Thumb Code    72  timers.o(i.prvCheckForValidListAndQueue)
    i.prvCopyDataFromQueue                   0x080042a4   Section        0  queue.o(i.prvCopyDataFromQueue)
    prvCopyDataFromQueue                     0x080042a5   Thumb Code    38  queue.o(i.prvCopyDataFromQueue)
    i.prvCopyDataToQueue                     0x080042ca   Section        0  queue.o(i.prvCopyDataToQueue)
    prvCopyDataToQueue                       0x080042cb   Thumb Code   108  queue.o(i.prvCopyDataToQueue)
    i.prvDeleteTCB                           0x08004336   Section        0  tasks.o(i.prvDeleteTCB)
    prvDeleteTCB                             0x08004337   Thumb Code    52  tasks.o(i.prvDeleteTCB)
    i.prvHeapInit                            0x0800436c   Section        0  heap_4.o(i.prvHeapInit)
    prvHeapInit                              0x0800436d   Thumb Code    66  heap_4.o(i.prvHeapInit)
    i.prvIdleTask                            0x080043b8   Section        0  tasks.o(i.prvIdleTask)
    prvIdleTask                              0x080043b9   Thumb Code    82  tasks.o(i.prvIdleTask)
    i.prvInitialiseNewQueue                  0x08004418   Section        0  queue.o(i.prvInitialiseNewQueue)
    prvInitialiseNewQueue                    0x08004419   Thumb Code    34  queue.o(i.prvInitialiseNewQueue)
    i.prvInitialiseNewTask                   0x0800443c   Section        0  tasks.o(i.prvInitialiseNewTask)
    prvInitialiseNewTask                     0x0800443d   Thumb Code   176  tasks.o(i.prvInitialiseNewTask)
    i.prvInsertBlockIntoFreeList             0x080044ec   Section        0  heap_4.o(i.prvInsertBlockIntoFreeList)
    prvInsertBlockIntoFreeList               0x080044ed   Thumb Code    72  heap_4.o(i.prvInsertBlockIntoFreeList)
    i.prvInsertTimerInActiveList             0x08004538   Section        0  timers.o(i.prvInsertTimerInActiveList)
    prvInsertTimerInActiveList               0x08004539   Thumb Code    52  timers.o(i.prvInsertTimerInActiveList)
    i.prvIsQueueEmpty                        0x08004570   Section        0  queue.o(i.prvIsQueueEmpty)
    prvIsQueueEmpty                          0x08004571   Thumb Code    28  queue.o(i.prvIsQueueEmpty)
    i.prvProcessReceivedCommands             0x0800458c   Section        0  timers.o(i.prvProcessReceivedCommands)
    prvProcessReceivedCommands               0x0800458d   Thumb Code   248  timers.o(i.prvProcessReceivedCommands)
    i.prvProcessTimerOrBlockTask             0x08004688   Section        0  timers.o(i.prvProcessTimerOrBlockTask)
    prvProcessTimerOrBlockTask               0x08004689   Thumb Code   182  timers.o(i.prvProcessTimerOrBlockTask)
    i.prvResetNextTaskUnblockTime            0x08004748   Section        0  tasks.o(i.prvResetNextTaskUnblockTime)
    prvResetNextTaskUnblockTime              0x08004749   Thumb Code    26  tasks.o(i.prvResetNextTaskUnblockTime)
    i.prvSampleTimeNow                       0x08004768   Section        0  timers.o(i.prvSampleTimeNow)
    prvSampleTimeNow                         0x08004769   Thumb Code    36  timers.o(i.prvSampleTimeNow)
    i.prvSwitchTimerLists                    0x08004790   Section        0  timers.o(i.prvSwitchTimerLists)
    prvSwitchTimerLists                      0x08004791   Thumb Code   104  timers.o(i.prvSwitchTimerLists)
    i.prvTaskExitError                       0x080047fc   Section        0  port.o(i.prvTaskExitError)
    prvTaskExitError                         0x080047fd   Thumb Code    36  port.o(i.prvTaskExitError)
    i.prvTimerTask                           0x08004824   Section        0  timers.o(i.prvTimerTask)
    prvTimerTask                             0x08004825   Thumb Code    32  timers.o(i.prvTimerTask)
    i.prvUnlockQueue                         0x08004848   Section        0  queue.o(i.prvUnlockQueue)
    prvUnlockQueue                           0x08004849   Thumb Code   106  queue.o(i.prvUnlockQueue)
    i.pvPortMalloc                           0x080048b4   Section        0  heap_4.o(i.pvPortMalloc)
    i.pxPortInitialiseStack                  0x08004990   Section        0  port.o(i.pxPortInitialiseStack)
    i.uxListRemove                           0x080049bc   Section        0  list.o(i.uxListRemove)
    i.vApplicationGetIdleTaskMemory          0x080049e4   Section        0  cmsis_os2.o(i.vApplicationGetIdleTaskMemory)
    i.vApplicationGetTimerTaskMemory         0x080049f8   Section        0  cmsis_os2.o(i.vApplicationGetTimerTaskMemory)
    i.vListInitialise                        0x08004a10   Section        0  list.o(i.vListInitialise)
    i.vListInitialiseItem                    0x08004a26   Section        0  list.o(i.vListInitialiseItem)
    i.vListInsert                            0x08004a2c   Section        0  list.o(i.vListInsert)
    i.vListInsertEnd                         0x08004a5c   Section        0  list.o(i.vListInsertEnd)
    i.vPortEnterCritical                     0x08004a74   Section        0  port.o(i.vPortEnterCritical)
    i.vPortExitCritical                      0x08004ab4   Section        0  port.o(i.vPortExitCritical)
    i.vPortFree                              0x08004adc   Section        0  heap_4.o(i.vPortFree)
    i.vPortSetupTimerInterrupt               0x08004b40   Section        0  port.o(i.vPortSetupTimerInterrupt)
    i.vPortValidateInterruptPriority         0x08004b64   Section        0  port.o(i.vPortValidateInterruptPriority)
    i.vQueueAddToRegistry                    0x08004bb8   Section        0  queue.o(i.vQueueAddToRegistry)
    i.vQueueWaitForMessageRestricted         0x08004be0   Section        0  queue.o(i.vQueueWaitForMessageRestricted)
    i.vTaskDelay                             0x08004c24   Section        0  tasks.o(i.vTaskDelay)
    i.vTaskInternalSetTimeOutState           0x08004c70   Section        0  tasks.o(i.vTaskInternalSetTimeOutState)
    i.vTaskMissedYield                       0x08004c80   Section        0  tasks.o(i.vTaskMissedYield)
    i.vTaskPlaceOnEventList                  0x08004c8c   Section        0  tasks.o(i.vTaskPlaceOnEventList)
    i.vTaskPlaceOnEventListRestricted        0x08004cbc   Section        0  tasks.o(i.vTaskPlaceOnEventListRestricted)
    i.vTaskStartScheduler                    0x08004cf4   Section        0  tasks.o(i.vTaskStartScheduler)
    i.vTaskSuspendAll                        0x08004d7c   Section        0  tasks.o(i.vTaskSuspendAll)
    i.vTaskSwitchContext                     0x08004d8c   Section        0  tasks.o(i.vTaskSwitchContext)
    i.xPortStartScheduler                    0x08004df0   Section        0  port.o(i.xPortStartScheduler)
    i.xPortSysTickHandler                    0x08004ee4   Section        0  port.o(i.xPortSysTickHandler)
    i.xQueueGenericCreateStatic              0x08004f10   Section        0  queue.o(i.xQueueGenericCreateStatic)
    i.xQueueGenericReset                     0x08004f78   Section        0  queue.o(i.xQueueGenericReset)
    i.xQueueGenericSend                      0x08005000   Section        0  queue.o(i.xQueueGenericSend)
    i.xQueueGenericSendFromISR               0x08005160   Section        0  queue.o(i.xQueueGenericSendFromISR)
    i.xQueueReceive                          0x08005220   Section        0  queue.o(i.xQueueReceive)
    i.xTaskCheckForTimeOut                   0x08005358   Section        0  tasks.o(i.xTaskCheckForTimeOut)
    i.xTaskCreate                            0x080053cc   Section        0  tasks.o(i.xTaskCreate)
    i.xTaskCreateStatic                      0x08005426   Section        0  tasks.o(i.xTaskCreateStatic)
    i.xTaskGetSchedulerState                 0x0800547c   Section        0  tasks.o(i.xTaskGetSchedulerState)
    i.xTaskGetTickCount                      0x08005498   Section        0  tasks.o(i.xTaskGetTickCount)
    i.xTaskIncrementTick                     0x080054a4   Section        0  tasks.o(i.xTaskIncrementTick)
    i.xTaskPriorityDisinherit                0x0800556c   Section        0  tasks.o(i.xTaskPriorityDisinherit)
    i.xTaskRemoveFromEventList               0x080055ec   Section        0  tasks.o(i.xTaskRemoveFromEventList)
    i.xTaskResumeAll                         0x0800565c   Section        0  tasks.o(i.xTaskResumeAll)
    i.xTimerCreateTimerTask                  0x08005720   Section        0  timers.o(i.xTimerCreateTimerTask)
    i.xTimerGenericCommand                   0x08005780   Section        0  timers.o(i.xTimerGenericCommand)
    .constdata                               0x080057e8   Section       48  freertos.o(.constdata)
    .constdata                               0x08005818   Section       16  system_stm32f4xx.o(.constdata)
    .constdata                               0x08005828   Section        8  system_stm32f4xx.o(.constdata)
    .conststring                             0x08005830   Section       12  freertos.o(.conststring)
    .data                                    0x20000000   Section        4  freertos.o(.data)
    .data                                    0x20000004   Section       12  stm32f4xx_hal.o(.data)
    .data                                    0x20000010   Section        4  system_stm32f4xx.o(.data)
    .data                                    0x20000014   Section        6  lcd_1in69.o(.data)
    .data                                    0x2000001c   Section       60  tasks.o(.data)
    uxDeletedTasksWaitingCleanUp             0x20000020   Data           4  tasks.o(.data)
    uxCurrentNumberOfTasks                   0x20000024   Data           4  tasks.o(.data)
    xTickCount                               0x20000028   Data           4  tasks.o(.data)
    uxTopReadyPriority                       0x2000002c   Data           4  tasks.o(.data)
    xSchedulerRunning                        0x20000030   Data           4  tasks.o(.data)
    xPendedTicks                             0x20000034   Data           4  tasks.o(.data)
    xYieldPending                            0x20000038   Data           4  tasks.o(.data)
    xNumOfOverflows                          0x2000003c   Data           4  tasks.o(.data)
    uxTaskNumber                             0x20000040   Data           4  tasks.o(.data)
    xNextTaskUnblockTime                     0x20000044   Data           4  tasks.o(.data)
    xIdleTaskHandle                          0x20000048   Data           4  tasks.o(.data)
    uxSchedulerSuspended                     0x2000004c   Data           4  tasks.o(.data)
    pxDelayedTaskList                        0x20000050   Data           4  tasks.o(.data)
    pxOverflowDelayedTaskList                0x20000054   Data           4  tasks.o(.data)
    .data                                    0x20000058   Section       20  timers.o(.data)
    xTimerQueue                              0x20000058   Data           4  timers.o(.data)
    xTimerTaskHandle                         0x2000005c   Data           4  timers.o(.data)
    xLastTime                                0x20000060   Data           4  timers.o(.data)
    pxCurrentTimerList                       0x20000064   Data           4  timers.o(.data)
    pxOverflowTimerList                      0x20000068   Data           4  timers.o(.data)
    .data                                    0x2000006c   Section        4  cmsis_os2.o(.data)
    KernelState                              0x2000006c   Data           4  cmsis_os2.o(.data)
    .data                                    0x20000070   Section       32  heap_4.o(.data)
    pxEnd                                    0x20000070   Data           4  heap_4.o(.data)
    xFreeBytesRemaining                      0x20000074   Data           4  heap_4.o(.data)
    xMinimumEverFreeBytesRemaining           0x20000078   Data           4  heap_4.o(.data)
    xNumberOfSuccessfulAllocations           0x2000007c   Data           4  heap_4.o(.data)
    xNumberOfSuccessfulFrees                 0x20000080   Data           4  heap_4.o(.data)
    xBlockAllocatedBit                       0x20000084   Data           4  heap_4.o(.data)
    xStart                                   0x20000088   Data           8  heap_4.o(.data)
    .data                                    0x20000090   Section       12  port.o(.data)
    ucMaxSysCallPriority                     0x20000090   Data           1  port.o(.data)
    uxCriticalNesting                        0x20000094   Data           4  port.o(.data)
    ulMaxPRIGROUPValue                       0x20000098   Data           4  port.o(.data)
    .bss                                     0x2000009c   Section       84  i2c.o(.bss)
    .bss                                     0x200000f0   Section       88  spi.o(.bss)
    .bss                                     0x20000148   Section       72  tim.o(.bss)
    .bss                                     0x20000190   Section       72  usart.o(.bss)
    .bss                                     0x200001d8   Section       72  stm32f4xx_hal_timebase_tim.o(.bss)
    .bss                                     0x20000220   Section       64  queue.o(.bss)
    .bss                                     0x20000260   Section     1220  tasks.o(.bss)
    pxReadyTasksLists                        0x20000260   Data        1120  tasks.o(.bss)
    xDelayedTaskList1                        0x200006c0   Data          20  tasks.o(.bss)
    xDelayedTaskList2                        0x200006d4   Data          20  tasks.o(.bss)
    xPendingReadyList                        0x200006e8   Data          20  tasks.o(.bss)
    xTasksWaitingTermination                 0x200006fc   Data          20  tasks.o(.bss)
    xSuspendedTaskList                       0x20000710   Data          20  tasks.o(.bss)
    .bss                                     0x20000724   Section      280  timers.o(.bss)
    xStaticTimerQueue                        0x20000724   Data          80  timers.o(.bss)
    ucStaticTimerQueueStorage                0x20000774   Data         160  timers.o(.bss)
    xActiveTimerList1                        0x20000814   Data          20  timers.o(.bss)
    xActiveTimerList2                        0x20000828   Data          20  timers.o(.bss)
    .bss                                     0x2000083c   Section     1720  cmsis_os2.o(.bss)
    Idle_TCB                                 0x2000083c   Data          92  cmsis_os2.o(.bss)
    Idle_Stack                               0x20000898   Data         512  cmsis_os2.o(.bss)
    Timer_TCB                                0x20000a98   Data          92  cmsis_os2.o(.bss)
    Timer_Stack                              0x20000af4   Data        1024  cmsis_os2.o(.bss)
    .bss                                     0x20000ef4   Section    15360  heap_4.o(.bss)
    ucHeap                                   0x20000ef4   Data       15360  heap_4.o(.bss)
    STACK                                    0x20004af8   Section     1024  startup_stm32f407xx.o(STACK)

    Global Symbols

    Symbol Name                              Value     Ov Type        Size  Object(Section)

    BuildAttributes$$THM_ISAv4$E$P$D$K$B$S$7EM$VFPi3$EXTD16$VFPS$VFMA$PE$A:L22UL41UL21$X:L11$S22US41US21$IEEE1$IW$USESV6$~STKCKD$USESV7$~SHL$OSPACE$ROPI$EBA8$MICROLIB$REQ8$PRES8$EABIv2 0x00000000   Number         0  anon$$obj.o ABSOLUTE
    __ARM_use_no_argv                        0x00000000   Number         0  main.o ABSOLUTE
    _printf_a                                0x00000000   Number         0  stubs.o ABSOLUTE
    _printf_c                                0x00000000   Number         0  stubs.o ABSOLUTE
    _printf_charcount                        0x00000000   Number         0  stubs.o ABSOLUTE
    _printf_d                                0x00000000   Number         0  stubs.o ABSOLUTE
    _printf_e                                0x00000000   Number         0  stubs.o ABSOLUTE
    _printf_f                                0x00000000   Number         0  stubs.o ABSOLUTE
    _printf_flags                            0x00000000   Number         0  stubs.o ABSOLUTE
    _printf_fp_dec                           0x00000000   Number         0  stubs.o ABSOLUTE
    _printf_fp_hex                           0x00000000   Number         0  stubs.o ABSOLUTE
    _printf_g                                0x00000000   Number         0  stubs.o ABSOLUTE
    _printf_i                                0x00000000   Number         0  stubs.o ABSOLUTE
    _printf_int_dec                          0x00000000   Number         0  stubs.o ABSOLUTE
    _printf_l                                0x00000000   Number         0  stubs.o ABSOLUTE
    _printf_lc                               0x00000000   Number         0  stubs.o ABSOLUTE
    _printf_ll                               0x00000000   Number         0  stubs.o ABSOLUTE
    _printf_lld                              0x00000000   Number         0  stubs.o ABSOLUTE
    _printf_lli                              0x00000000   Number         0  stubs.o ABSOLUTE
    _printf_llo                              0x00000000   Number         0  stubs.o ABSOLUTE
    _printf_llu                              0x00000000   Number         0  stubs.o ABSOLUTE
    _printf_llx                              0x00000000   Number         0  stubs.o ABSOLUTE
    _printf_longlong_dec                     0x00000000   Number         0  stubs.o ABSOLUTE
    _printf_longlong_hex                     0x00000000   Number         0  stubs.o ABSOLUTE
    _printf_longlong_oct                     0x00000000   Number         0  stubs.o ABSOLUTE
    _printf_ls                               0x00000000   Number         0  stubs.o ABSOLUTE
    _printf_mbtowc                           0x00000000   Number         0  stubs.o ABSOLUTE
    _printf_n                                0x00000000   Number         0  stubs.o ABSOLUTE
    _printf_o                                0x00000000   Number         0  stubs.o ABSOLUTE
    _printf_p                                0x00000000   Number         0  stubs.o ABSOLUTE
    _printf_percent                          0x00000000   Number         0  stubs.o ABSOLUTE
    _printf_pre_padding                      0x00000000   Number         0  stubs.o ABSOLUTE
    _printf_return_value                     0x00000000   Number         0  stubs.o ABSOLUTE
    _printf_s                                0x00000000   Number         0  stubs.o ABSOLUTE
    _printf_sizespec                         0x00000000   Number         0  stubs.o ABSOLUTE
    _printf_str                              0x00000000   Number         0  stubs.o ABSOLUTE
    _printf_truncate_signed                  0x00000000   Number         0  stubs.o ABSOLUTE
    _printf_truncate_unsigned                0x00000000   Number         0  stubs.o ABSOLUTE
    _printf_u                                0x00000000   Number         0  stubs.o ABSOLUTE
    _printf_wc                               0x00000000   Number         0  stubs.o ABSOLUTE
    _printf_wctomb                           0x00000000   Number         0  stubs.o ABSOLUTE
    _printf_widthprec                        0x00000000   Number         0  stubs.o ABSOLUTE
    _printf_x                                0x00000000   Number         0  stubs.o ABSOLUTE
    __cpp_initialize__aeabi_                  - Undefined Weak Reference
    __cxa_finalize                            - Undefined Weak Reference
    __decompress                              - Undefined Weak Reference
    _clock_init                               - Undefined Weak Reference
    _microlib_exit                            - Undefined Weak Reference
    __Vectors_Size                           0x00000188   Number         0  startup_stm32f407xx.o ABSOLUTE
    __Vectors                                0x08000000   Data           4  startup_stm32f407xx.o(RESET)
    __Vectors_End                            0x08000188   Data           0  startup_stm32f407xx.o(RESET)
    __main                                   0x08000189   Thumb Code     0  entry.o(.ARM.Collect$$$$00000000)
    _main_stk                                0x08000189   Thumb Code     0  entry2.o(.ARM.Collect$$$$00000001)
    _main_scatterload                        0x0800018d   Thumb Code     0  entry5.o(.ARM.Collect$$$$00000004)
    __main_after_scatterload                 0x08000191   Thumb Code     0  entry5.o(.ARM.Collect$$$$00000004)
    _main_clock                              0x08000191   Thumb Code     0  entry7b.o(.ARM.Collect$$$$00000008)
    _main_cpp_init                           0x08000191   Thumb Code     0  entry8b.o(.ARM.Collect$$$$0000000A)
    _main_init                               0x08000191   Thumb Code     0  entry9a.o(.ARM.Collect$$$$0000000B)
    __rt_final_cpp                           0x08000199   Thumb Code     0  entry10a.o(.ARM.Collect$$$$0000000D)
    __rt_final_exit                          0x08000199   Thumb Code     0  entry11a.o(.ARM.Collect$$$$0000000F)
    SVC_Handler                              0x0800019d   Thumb Code    28  port.o(.emb_text)
    __asm___6_port_c_39a90d8d__prvStartFirstTask 0x080001bd   Thumb Code    36  port.o(.emb_text)
    __asm___6_port_c_39a90d8d__prvEnableVFP  0x080001e5   Thumb Code    16  port.o(.emb_text)
    PendSV_Handler                           0x080001f9   Thumb Code    88  port.o(.emb_text)
    vPortGetIPSR                             0x08000255   Thumb Code     6  port.o(.emb_text)
    Reset_Handler                            0x0800025d   Thumb Code     8  startup_stm32f407xx.o(.text)
    ADC_IRQHandler                           0x08000277   Thumb Code     0  startup_stm32f407xx.o(.text)
    CAN1_RX0_IRQHandler                      0x08000277   Thumb Code     0  startup_stm32f407xx.o(.text)
    CAN1_RX1_IRQHandler                      0x08000277   Thumb Code     0  startup_stm32f407xx.o(.text)
    CAN1_SCE_IRQHandler                      0x08000277   Thumb Code     0  startup_stm32f407xx.o(.text)
    CAN1_TX_IRQHandler                       0x08000277   Thumb Code     0  startup_stm32f407xx.o(.text)
    CAN2_RX0_IRQHandler                      0x08000277   Thumb Code     0  startup_stm32f407xx.o(.text)
    CAN2_RX1_IRQHandler                      0x08000277   Thumb Code     0  startup_stm32f407xx.o(.text)
    CAN2_SCE_IRQHandler                      0x08000277   Thumb Code     0  startup_stm32f407xx.o(.text)
    CAN2_TX_IRQHandler                       0x08000277   Thumb Code     0  startup_stm32f407xx.o(.text)
    DCMI_IRQHandler                          0x08000277   Thumb Code     0  startup_stm32f407xx.o(.text)
    DMA1_Stream0_IRQHandler                  0x08000277   Thumb Code     0  startup_stm32f407xx.o(.text)
    DMA1_Stream1_IRQHandler                  0x08000277   Thumb Code     0  startup_stm32f407xx.o(.text)
    DMA1_Stream2_IRQHandler                  0x08000277   Thumb Code     0  startup_stm32f407xx.o(.text)
    DMA1_Stream3_IRQHandler                  0x08000277   Thumb Code     0  startup_stm32f407xx.o(.text)
    DMA1_Stream4_IRQHandler                  0x08000277   Thumb Code     0  startup_stm32f407xx.o(.text)
    DMA1_Stream5_IRQHandler                  0x08000277   Thumb Code     0  startup_stm32f407xx.o(.text)
    DMA1_Stream6_IRQHandler                  0x08000277   Thumb Code     0  startup_stm32f407xx.o(.text)
    DMA1_Stream7_IRQHandler                  0x08000277   Thumb Code     0  startup_stm32f407xx.o(.text)
    DMA2_Stream0_IRQHandler                  0x08000277   Thumb Code     0  startup_stm32f407xx.o(.text)
    DMA2_Stream1_IRQHandler                  0x08000277   Thumb Code     0  startup_stm32f407xx.o(.text)
    DMA2_Stream2_IRQHandler                  0x08000277   Thumb Code     0  startup_stm32f407xx.o(.text)
    DMA2_Stream3_IRQHandler                  0x08000277   Thumb Code     0  startup_stm32f407xx.o(.text)
    DMA2_Stream4_IRQHandler                  0x08000277   Thumb Code     0  startup_stm32f407xx.o(.text)
    DMA2_Stream5_IRQHandler                  0x08000277   Thumb Code     0  startup_stm32f407xx.o(.text)
    DMA2_Stream6_IRQHandler                  0x08000277   Thumb Code     0  startup_stm32f407xx.o(.text)
    DMA2_Stream7_IRQHandler                  0x08000277   Thumb Code     0  startup_stm32f407xx.o(.text)
    ETH_IRQHandler                           0x08000277   Thumb Code     0  startup_stm32f407xx.o(.text)
    ETH_WKUP_IRQHandler                      0x08000277   Thumb Code     0  startup_stm32f407xx.o(.text)
    EXTI0_IRQHandler                         0x08000277   Thumb Code     0  startup_stm32f407xx.o(.text)
    EXTI15_10_IRQHandler                     0x08000277   Thumb Code     0  startup_stm32f407xx.o(.text)
    EXTI1_IRQHandler                         0x08000277   Thumb Code     0  startup_stm32f407xx.o(.text)
    EXTI2_IRQHandler                         0x08000277   Thumb Code     0  startup_stm32f407xx.o(.text)
    EXTI3_IRQHandler                         0x08000277   Thumb Code     0  startup_stm32f407xx.o(.text)
    EXTI4_IRQHandler                         0x08000277   Thumb Code     0  startup_stm32f407xx.o(.text)
    EXTI9_5_IRQHandler                       0x08000277   Thumb Code     0  startup_stm32f407xx.o(.text)
    FLASH_IRQHandler                         0x08000277   Thumb Code     0  startup_stm32f407xx.o(.text)
    FMC_IRQHandler                           0x08000277   Thumb Code     0  startup_stm32f407xx.o(.text)
    FPU_IRQHandler                           0x08000277   Thumb Code     0  startup_stm32f407xx.o(.text)
    HASH_RNG_IRQHandler                      0x08000277   Thumb Code     0  startup_stm32f407xx.o(.text)
    I2C1_ER_IRQHandler                       0x08000277   Thumb Code     0  startup_stm32f407xx.o(.text)
    I2C1_EV_IRQHandler                       0x08000277   Thumb Code     0  startup_stm32f407xx.o(.text)
    I2C2_ER_IRQHandler                       0x08000277   Thumb Code     0  startup_stm32f407xx.o(.text)
    I2C2_EV_IRQHandler                       0x08000277   Thumb Code     0  startup_stm32f407xx.o(.text)
    I2C3_ER_IRQHandler                       0x08000277   Thumb Code     0  startup_stm32f407xx.o(.text)
    I2C3_EV_IRQHandler                       0x08000277   Thumb Code     0  startup_stm32f407xx.o(.text)
    OTG_FS_IRQHandler                        0x08000277   Thumb Code     0  startup_stm32f407xx.o(.text)
    OTG_FS_WKUP_IRQHandler                   0x08000277   Thumb Code     0  startup_stm32f407xx.o(.text)
    OTG_HS_EP1_IN_IRQHandler                 0x08000277   Thumb Code     0  startup_stm32f407xx.o(.text)
    OTG_HS_EP1_OUT_IRQHandler                0x08000277   Thumb Code     0  startup_stm32f407xx.o(.text)
    OTG_HS_IRQHandler                        0x08000277   Thumb Code     0  startup_stm32f407xx.o(.text)
    OTG_HS_WKUP_IRQHandler                   0x08000277   Thumb Code     0  startup_stm32f407xx.o(.text)
    PVD_IRQHandler                           0x08000277   Thumb Code     0  startup_stm32f407xx.o(.text)
    RCC_IRQHandler                           0x08000277   Thumb Code     0  startup_stm32f407xx.o(.text)
    RTC_Alarm_IRQHandler                     0x08000277   Thumb Code     0  startup_stm32f407xx.o(.text)
    RTC_WKUP_IRQHandler                      0x08000277   Thumb Code     0  startup_stm32f407xx.o(.text)
    SDIO_IRQHandler                          0x08000277   Thumb Code     0  startup_stm32f407xx.o(.text)
    SPI1_IRQHandler                          0x08000277   Thumb Code     0  startup_stm32f407xx.o(.text)
    SPI2_IRQHandler                          0x08000277   Thumb Code     0  startup_stm32f407xx.o(.text)
    SPI3_IRQHandler                          0x08000277   Thumb Code     0  startup_stm32f407xx.o(.text)
    TAMP_STAMP_IRQHandler                    0x08000277   Thumb Code     0  startup_stm32f407xx.o(.text)
    TIM1_BRK_TIM9_IRQHandler                 0x08000277   Thumb Code     0  startup_stm32f407xx.o(.text)
    TIM1_CC_IRQHandler                       0x08000277   Thumb Code     0  startup_stm32f407xx.o(.text)
    TIM1_TRG_COM_TIM11_IRQHandler            0x08000277   Thumb Code     0  startup_stm32f407xx.o(.text)
    TIM2_IRQHandler                          0x08000277   Thumb Code     0  startup_stm32f407xx.o(.text)
    TIM3_IRQHandler                          0x08000277   Thumb Code     0  startup_stm32f407xx.o(.text)
    TIM4_IRQHandler                          0x08000277   Thumb Code     0  startup_stm32f407xx.o(.text)
    TIM5_IRQHandler                          0x08000277   Thumb Code     0  startup_stm32f407xx.o(.text)
    TIM6_DAC_IRQHandler                      0x08000277   Thumb Code     0  startup_stm32f407xx.o(.text)
    TIM7_IRQHandler                          0x08000277   Thumb Code     0  startup_stm32f407xx.o(.text)
    TIM8_BRK_TIM12_IRQHandler                0x08000277   Thumb Code     0  startup_stm32f407xx.o(.text)
    TIM8_CC_IRQHandler                       0x08000277   Thumb Code     0  startup_stm32f407xx.o(.text)
    TIM8_TRG_COM_TIM14_IRQHandler            0x08000277   Thumb Code     0  startup_stm32f407xx.o(.text)
    TIM8_UP_TIM13_IRQHandler                 0x08000277   Thumb Code     0  startup_stm32f407xx.o(.text)
    UART4_IRQHandler                         0x08000277   Thumb Code     0  startup_stm32f407xx.o(.text)
    UART5_IRQHandler                         0x08000277   Thumb Code     0  startup_stm32f407xx.o(.text)
    USART1_IRQHandler                        0x08000277   Thumb Code     0  startup_stm32f407xx.o(.text)
    USART2_IRQHandler                        0x08000277   Thumb Code     0  startup_stm32f407xx.o(.text)
    USART3_IRQHandler                        0x08000277   Thumb Code     0  startup_stm32f407xx.o(.text)
    USART6_IRQHandler                        0x08000277   Thumb Code     0  startup_stm32f407xx.o(.text)
    WWDG_IRQHandler                          0x08000277   Thumb Code     0  startup_stm32f407xx.o(.text)
    __aeabi_uldivmod                         0x08000281   Thumb Code    98  uldiv.o(.text)
    __aeabi_memcpy                           0x080002e3   Thumb Code    36  memcpya.o(.text)
    __aeabi_memcpy4                          0x080002e3   Thumb Code     0  memcpya.o(.text)
    __aeabi_memcpy8                          0x080002e3   Thumb Code     0  memcpya.o(.text)
    __aeabi_memset                           0x08000307   Thumb Code    14  memseta.o(.text)
    __aeabi_memset4                          0x08000307   Thumb Code     0  memseta.o(.text)
    __aeabi_memset8                          0x08000307   Thumb Code     0  memseta.o(.text)
    __aeabi_memclr                           0x08000315   Thumb Code     4  memseta.o(.text)
    __aeabi_memclr4                          0x08000315   Thumb Code     0  memseta.o(.text)
    __aeabi_memclr8                          0x08000315   Thumb Code     0  memseta.o(.text)
    memset                                   0x08000319   Thumb Code    18  memseta.o(.text)
    __aeabi_uidiv                            0x0800032b   Thumb Code     0  uidiv.o(.text)
    __aeabi_uidivmod                         0x0800032b   Thumb Code    44  uidiv.o(.text)
    __aeabi_llsl                             0x08000357   Thumb Code    30  llshl.o(.text)
    _ll_shift_l                              0x08000357   Thumb Code     0  llshl.o(.text)
    __aeabi_llsr                             0x08000375   Thumb Code    32  llushr.o(.text)
    _ll_ushift_r                             0x08000375   Thumb Code     0  llushr.o(.text)
    __I$use$fp                               0x08000395   Thumb Code     0  iusefp.o(.text)
    __aeabi_dadd                             0x08000395   Thumb Code   322  dadd.o(.text)
    __aeabi_dsub                             0x080004d7   Thumb Code     6  dadd.o(.text)
    __aeabi_drsub                            0x080004dd   Thumb Code     6  dadd.o(.text)
    __aeabi_dmul                             0x080004e3   Thumb Code   228  dmul.o(.text)
    __aeabi_ddiv                             0x080005c7   Thumb Code   222  ddiv.o(.text)
    __aeabi_d2ulz                            0x080006a5   Thumb Code    48  dfixul.o(.text)
    __aeabi_cdrcmple                         0x080006d5   Thumb Code    48  cdrcmple.o(.text)
    __scatterload                            0x08000705   Thumb Code    28  init.o(.text)
    __scatterload_rt2                        0x08000705   Thumb Code     0  init.o(.text)
    __aeabi_lasr                             0x08000729   Thumb Code    36  llsshr.o(.text)
    _ll_sshift_r                             0x08000729   Thumb Code     0  llsshr.o(.text)
    _double_round                            0x0800074d   Thumb Code    30  depilogue.o(.text)
    _double_epilogue                         0x0800076b   Thumb Code   156  depilogue.o(.text)
    BusFault_Handler                         0x08000807   Thumb Code     2  stm32f4xx_it.o(i.BusFault_Handler)
    CST816T_GetChipID                        0x08000809   Thumb Code    50  cst816t.o(i.CST816T_GetChipID)
    CST816T_Init                             0x08000845   Thumb Code    44  cst816t.o(i.CST816T_Init)
    CST816T_Read_Sensor                      0x08000875   Thumb Code    88  cst816t.o(i.CST816T_Read_Sensor)
    DEV_Module_Init                          0x080008d1   Thumb Code    46  dev_config.o(i.DEV_Module_Init)
    DEV_SPI_WRite                            0x0800090d   Thumb Code    18  dev_config.o(i.DEV_SPI_WRite)
    DebugMon_Handler                         0x08000925   Thumb Code     2  stm32f4xx_it.o(i.DebugMon_Handler)
    Error_Handler                            0x08000927   Thumb Code     4  main.o(i.Error_Handler)
    HAL_Delay                                0x0800092d   Thumb Code    32  stm32f4xx_hal.o(i.HAL_Delay)
    HAL_GPIO_Init                            0x08000951   Thumb Code   450  stm32f4xx_hal_gpio.o(i.HAL_GPIO_Init)
    HAL_GPIO_TogglePin                       0x08000b41   Thumb Code    16  stm32f4xx_hal_gpio.o(i.HAL_GPIO_TogglePin)
    HAL_GPIO_WritePin                        0x08000b51   Thumb Code    10  stm32f4xx_hal_gpio.o(i.HAL_GPIO_WritePin)
    HAL_GetTick                              0x08000b5d   Thumb Code     6  stm32f4xx_hal.o(i.HAL_GetTick)
    HAL_I2C_Init                             0x08000b69   Thumb Code   376  stm32f4xx_hal_i2c.o(i.HAL_I2C_Init)
    HAL_I2C_Master_Receive                   0x08000cf1   Thumb Code   482  stm32f4xx_hal_i2c.o(i.HAL_I2C_Master_Receive)
    HAL_I2C_Master_Transmit                  0x08000ee1   Thumb Code   290  stm32f4xx_hal_i2c.o(i.HAL_I2C_Master_Transmit)
    HAL_I2C_Mem_Read                         0x0800100d   Thumb Code   502  stm32f4xx_hal_i2c.o(i.HAL_I2C_Mem_Read)
    HAL_I2C_MspInit                          0x08001211   Thumb Code    92  i2c.o(i.HAL_I2C_MspInit)
    HAL_IncTick                              0x08001279   Thumb Code    12  stm32f4xx_hal.o(i.HAL_IncTick)
    HAL_Init                                 0x08001289   Thumb Code    48  stm32f4xx_hal.o(i.HAL_Init)
    HAL_InitTick                             0x080012bd   Thumb Code   120  stm32f4xx_hal_timebase_tim.o(i.HAL_InitTick)
    HAL_MspInit                              0x08001349   Thumb Code    52  stm32f4xx_hal_msp.o(i.HAL_MspInit)
    HAL_NVIC_EnableIRQ                       0x08001381   Thumb Code    26  stm32f4xx_hal_cortex.o(i.HAL_NVIC_EnableIRQ)
    HAL_NVIC_SetPriority                     0x0800139d   Thumb Code    60  stm32f4xx_hal_cortex.o(i.HAL_NVIC_SetPriority)
    HAL_NVIC_SetPriorityGrouping             0x080013dd   Thumb Code    26  stm32f4xx_hal_cortex.o(i.HAL_NVIC_SetPriorityGrouping)
    HAL_RCC_ClockConfig                      0x08001401   Thumb Code   288  stm32f4xx_hal_rcc.o(i.HAL_RCC_ClockConfig)
    HAL_RCC_GetClockConfig                   0x08001535   Thumb Code    54  stm32f4xx_hal_rcc.o(i.HAL_RCC_GetClockConfig)
    HAL_RCC_GetPCLK1Freq                     0x08001575   Thumb Code    20  stm32f4xx_hal_rcc.o(i.HAL_RCC_GetPCLK1Freq)
    HAL_RCC_GetPCLK2Freq                     0x08001595   Thumb Code    20  stm32f4xx_hal_rcc.o(i.HAL_RCC_GetPCLK2Freq)
    HAL_RCC_GetSysClockFreq                  0x080015b5   Thumb Code    88  stm32f4xx_hal_rcc.o(i.HAL_RCC_GetSysClockFreq)
    HAL_RCC_OscConfig                        0x08001615   Thumb Code   856  stm32f4xx_hal_rcc.o(i.HAL_RCC_OscConfig)
    HAL_SPI_Init                             0x08001981   Thumb Code   188  stm32f4xx_hal_spi.o(i.HAL_SPI_Init)
    HAL_SPI_MspInit                          0x08001a3d   Thumb Code    92  spi.o(i.HAL_SPI_MspInit)
    HAL_SPI_Transmit                         0x08001aa5   Thumb Code   358  stm32f4xx_hal_spi.o(i.HAL_SPI_Transmit)
    HAL_TIMEx_BreakCallback                  0x08001c0b   Thumb Code     2  stm32f4xx_hal_tim_ex.o(i.HAL_TIMEx_BreakCallback)
    HAL_TIMEx_CommutCallback                 0x08001c0d   Thumb Code     2  stm32f4xx_hal_tim_ex.o(i.HAL_TIMEx_CommutCallback)
    HAL_TIMEx_MasterConfigSynchronization    0x08001c11   Thumb Code   116  stm32f4xx_hal_tim_ex.o(i.HAL_TIMEx_MasterConfigSynchronization)
    HAL_TIM_Base_Init                        0x08001ca1   Thumb Code    90  stm32f4xx_hal_tim.o(i.HAL_TIM_Base_Init)
    HAL_TIM_Base_MspInit                     0x08001cfd   Thumb Code    30  tim.o(i.HAL_TIM_Base_MspInit)
    HAL_TIM_Base_Start_IT                    0x08001d25   Thumb Code   100  stm32f4xx_hal_tim.o(i.HAL_TIM_Base_Start_IT)
    HAL_TIM_ConfigClockSource                0x08001da5   Thumb Code   220  stm32f4xx_hal_tim.o(i.HAL_TIM_ConfigClockSource)
    HAL_TIM_IC_CaptureCallback               0x08001e81   Thumb Code     2  stm32f4xx_hal_tim.o(i.HAL_TIM_IC_CaptureCallback)
    HAL_TIM_IRQHandler                       0x08001e83   Thumb Code   304  stm32f4xx_hal_tim.o(i.HAL_TIM_IRQHandler)
    HAL_TIM_MspPostInit                      0x08001fb5   Thumb Code    68  tim.o(i.HAL_TIM_MspPostInit)
    HAL_TIM_OC_DelayElapsedCallback          0x08002005   Thumb Code     2  stm32f4xx_hal_tim.o(i.HAL_TIM_OC_DelayElapsedCallback)
    HAL_TIM_PWM_ConfigChannel                0x08002007   Thumb Code   204  stm32f4xx_hal_tim.o(i.HAL_TIM_PWM_ConfigChannel)
    HAL_TIM_PWM_Init                         0x080020d3   Thumb Code    90  stm32f4xx_hal_tim.o(i.HAL_TIM_PWM_Init)
    HAL_TIM_PWM_MspInit                      0x0800212d   Thumb Code     2  stm32f4xx_hal_tim.o(i.HAL_TIM_PWM_MspInit)
    HAL_TIM_PWM_PulseFinishedCallback        0x0800212f   Thumb Code     2  stm32f4xx_hal_tim.o(i.HAL_TIM_PWM_PulseFinishedCallback)
    HAL_TIM_PWM_Start                        0x08002131   Thumb Code   172  stm32f4xx_hal_tim.o(i.HAL_TIM_PWM_Start)
    HAL_TIM_PeriodElapsedCallback            0x080021f9   Thumb Code    14  main.o(i.HAL_TIM_PeriodElapsedCallback)
    HAL_TIM_TriggerCallback                  0x0800220d   Thumb Code     2  stm32f4xx_hal_tim.o(i.HAL_TIM_TriggerCallback)
    HAL_UART_Init                            0x0800220f   Thumb Code   100  stm32f4xx_hal_uart.o(i.HAL_UART_Init)
    HAL_UART_MspInit                         0x08002275   Thumb Code    94  usart.o(i.HAL_UART_MspInit)
    HAL_UART_Transmit                        0x080022e1   Thumb Code   160  stm32f4xx_hal_uart.o(i.HAL_UART_Transmit)
    HardFault_Handler                        0x08002381   Thumb Code     2  stm32f4xx_it.o(i.HardFault_Handler)
    LCD_1IN69_Clear                          0x080028a1   Thumb Code    74  lcd_1in69.o(i.LCD_1IN69_Clear)
    LCD_1IN69_Init                           0x080028f5   Thumb Code   100  lcd_1in69.o(i.LCD_1IN69_Init)
    LCD_1IN69_SetBackLight                   0x08002b41   Thumb Code     8  lcd_1in69.o(i.LCD_1IN69_SetBackLight)
    LCD_1IN69_SetWindows                     0x08002b4d   Thumb Code   162  lcd_1in69.o(i.LCD_1IN69_SetWindows)
    LCD_Fill                                 0x08002bf5   Thumb Code    76  lcd_1in69.o(i.LCD_Fill)
    LCD_Proc                                 0x08002c45   Thumb Code   100  freertos.o(i.LCD_Proc)
    MX_FREERTOS_Init                         0x08002cad   Thumb Code    78  freertos.o(i.MX_FREERTOS_Init)
    MX_GPIO_Init                             0x08002d39   Thumb Code   204  gpio.o(i.MX_GPIO_Init)
    MX_I2C1_Init                             0x08002e15   Thumb Code    50  i2c.o(i.MX_I2C1_Init)
    MX_SPI1_Init                             0x08002e55   Thumb Code    64  spi.o(i.MX_SPI1_Init)
    MX_TIM3_Init                             0x08002e9d   Thumb Code   148  tim.o(i.MX_TIM3_Init)
    MX_USART1_UART_Init                      0x08002f39   Thumb Code    48  usart.o(i.MX_USART1_UART_Init)
    MemManage_Handler                        0x08002f71   Thumb Code     2  stm32f4xx_it.o(i.MemManage_Handler)
    NMI_Handler                              0x08002f73   Thumb Code     2  stm32f4xx_it.o(i.NMI_Handler)
    StartDefaultTask                         0x0800309d   Thumb Code     8  freertos.o(i.StartDefaultTask)
    SysTick_Handler                          0x080030a5   Thumb Code    26  cmsis_os2.o(i.SysTick_Handler)
    SystemClock_Config                       0x080030c1   Thumb Code   138  main.o(i.SystemClock_Config)
    SystemInit                               0x08003155   Thumb Code    12  system_stm32f4xx.o(i.SystemInit)
    TCH_Proc                                 0x08003165   Thumb Code   104  freertos.o(i.TCH_Proc)
    TIM1_UP_TIM10_IRQHandler                 0x080031ed   Thumb Code     6  stm32f4xx_it.o(i.TIM1_UP_TIM10_IRQHandler)
    TIM_Base_SetConfig                       0x080031f9   Thumb Code   164  stm32f4xx_hal_tim.o(i.TIM_Base_SetConfig)
    TIM_CCxChannelCmd                        0x080032c9   Thumb Code    26  stm32f4xx_hal_tim.o(i.TIM_CCxChannelCmd)
    TIM_ETR_SetConfig                        0x080032e3   Thumb Code    20  stm32f4xx_hal_tim.o(i.TIM_ETR_SetConfig)
    TIM_OC2_SetConfig                        0x08003369   Thumb Code    98  stm32f4xx_hal_tim.o(i.TIM_OC2_SetConfig)
    UsageFault_Handler                       0x0800369f   Thumb Code     2  stm32f4xx_it.o(i.UsageFault_Handler)
    __0sprintf                               0x080036a1   Thumb Code    34  printfa.o(i.__0sprintf)
    __1sprintf                               0x080036a1   Thumb Code     0  printfa.o(i.__0sprintf)
    __2sprintf                               0x080036a1   Thumb Code     0  printfa.o(i.__0sprintf)
    __c89sprintf                             0x080036a1   Thumb Code     0  printfa.o(i.__0sprintf)
    sprintf                                  0x080036a1   Thumb Code     0  printfa.o(i.__0sprintf)
    __scatterload_copy                       0x080036e9   Thumb Code    14  handlers.o(i.__scatterload_copy)
    __scatterload_null                       0x080036f7   Thumb Code     2  handlers.o(i.__scatterload_null)
    __scatterload_zeroinit                   0x080036f9   Thumb Code    14  handlers.o(i.__scatterload_zeroinit)
    led_proc                                 0x08003fc5   Thumb Code    26  freertos.o(i.led_proc)
    main                                     0x08003fe5   Thumb Code    50  main.o(i.main)
    osDelay                                  0x0800401d   Thumb Code    26  cmsis_os2.o(i.osDelay)
    osKernelInitialize                       0x08004039   Thumb Code    32  cmsis_os2.o(i.osKernelInitialize)
    osKernelStart                            0x0800405d   Thumb Code    48  cmsis_os2.o(i.osKernelStart)
    osThreadNew                              0x08004095   Thumb Code   138  cmsis_os2.o(i.osThreadNew)
    pvPortMalloc                             0x080048b5   Thumb Code   216  heap_4.o(i.pvPortMalloc)
    pxPortInitialiseStack                    0x08004991   Thumb Code    40  port.o(i.pxPortInitialiseStack)
    uxListRemove                             0x080049bd   Thumb Code    38  list.o(i.uxListRemove)
    vApplicationGetIdleTaskMemory            0x080049e5   Thumb Code    16  cmsis_os2.o(i.vApplicationGetIdleTaskMemory)
    vApplicationGetTimerTaskMemory           0x080049f9   Thumb Code    18  cmsis_os2.o(i.vApplicationGetTimerTaskMemory)
    vListInitialise                          0x08004a11   Thumb Code    22  list.o(i.vListInitialise)
    vListInitialiseItem                      0x08004a27   Thumb Code     6  list.o(i.vListInitialiseItem)
    vListInsert                              0x08004a2d   Thumb Code    48  list.o(i.vListInsert)
    vListInsertEnd                           0x08004a5d   Thumb Code    24  list.o(i.vListInsertEnd)
    vPortEnterCritical                       0x08004a75   Thumb Code    54  port.o(i.vPortEnterCritical)
    vPortExitCritical                        0x08004ab5   Thumb Code    34  port.o(i.vPortExitCritical)
    vPortFree                                0x08004add   Thumb Code    94  heap_4.o(i.vPortFree)
    vPortSetupTimerInterrupt                 0x08004b41   Thumb Code    32  port.o(i.vPortSetupTimerInterrupt)
    vPortValidateInterruptPriority           0x08004b65   Thumb Code    74  port.o(i.vPortValidateInterruptPriority)
    vQueueAddToRegistry                      0x08004bb9   Thumb Code    34  queue.o(i.vQueueAddToRegistry)
    vQueueWaitForMessageRestricted           0x08004be1   Thumb Code    68  queue.o(i.vQueueWaitForMessageRestricted)
    vTaskDelay                               0x08004c25   Thumb Code    66  tasks.o(i.vTaskDelay)
    vTaskInternalSetTimeOutState             0x08004c71   Thumb Code    12  tasks.o(i.vTaskInternalSetTimeOutState)
    vTaskMissedYield                         0x08004c81   Thumb Code     8  tasks.o(i.vTaskMissedYield)
    vTaskPlaceOnEventList                    0x08004c8d   Thumb Code    44  tasks.o(i.vTaskPlaceOnEventList)
    vTaskPlaceOnEventListRestricted          0x08004cbd   Thumb Code    52  tasks.o(i.vTaskPlaceOnEventListRestricted)
    vTaskStartScheduler                      0x08004cf5   Thumb Code   118  tasks.o(i.vTaskStartScheduler)
    vTaskSuspendAll                          0x08004d7d   Thumb Code    10  tasks.o(i.vTaskSuspendAll)
    vTaskSwitchContext                       0x08004d8d   Thumb Code    90  tasks.o(i.vTaskSwitchContext)
    xPortStartScheduler                      0x08004df1   Thumb Code   222  port.o(i.xPortStartScheduler)
    xPortSysTickHandler                      0x08004ee5   Thumb Code    38  port.o(i.xPortSysTickHandler)
    xQueueGenericCreateStatic                0x08004f11   Thumb Code   102  queue.o(i.xQueueGenericCreateStatic)
    xQueueGenericReset                       0x08004f79   Thumb Code   132  queue.o(i.xQueueGenericReset)
    xQueueGenericSend                        0x08005001   Thumb Code   346  queue.o(i.xQueueGenericSend)
    xQueueGenericSendFromISR                 0x08005161   Thumb Code   190  queue.o(i.xQueueGenericSendFromISR)
    xQueueReceive                            0x08005221   Thumb Code   308  queue.o(i.xQueueReceive)
    xTaskCheckForTimeOut                     0x08005359   Thumb Code   112  tasks.o(i.xTaskCheckForTimeOut)
    xTaskCreate                              0x080053cd   Thumb Code    90  tasks.o(i.xTaskCreate)
    xTaskCreateStatic                        0x08005427   Thumb Code    86  tasks.o(i.xTaskCreateStatic)
    xTaskGetSchedulerState                   0x0800547d   Thumb Code    22  tasks.o(i.xTaskGetSchedulerState)
    xTaskGetTickCount                        0x08005499   Thumb Code     6  tasks.o(i.xTaskGetTickCount)
    xTaskIncrementTick                       0x080054a5   Thumb Code   192  tasks.o(i.xTaskIncrementTick)
    xTaskPriorityDisinherit                  0x0800556d   Thumb Code   118  tasks.o(i.xTaskPriorityDisinherit)
    xTaskRemoveFromEventList                 0x080055ed   Thumb Code    98  tasks.o(i.xTaskRemoveFromEventList)
    xTaskResumeAll                           0x0800565d   Thumb Code   182  tasks.o(i.xTaskResumeAll)
    xTimerCreateTimerTask                    0x08005721   Thumb Code    78  timers.o(i.xTimerCreateTimerTask)
    xTimerGenericCommand                     0x08005781   Thumb Code    98  timers.o(i.xTimerGenericCommand)
    defaultTask_attributes                   0x080057e8   Data          36  freertos.o(.constdata)
    AHBPrescTable                            0x08005818   Data          16  system_stm32f4xx.o(.constdata)
    APBPrescTable                            0x08005828   Data           8  system_stm32f4xx.o(.constdata)
    Region$$Table$$Base                      0x0800583c   Number         0  anon$$obj.o(Region$$Table)
    Region$$Table$$Limit                     0x0800585c   Number         0  anon$$obj.o(Region$$Table)
    defaultTaskHandle                        0x20000000   Data           4  freertos.o(.data)
    uwTickFreq                               0x20000004   Data           1  stm32f4xx_hal.o(.data)
    uwTickPrio                               0x20000008   Data           4  stm32f4xx_hal.o(.data)
    uwTick                                   0x2000000c   Data           4  stm32f4xx_hal.o(.data)
    SystemCoreClock                          0x20000010   Data           4  system_stm32f4xx.o(.data)
    LCD_1IN69                                0x20000014   Data           6  lcd_1in69.o(.data)
    pxCurrentTCB                             0x2000001c   Data           4  tasks.o(.data)
    hi2c1                                    0x2000009c   Data          84  i2c.o(.bss)
    hspi1                                    0x200000f0   Data          88  spi.o(.bss)
    htim3                                    0x20000148   Data          72  tim.o(.bss)
    huart1                                   0x20000190   Data          72  usart.o(.bss)
    htim1                                    0x200001d8   Data          72  stm32f4xx_hal_timebase_tim.o(.bss)
    xQueueRegistry                           0x20000220   Data          64  queue.o(.bss)
    __initial_sp                             0x20004ef8   Data           0  startup_stm32f407xx.o(STACK)



==============================================================================

Memory Map of the image

  Image Entry point : 0x08000189

  Load Region LR_IROM1 (Base: 0x08000000, Size: 0x000058f8, Max: 0x00100000, ABSOLUTE)

    Execution Region ER_IROM1 (Exec base: 0x08000000, Load base: 0x08000000, Size: 0x0000585c, Max: 0x00100000, ABSOLUTE)

    Exec Addr    Load Addr    Size         Type   Attr      Idx    E Section Name        Object

    0x08000000   0x08000000   0x00000188   Data   RO            3    RESET               startup_stm32f407xx.o
    0x08000188   0x08000188   0x00000000   Code   RO         6186  * .ARM.Collect$$$$00000000  mc_w.l(entry.o)
    0x08000188   0x08000188   0x00000004   Code   RO         6490    .ARM.Collect$$$$00000001  mc_w.l(entry2.o)
    0x0800018c   0x0800018c   0x00000004   Code   RO         6493    .ARM.Collect$$$$00000004  mc_w.l(entry5.o)
    0x08000190   0x08000190   0x00000000   Code   RO         6495    .ARM.Collect$$$$00000008  mc_w.l(entry7b.o)
    0x08000190   0x08000190   0x00000000   Code   RO         6497    .ARM.Collect$$$$0000000A  mc_w.l(entry8b.o)
    0x08000190   0x08000190   0x00000008   Code   RO         6498    .ARM.Collect$$$$0000000B  mc_w.l(entry9a.o)
    0x08000198   0x08000198   0x00000000   Code   RO         6500    .ARM.Collect$$$$0000000D  mc_w.l(entry10a.o)
    0x08000198   0x08000198   0x00000000   Code   RO         6502    .ARM.Collect$$$$0000000F  mc_w.l(entry11a.o)
    0x08000198   0x08000198   0x00000004   Code   RO         6491    .ARM.Collect$$$$00002712  mc_w.l(entry2.o)
    0x0800019c   0x0800019c   0x000000be   Code   RO         6109    .emb_text           port.o
    0x0800025a   0x0800025a   0x00000002   PAD
    0x0800025c   0x0800025c   0x00000024   Code   RO            4    .text               startup_stm32f407xx.o
    0x08000280   0x08000280   0x00000062   Code   RO         6189    .text               mc_w.l(uldiv.o)
    0x080002e2   0x080002e2   0x00000024   Code   RO         6191    .text               mc_w.l(memcpya.o)
    0x08000306   0x08000306   0x00000024   Code   RO         6195    .text               mc_w.l(memseta.o)
    0x0800032a   0x0800032a   0x0000002c   Code   RO         6507    .text               mc_w.l(uidiv.o)
    0x08000356   0x08000356   0x0000001e   Code   RO         6509    .text               mc_w.l(llshl.o)
    0x08000374   0x08000374   0x00000020   Code   RO         6511    .text               mc_w.l(llushr.o)
    0x08000394   0x08000394   0x00000000   Code   RO         6515    .text               mc_w.l(iusefp.o)
    0x08000394   0x08000394   0x0000014e   Code   RO         6516    .text               mf_w.l(dadd.o)
    0x080004e2   0x080004e2   0x000000e4   Code   RO         6518    .text               mf_w.l(dmul.o)
    0x080005c6   0x080005c6   0x000000de   Code   RO         6520    .text               mf_w.l(ddiv.o)
    0x080006a4   0x080006a4   0x00000030   Code   RO         6522    .text               mf_w.l(dfixul.o)
    0x080006d4   0x080006d4   0x00000030   Code   RO         6524    .text               mf_w.l(cdrcmple.o)
    0x08000704   0x08000704   0x00000024   Code   RO         6526    .text               mc_w.l(init.o)
    0x08000728   0x08000728   0x00000024   Code   RO         6529    .text               mc_w.l(llsshr.o)
    0x0800074c   0x0800074c   0x000000ba   Code   RO         6532    .text               mf_w.l(depilogue.o)
    0x08000806   0x08000806   0x00000002   Code   RO          507    i.BusFault_Handler  stm32f4xx_it.o
    0x08000808   0x08000808   0x0000003c   Code   RO         4368    i.CST816T_GetChipID  cst816t.o
    0x08000844   0x08000844   0x00000030   Code   RO         4373    i.CST816T_Init      cst816t.o
    0x08000874   0x08000874   0x0000005c   Code   RO         4374    i.CST816T_Read_Sensor  cst816t.o
    0x080008d0   0x080008d0   0x0000003c   Code   RO         3936    i.DEV_Module_Init   dev_config.o
    0x0800090c   0x0800090c   0x00000018   Code   RO         3937    i.DEV_SPI_WRite     dev_config.o
    0x08000924   0x08000924   0x00000002   Code   RO          508    i.DebugMon_Handler  stm32f4xx_it.o
    0x08000926   0x08000926   0x00000004   Code   RO           13    i.Error_Handler     main.o
    0x0800092a   0x0800092a   0x00000002   PAD
    0x0800092c   0x0800092c   0x00000024   Code   RO         2506    i.HAL_Delay         stm32f4xx_hal.o
    0x08000950   0x08000950   0x000001f0   Code   RO         1962    i.HAL_GPIO_Init     stm32f4xx_hal_gpio.o
    0x08000b40   0x08000b40   0x00000010   Code   RO         1965    i.HAL_GPIO_TogglePin  stm32f4xx_hal_gpio.o
    0x08000b50   0x08000b50   0x0000000a   Code   RO         1966    i.HAL_GPIO_WritePin  stm32f4xx_hal_gpio.o
    0x08000b5a   0x08000b5a   0x00000002   PAD
    0x08000b5c   0x08000b5c   0x0000000c   Code   RO         2512    i.HAL_GetTick       stm32f4xx_hal.o
    0x08000b68   0x08000b68   0x00000188   Code   RO         2768    i.HAL_I2C_Init      stm32f4xx_hal_i2c.o
    0x08000cf0   0x08000cf0   0x000001f0   Code   RO         2774    i.HAL_I2C_Master_Receive  stm32f4xx_hal_i2c.o
    0x08000ee0   0x08000ee0   0x0000012c   Code   RO         2781    i.HAL_I2C_Master_Transmit  stm32f4xx_hal_i2c.o
    0x0800100c   0x0800100c   0x00000204   Code   RO         2786    i.HAL_I2C_Mem_Read  stm32f4xx_hal_i2c.o
    0x08001210   0x08001210   0x00000068   Code   RO          334    i.HAL_I2C_MspInit   i2c.o
    0x08001278   0x08001278   0x00000010   Code   RO         2518    i.HAL_IncTick       stm32f4xx_hal.o
    0x08001288   0x08001288   0x00000034   Code   RO         2519    i.HAL_Init          stm32f4xx_hal.o
    0x080012bc   0x080012bc   0x0000008c   Code   RO          595    i.HAL_InitTick      stm32f4xx_hal_timebase_tim.o
    0x08001348   0x08001348   0x00000038   Code   RO          571    i.HAL_MspInit       stm32f4xx_hal_msp.o
    0x08001380   0x08001380   0x0000001a   Code   RO         2354    i.HAL_NVIC_EnableIRQ  stm32f4xx_hal_cortex.o
    0x0800139a   0x0800139a   0x00000002   PAD
    0x0800139c   0x0800139c   0x00000040   Code   RO         2360    i.HAL_NVIC_SetPriority  stm32f4xx_hal_cortex.o
    0x080013dc   0x080013dc   0x00000024   Code   RO         2361    i.HAL_NVIC_SetPriorityGrouping  stm32f4xx_hal_cortex.o
    0x08001400   0x08001400   0x00000134   Code   RO         1608    i.HAL_RCC_ClockConfig  stm32f4xx_hal_rcc.o
    0x08001534   0x08001534   0x00000040   Code   RO         1612    i.HAL_RCC_GetClockConfig  stm32f4xx_hal_rcc.o
    0x08001574   0x08001574   0x00000020   Code   RO         1615    i.HAL_RCC_GetPCLK1Freq  stm32f4xx_hal_rcc.o
    0x08001594   0x08001594   0x00000020   Code   RO         1616    i.HAL_RCC_GetPCLK2Freq  stm32f4xx_hal_rcc.o
    0x080015b4   0x080015b4   0x00000060   Code   RO         1617    i.HAL_RCC_GetSysClockFreq  stm32f4xx_hal_rcc.o
    0x08001614   0x08001614   0x0000036c   Code   RO         1620    i.HAL_RCC_OscConfig  stm32f4xx_hal_rcc.o
    0x08001980   0x08001980   0x000000bc   Code   RO         3223    i.HAL_SPI_Init      stm32f4xx_hal_spi.o
    0x08001a3c   0x08001a3c   0x00000068   Code   RO          376    i.HAL_SPI_MspInit   spi.o
    0x08001aa4   0x08001aa4   0x00000166   Code   RO         3231    i.HAL_SPI_Transmit  stm32f4xx_hal_spi.o
    0x08001c0a   0x08001c0a   0x00000002   Code   RO         1340    i.HAL_TIMEx_BreakCallback  stm32f4xx_hal_tim_ex.o
    0x08001c0c   0x08001c0c   0x00000002   Code   RO         1341    i.HAL_TIMEx_CommutCallback  stm32f4xx_hal_tim_ex.o
    0x08001c0e   0x08001c0e   0x00000002   PAD
    0x08001c10   0x08001c10   0x00000090   Code   RO         1359    i.HAL_TIMEx_MasterConfigSynchronization  stm32f4xx_hal_tim_ex.o
    0x08001ca0   0x08001ca0   0x0000005a   Code   RO          636    i.HAL_TIM_Base_Init  stm32f4xx_hal_tim.o
    0x08001cfa   0x08001cfa   0x00000002   PAD
    0x08001cfc   0x08001cfc   0x00000028   Code   RO          418    i.HAL_TIM_Base_MspInit  tim.o
    0x08001d24   0x08001d24   0x00000080   Code   RO          641    i.HAL_TIM_Base_Start_IT  stm32f4xx_hal_tim.o
    0x08001da4   0x08001da4   0x000000dc   Code   RO          645    i.HAL_TIM_ConfigClockSource  stm32f4xx_hal_tim.o
    0x08001e80   0x08001e80   0x00000002   Code   RO          670    i.HAL_TIM_IC_CaptureCallback  stm32f4xx_hal_tim.o
    0x08001e82   0x08001e82   0x00000130   Code   RO          684    i.HAL_TIM_IRQHandler  stm32f4xx_hal_tim.o
    0x08001fb2   0x08001fb2   0x00000002   PAD
    0x08001fb4   0x08001fb4   0x00000050   Code   RO          419    i.HAL_TIM_MspPostInit  tim.o
    0x08002004   0x08002004   0x00000002   Code   RO          687    i.HAL_TIM_OC_DelayElapsedCallback  stm32f4xx_hal_tim.o
    0x08002006   0x08002006   0x000000cc   Code   RO          708    i.HAL_TIM_PWM_ConfigChannel  stm32f4xx_hal_tim.o
    0x080020d2   0x080020d2   0x0000005a   Code   RO          711    i.HAL_TIM_PWM_Init  stm32f4xx_hal_tim.o
    0x0800212c   0x0800212c   0x00000002   Code   RO          713    i.HAL_TIM_PWM_MspInit  stm32f4xx_hal_tim.o
    0x0800212e   0x0800212e   0x00000002   Code   RO          714    i.HAL_TIM_PWM_PulseFinishedCallback  stm32f4xx_hal_tim.o
    0x08002130   0x08002130   0x000000c8   Code   RO          716    i.HAL_TIM_PWM_Start  stm32f4xx_hal_tim.o
    0x080021f8   0x080021f8   0x00000014   Code   RO           14    i.HAL_TIM_PeriodElapsedCallback  main.o
    0x0800220c   0x0800220c   0x00000002   Code   RO          727    i.HAL_TIM_TriggerCallback  stm32f4xx_hal_tim.o
    0x0800220e   0x0800220e   0x00000064   Code   RO         3564    i.HAL_UART_Init     stm32f4xx_hal_uart.o
    0x08002272   0x08002272   0x00000002   PAD
    0x08002274   0x08002274   0x0000006c   Code   RO          466    i.HAL_UART_MspInit  usart.o
    0x080022e0   0x080022e0   0x000000a0   Code   RO         3572    i.HAL_UART_Transmit  stm32f4xx_hal_uart.o
    0x08002380   0x08002380   0x00000002   Code   RO          509    i.HardFault_Handler  stm32f4xx_it.o
    0x08002382   0x08002382   0x0000002e   Code   RO         2811    i.I2C_IsAcknowledgeFailed  stm32f4xx_hal_i2c.o
    0x080023b0   0x080023b0   0x000000ec   Code   RO         2814    i.I2C_MasterRequestRead  stm32f4xx_hal_i2c.o
    0x0800249c   0x0800249c   0x0000009c   Code   RO         2815    i.I2C_MasterRequestWrite  stm32f4xx_hal_i2c.o
    0x08002538   0x08002538   0x000000fc   Code   RO         2821    i.I2C_RequestMemoryRead  stm32f4xx_hal_i2c.o
    0x08002634   0x08002634   0x00000056   Code   RO         2826    i.I2C_WaitOnBTFFlagUntilTimeout  stm32f4xx_hal_i2c.o
    0x0800268a   0x0800268a   0x00000002   PAD
    0x0800268c   0x0800268c   0x00000090   Code   RO         2827    i.I2C_WaitOnFlagUntilTimeout  stm32f4xx_hal_i2c.o
    0x0800271c   0x0800271c   0x000000bc   Code   RO         2828    i.I2C_WaitOnMasterAddressFlagUntilTimeout  stm32f4xx_hal_i2c.o
    0x080027d8   0x080027d8   0x00000070   Code   RO         2829    i.I2C_WaitOnRXNEFlagUntilTimeout  stm32f4xx_hal_i2c.o
    0x08002848   0x08002848   0x00000056   Code   RO         2830    i.I2C_WaitOnTXEFlagUntilTimeout  stm32f4xx_hal_i2c.o
    0x0800289e   0x0800289e   0x00000002   PAD
    0x080028a0   0x080028a0   0x00000054   Code   RO         4003    i.LCD_1IN69_Clear   lcd_1in69.o
    0x080028f4   0x080028f4   0x0000006c   Code   RO         4007    i.LCD_1IN69_Init    lcd_1in69.o
    0x08002960   0x08002960   0x00000198   Code   RO         4008    i.LCD_1IN69_InitReg  lcd_1in69.o
    0x08002af8   0x08002af8   0x0000002c   Code   RO         4009    i.LCD_1IN69_SendCommand  lcd_1in69.o
    0x08002b24   0x08002b24   0x0000001c   Code   RO         4010    i.LCD_1IN69_SendData_8Bit  lcd_1in69.o
    0x08002b40   0x08002b40   0x0000000c   Code   RO         4011    i.LCD_1IN69_SetBackLight  lcd_1in69.o
    0x08002b4c   0x08002b4c   0x000000a8   Code   RO         4012    i.LCD_1IN69_SetWindows  lcd_1in69.o
    0x08002bf4   0x08002bf4   0x00000050   Code   RO         4013    i.LCD_Fill          lcd_1in69.o
    0x08002c44   0x08002c44   0x00000068   Code   RO          272    i.LCD_Proc          freertos.o
    0x08002cac   0x08002cac   0x0000008c   Code   RO          273    i.MX_FREERTOS_Init  freertos.o
    0x08002d38   0x08002d38   0x000000dc   Code   RO          248    i.MX_GPIO_Init      gpio.o
    0x08002e14   0x08002e14   0x00000040   Code   RO          335    i.MX_I2C1_Init      i2c.o
    0x08002e54   0x08002e54   0x00000048   Code   RO          377    i.MX_SPI1_Init      spi.o
    0x08002e9c   0x08002e9c   0x0000009c   Code   RO          420    i.MX_TIM3_Init      tim.o
    0x08002f38   0x08002f38   0x00000038   Code   RO          467    i.MX_USART1_UART_Init  usart.o
    0x08002f70   0x08002f70   0x00000002   Code   RO          510    i.MemManage_Handler  stm32f4xx_it.o
    0x08002f72   0x08002f72   0x00000002   Code   RO          511    i.NMI_Handler       stm32f4xx_it.o
    0x08002f74   0x08002f74   0x0000006c   Code   RO         3261    i.SPI_EndRxTxTransaction  stm32f4xx_hal_spi.o
    0x08002fe0   0x08002fe0   0x000000bc   Code   RO         3266    i.SPI_WaitFlagStateUntilTimeout  stm32f4xx_hal_spi.o
    0x0800309c   0x0800309c   0x00000008   Code   RO          274    i.StartDefaultTask  freertos.o
    0x080030a4   0x080030a4   0x0000001a   Code   RO         5541    i.SysTick_Handler   cmsis_os2.o
    0x080030be   0x080030be   0x00000002   PAD
    0x080030c0   0x080030c0   0x00000094   Code   RO           15    i.SystemClock_Config  main.o
    0x08003154   0x08003154   0x00000010   Code   RO         3898    i.SystemInit        system_stm32f4xx.o
    0x08003164   0x08003164   0x00000088   Code   RO          275    i.TCH_Proc          freertos.o
    0x080031ec   0x080031ec   0x0000000c   Code   RO          512    i.TIM1_UP_TIM10_IRQHandler  stm32f4xx_it.o
    0x080031f8   0x080031f8   0x000000d0   Code   RO          729    i.TIM_Base_SetConfig  stm32f4xx_hal_tim.o
    0x080032c8   0x080032c8   0x0000001a   Code   RO          730    i.TIM_CCxChannelCmd  stm32f4xx_hal_tim.o
    0x080032e2   0x080032e2   0x00000014   Code   RO          740    i.TIM_ETR_SetConfig  stm32f4xx_hal_tim.o
    0x080032f6   0x080032f6   0x00000010   Code   RO          741    i.TIM_ITRx_SetConfig  stm32f4xx_hal_tim.o
    0x08003306   0x08003306   0x00000002   PAD
    0x08003308   0x08003308   0x00000060   Code   RO          742    i.TIM_OC1_SetConfig  stm32f4xx_hal_tim.o
    0x08003368   0x08003368   0x0000006c   Code   RO          743    i.TIM_OC2_SetConfig  stm32f4xx_hal_tim.o
    0x080033d4   0x080033d4   0x00000068   Code   RO          744    i.TIM_OC3_SetConfig  stm32f4xx_hal_tim.o
    0x0800343c   0x0800343c   0x00000050   Code   RO          745    i.TIM_OC4_SetConfig  stm32f4xx_hal_tim.o
    0x0800348c   0x0800348c   0x00000022   Code   RO          747    i.TIM_TI1_ConfigInputStage  stm32f4xx_hal_tim.o
    0x080034ae   0x080034ae   0x00000024   Code   RO          749    i.TIM_TI2_ConfigInputStage  stm32f4xx_hal_tim.o
    0x080034d2   0x080034d2   0x0000004e   Code   RO         3587    i.UART_EndRxTransfer  stm32f4xx_hal_uart.o
    0x08003520   0x08003520   0x0000010c   Code   RO         3590    i.UART_SetConfig    stm32f4xx_hal_uart.o
    0x0800362c   0x0800362c   0x00000072   Code   RO         3593    i.UART_WaitOnFlagUntilTimeout  stm32f4xx_hal_uart.o
    0x0800369e   0x0800369e   0x00000002   Code   RO          513    i.UsageFault_Handler  stm32f4xx_it.o
    0x080036a0   0x080036a0   0x00000028   Code   RO         6436    i.__0sprintf        mc_w.l(printfa.o)
    0x080036c8   0x080036c8   0x00000020   Code   RO         2367    i.__NVIC_SetPriority  stm32f4xx_hal_cortex.o
    0x080036e8   0x080036e8   0x0000000e   Code   RO         6536    i.__scatterload_copy  mc_w.l(handlers.o)
    0x080036f6   0x080036f6   0x00000002   Code   RO         6537    i.__scatterload_null  mc_w.l(handlers.o)
    0x080036f8   0x080036f8   0x0000000e   Code   RO         6538    i.__scatterload_zeroinit  mc_w.l(handlers.o)
    0x08003706   0x08003706   0x00000002   PAD
    0x08003708   0x08003708   0x00000184   Code   RO         6441    i._fp_digits        mc_w.l(printfa.o)
    0x0800388c   0x0800388c   0x000006dc   Code   RO         6442    i._printf_core      mc_w.l(printfa.o)
    0x08003f68   0x08003f68   0x00000024   Code   RO         6443    i._printf_post_padding  mc_w.l(printfa.o)
    0x08003f8c   0x08003f8c   0x0000002e   Code   RO         6444    i._printf_pre_padding  mc_w.l(printfa.o)
    0x08003fba   0x08003fba   0x0000000a   Code   RO         6446    i._sputc            mc_w.l(printfa.o)
    0x08003fc4   0x08003fc4   0x00000020   Code   RO          276    i.led_proc          freertos.o
    0x08003fe4   0x08003fe4   0x00000038   Code   RO           16    i.main              main.o
    0x0800401c   0x0800401c   0x0000001a   Code   RO         5543    i.osDelay           cmsis_os2.o
    0x08004036   0x08004036   0x00000002   PAD
    0x08004038   0x08004038   0x00000024   Code   RO         5557    i.osKernelInitialize  cmsis_os2.o
    0x0800405c   0x0800405c   0x00000038   Code   RO         5560    i.osKernelStart     cmsis_os2.o
    0x08004094   0x08004094   0x0000008a   Code   RO         5602    i.osThreadNew       cmsis_os2.o
    0x0800411e   0x0800411e   0x00000002   PAD
    0x08004120   0x08004120   0x0000005c   Code   RO         5002    i.prvAddCurrentTaskToDelayedList  tasks.o
    0x0800417c   0x0800417c   0x000000d0   Code   RO         5003    i.prvAddNewTaskToReadyList  tasks.o
    0x0800424c   0x0800424c   0x00000058   Code   RO         5367    i.prvCheckForValidListAndQueue  timers.o
    0x080042a4   0x080042a4   0x00000026   Code   RO         4599    i.prvCopyDataFromQueue  queue.o
    0x080042ca   0x080042ca   0x0000006c   Code   RO         4600    i.prvCopyDataToQueue  queue.o
    0x08004336   0x08004336   0x00000034   Code   RO         5004    i.prvDeleteTCB      tasks.o
    0x0800436a   0x0800436a   0x00000002   PAD
    0x0800436c   0x0800436c   0x0000004c   Code   RO         6054    i.prvHeapInit       heap_4.o
    0x080043b8   0x080043b8   0x00000060   Code   RO         5005    i.prvIdleTask       tasks.o
    0x08004418   0x08004418   0x00000022   Code   RO         4602    i.prvInitialiseNewQueue  queue.o
    0x0800443a   0x0800443a   0x00000002   PAD
    0x0800443c   0x0800443c   0x000000b0   Code   RO         5006    i.prvInitialiseNewTask  tasks.o
    0x080044ec   0x080044ec   0x0000004c   Code   RO         6055    i.prvInsertBlockIntoFreeList  heap_4.o
    0x08004538   0x08004538   0x00000038   Code   RO         5369    i.prvInsertTimerInActiveList  timers.o
    0x08004570   0x08004570   0x0000001c   Code   RO         4603    i.prvIsQueueEmpty   queue.o
    0x0800458c   0x0800458c   0x000000fc   Code   RO         5370    i.prvProcessReceivedCommands  timers.o
    0x08004688   0x08004688   0x000000c0   Code   RO         5371    i.prvProcessTimerOrBlockTask  timers.o
    0x08004748   0x08004748   0x00000020   Code   RO         5008    i.prvResetNextTaskUnblockTime  tasks.o
    0x08004768   0x08004768   0x00000028   Code   RO         5372    i.prvSampleTimeNow  timers.o
    0x08004790   0x08004790   0x0000006c   Code   RO         5373    i.prvSwitchTimerLists  timers.o
    0x080047fc   0x080047fc   0x00000028   Code   RO         6110    i.prvTaskExitError  port.o
    0x08004824   0x08004824   0x00000024   Code   RO         5374    i.prvTimerTask      timers.o
    0x08004848   0x08004848   0x0000006a   Code   RO         4604    i.prvUnlockQueue    queue.o
    0x080048b2   0x080048b2   0x00000002   PAD
    0x080048b4   0x080048b4   0x000000dc   Code   RO         6056    i.pvPortMalloc      heap_4.o
    0x08004990   0x08004990   0x0000002c   Code   RO         6111    i.pxPortInitialiseStack  port.o
    0x080049bc   0x080049bc   0x00000026   Code   RO         4559    i.uxListRemove      list.o
    0x080049e2   0x080049e2   0x00000002   PAD
    0x080049e4   0x080049e4   0x00000014   Code   RO         5614    i.vApplicationGetIdleTaskMemory  cmsis_os2.o
    0x080049f8   0x080049f8   0x00000018   Code   RO         5615    i.vApplicationGetTimerTaskMemory  cmsis_os2.o
    0x08004a10   0x08004a10   0x00000016   Code   RO         4560    i.vListInitialise   list.o
    0x08004a26   0x08004a26   0x00000006   Code   RO         4561    i.vListInitialiseItem  list.o
    0x08004a2c   0x08004a2c   0x00000030   Code   RO         4562    i.vListInsert       list.o
    0x08004a5c   0x08004a5c   0x00000018   Code   RO         4563    i.vListInsertEnd    list.o
    0x08004a74   0x08004a74   0x00000040   Code   RO         6113    i.vPortEnterCritical  port.o
    0x08004ab4   0x08004ab4   0x00000028   Code   RO         6114    i.vPortExitCritical  port.o
    0x08004adc   0x08004adc   0x00000064   Code   RO         6057    i.vPortFree         heap_4.o
    0x08004b40   0x08004b40   0x00000024   Code   RO         6115    i.vPortSetupTimerInterrupt  port.o
    0x08004b64   0x08004b64   0x00000054   Code   RO         6116    i.vPortValidateInterruptPriority  port.o
    0x08004bb8   0x08004bb8   0x00000028   Code   RO         4610    i.vQueueAddToRegistry  queue.o
    0x08004be0   0x08004be0   0x00000044   Code   RO         4614    i.vQueueWaitForMessageRestricted  queue.o
    0x08004c24   0x08004c24   0x0000004c   Code   RO         5021    i.vTaskDelay        tasks.o
    0x08004c70   0x08004c70   0x00000010   Code   RO         5026    i.vTaskInternalSetTimeOutState  tasks.o
    0x08004c80   0x08004c80   0x0000000c   Code   RO         5027    i.vTaskMissedYield  tasks.o
    0x08004c8c   0x08004c8c   0x00000030   Code   RO         5029    i.vTaskPlaceOnEventList  tasks.o
    0x08004cbc   0x08004cbc   0x00000038   Code   RO         5030    i.vTaskPlaceOnEventListRestricted  tasks.o
    0x08004cf4   0x08004cf4   0x00000088   Code   RO         5038    i.vTaskStartScheduler  tasks.o
    0x08004d7c   0x08004d7c   0x00000010   Code   RO         5040    i.vTaskSuspendAll   tasks.o
    0x08004d8c   0x08004d8c   0x00000064   Code   RO         5041    i.vTaskSwitchContext  tasks.o
    0x08004df0   0x08004df0   0x000000f4   Code   RO         6117    i.xPortStartScheduler  port.o
    0x08004ee4   0x08004ee4   0x0000002c   Code   RO         6118    i.xPortSysTickHandler  port.o
    0x08004f10   0x08004f10   0x00000066   Code   RO         4620    i.xQueueGenericCreateStatic  queue.o
    0x08004f76   0x08004f76   0x00000002   PAD
    0x08004f78   0x08004f78   0x00000088   Code   RO         4621    i.xQueueGenericReset  queue.o
    0x08005000   0x08005000   0x00000160   Code   RO         4622    i.xQueueGenericSend  queue.o
    0x08005160   0x08005160   0x000000be   Code   RO         4623    i.xQueueGenericSendFromISR  queue.o
    0x0800521e   0x0800521e   0x00000002   PAD
    0x08005220   0x08005220   0x00000138   Code   RO         4632    i.xQueueReceive     queue.o
    0x08005358   0x08005358   0x00000074   Code   RO         5043    i.xTaskCheckForTimeOut  tasks.o
    0x080053cc   0x080053cc   0x0000005a   Code   RO         5044    i.xTaskCreate       tasks.o
    0x08005426   0x08005426   0x00000056   Code   RO         5045    i.xTaskCreateStatic  tasks.o
    0x0800547c   0x0800547c   0x0000001c   Code   RO         5049    i.xTaskGetSchedulerState  tasks.o
    0x08005498   0x08005498   0x0000000c   Code   RO         5050    i.xTaskGetTickCount  tasks.o
    0x080054a4   0x080054a4   0x000000c8   Code   RO         5052    i.xTaskIncrementTick  tasks.o
    0x0800556c   0x0800556c   0x00000080   Code   RO         5055    i.xTaskPriorityDisinherit  tasks.o
    0x080055ec   0x080055ec   0x00000070   Code   RO         5057    i.xTaskRemoveFromEventList  tasks.o
    0x0800565c   0x0800565c   0x000000c4   Code   RO         5058    i.xTaskResumeAll    tasks.o
    0x08005720   0x08005720   0x00000060   Code   RO         5383    i.xTimerCreateTimerTask  timers.o
    0x08005780   0x08005780   0x00000068   Code   RO         5384    i.xTimerGenericCommand  timers.o
    0x080057e8   0x080057e8   0x00000030   Data   RO          277    .constdata          freertos.o
    0x08005818   0x08005818   0x00000010   Data   RO         3899    .constdata          system_stm32f4xx.o
    0x08005828   0x08005828   0x00000008   Data   RO         3900    .constdata          system_stm32f4xx.o
    0x08005830   0x08005830   0x0000000c   Data   RO          278    .conststring        freertos.o
    0x0800583c   0x0800583c   0x00000020   Data   RO         6534    Region$$Table       anon$$obj.o


    Execution Region RW_IRAM1 (Exec base: 0x20000000, Load base: 0x0800585c, Size: 0x00004ef8, Max: 0x0001c000, ABSOLUTE)

    Exec Addr    Load Addr    Size         Type   Attr      Idx    E Section Name        Object

    0x20000000   0x0800585c   0x00000004   Data   RW          279    .data               freertos.o
    0x20000004   0x08005860   0x0000000c   Data   RW         2526    .data               stm32f4xx_hal.o
    0x20000010   0x0800586c   0x00000004   Data   RW         3901    .data               system_stm32f4xx.o
    0x20000014   0x08005870   0x00000006   Data   RW         4014    .data               lcd_1in69.o
    0x2000001a   0x08005876   0x00000002   PAD
    0x2000001c   0x08005878   0x0000003c   Data   RW         5061    .data               tasks.o
    0x20000058   0x080058b4   0x00000014   Data   RW         5392    .data               timers.o
    0x2000006c   0x080058c8   0x00000004   Data   RW         5617    .data               cmsis_os2.o
    0x20000070   0x080058cc   0x00000020   Data   RW         6063    .data               heap_4.o
    0x20000090   0x080058ec   0x0000000c   Data   RW         6119    .data               port.o
    0x2000009c        -       0x00000054   Zero   RW          336    .bss                i2c.o
    0x200000f0        -       0x00000058   Zero   RW          378    .bss                spi.o
    0x20000148        -       0x00000048   Zero   RW          421    .bss                tim.o
    0x20000190        -       0x00000048   Zero   RW          468    .bss                usart.o
    0x200001d8        -       0x00000048   Zero   RW          598    .bss                stm32f4xx_hal_timebase_tim.o
    0x20000220        -       0x00000040   Zero   RW         4636    .bss                queue.o
    0x20000260        -       0x000004c4   Zero   RW         5060    .bss                tasks.o
    0x20000724        -       0x00000118   Zero   RW         5391    .bss                timers.o
    0x2000083c        -       0x000006b8   Zero   RW         5616    .bss                cmsis_os2.o
    0x20000ef4        -       0x00003c00   Zero   RW         6062    .bss                heap_4.o
    0x20004af4   0x080058f8   0x00000004   PAD
    0x20004af8        -       0x00000400   Zero   RW            1    STACK               startup_stm32f407xx.o


    Execution Region RW_IRAM2 (Exec base: 0x2001c000, Load base: 0x080058f8, Size: 0x00000000, Max: 0x00004000, ABSOLUTE)

    **** No section assigned to this execution region ****


==============================================================================

Image component sizes


      Code (inc. data)   RO Data    RW Data    ZI Data      Debug   Object Name

       326         22          0          4       1720      65019   cmsis_os2.o
       200         18          0          0          0       2097   cst816t.o
        84         20          0          0          0       1002   dev_config.o
         0          0          0          0          0      19412   event_groups.o
       420        104         60          4          0       3590   freertos.o
       220         16          0          0          0        979   gpio.o
       472         24          0         32      15360       4823   heap_4.o
       168         26          0          0         84       1645   i2c.o
       932         46          0          6          0       6862   lcd_1in69.o
       138          0          0          0          0       3502   list.o
       228         22          0          0          0     718908   main.o
       786         82          0         12          0      11417   port.o
      1514         20          0          0         64      17312   queue.o
       176         20          0          0         88       1657   spi.o
        36          8        392          0       1024        828   startup_stm32f407xx.o
       116         18          0         12          0       8674   stm32f4xx_hal.o
       158         14          0          0          0      32994   stm32f4xx_hal_cortex.o
       522         46          0          0          0       2805   stm32f4xx_hal_gpio.o
      3010         72          0          0          0      15465   stm32f4xx_hal_i2c.o
        56          4          0          0          0        854   stm32f4xx_hal_msp.o
      1408         82          0          0          0       5865   stm32f4xx_hal_rcc.o
       842         16          0          0          0       4550   stm32f4xx_hal_spi.o
      1974        136          0          0          0      16898   stm32f4xx_hal_tim.o
       148         28          0          0          0       2457   stm32f4xx_hal_tim_ex.o
       140         20          0          0         72       1411   stm32f4xx_hal_timebase_tim.o
       720         10          0          0          0       4808   stm32f4xx_hal_uart.o
        24          6          0          0          0       3220   stm32f4xx_it.o
         0          0          0          0          0        392   stream_buffer.o
        16          4         24          4          0       1103   system_stm32f4xx.o
      2084        168          0         60       1220      26728   tasks.o
       276         30          0          0         72       2328   tim.o
       972         80          0         20        280      32015   timers.o
       164         22          0          0         72       1690   usart.o

    ----------------------------------------------------------------------
     18370       1184        508        156      20060    1023310   Object Totals
         0          0         32          0          0          0   (incl. Generated)
        40          0          0          2          4          0   (incl. Padding)

    ----------------------------------------------------------------------

      Code (inc. data)   RO Data    RW Data    ZI Data      Debug   Library Member Name

         0          0          0          0          0          0   entry.o
         0          0          0          0          0          0   entry10a.o
         0          0          0          0          0          0   entry11a.o
         8          4          0          0          0          0   entry2.o
         4          0          0          0          0          0   entry5.o
         0          0          0          0          0          0   entry7b.o
         0          0          0          0          0          0   entry8b.o
         8          4          0          0          0          0   entry9a.o
        30          0          0          0          0          0   handlers.o
        36          8          0          0          0         68   init.o
         0          0          0          0          0          0   iusefp.o
        30          0          0          0          0         68   llshl.o
        36          0          0          0          0         68   llsshr.o
        32          0          0          0          0         68   llushr.o
        36          0          0          0          0         68   memcpya.o
        36          0          0          0          0        108   memseta.o
      2276         86          0          0          0        520   printfa.o
        44          0          0          0          0         80   uidiv.o
        98          0          0          0          0         92   uldiv.o
        48          0          0          0          0         68   cdrcmple.o
       334          0          0          0          0        148   dadd.o
       222          0          0          0          0        100   ddiv.o
       186          0          0          0          0        176   depilogue.o
        48          0          0          0          0         68   dfixul.o
       228          0          0          0          0         96   dmul.o

    ----------------------------------------------------------------------
      3742        102          0          0          0       1796   Library Totals
         2          0          0          0          0          0   (incl. Padding)

    ----------------------------------------------------------------------

      Code (inc. data)   RO Data    RW Data    ZI Data      Debug   Library Name

      2674        102          0          0          0       1140   mc_w.l
      1066          0          0          0          0        656   mf_w.l

    ----------------------------------------------------------------------
      3742        102          0          0          0       1796   Library Totals

    ----------------------------------------------------------------------

==============================================================================


      Code (inc. data)   RO Data    RW Data    ZI Data      Debug   

     22112       1286        508        156      20060    1007674   Grand Totals
     22112       1286        508        156      20060    1007674   ELF Image Totals
     22112       1286        508        156          0          0   ROM Totals

==============================================================================

    Total RO  Size (Code + RO Data)                22620 (  22.09kB)
    Total RW  Size (RW Data + ZI Data)             20216 (  19.74kB)
    Total ROM Size (Code + RO Data + RW Data)      22776 (  22.24kB)

==============================================================================

