Component: ARM Compiler 5.06 update 5 (build 528) Tool: armlink [4d35e2]

==============================================================================

Section Cross References

    startup_stm32f407xx.o(STACK) refers (Special) to heapauxi.o(.text) for __use_two_region_memory
    startup_stm32f407xx.o(HEAP) refers (Special) to heapauxi.o(.text) for __use_two_region_memory
    startup_stm32f407xx.o(RESET) refers (Special) to heapauxi.o(.text) for __use_two_region_memory
    startup_stm32f407xx.o(RESET) refers to startup_stm32f407xx.o(STACK) for __initial_sp
    startup_stm32f407xx.o(RESET) refers to startup_stm32f407xx.o(.text) for Reset_Handler
    startup_stm32f407xx.o(RESET) refers to stm32f4xx_it.o(i.NMI_Handler) for NMI_Handler
    startup_stm32f407xx.o(RESET) refers to stm32f4xx_it.o(i.HardFault_Handler) for HardFault_Handler
    startup_stm32f407xx.o(RESET) refers to stm32f4xx_it.o(i.MemManage_Handler) for MemManage_Handler
    startup_stm32f407xx.o(RESET) refers to stm32f4xx_it.o(i.BusFault_Handler) for BusFault_Handler
    startup_stm32f407xx.o(RESET) refers to stm32f4xx_it.o(i.UsageFault_Handler) for UsageFault_Handler
    startup_stm32f407xx.o(RESET) refers to stm32f4xx_it.o(i.SVC_Handler) for SVC_Handler
    startup_stm32f407xx.o(RESET) refers to stm32f4xx_it.o(i.DebugMon_Handler) for DebugMon_Handler
    startup_stm32f407xx.o(RESET) refers to stm32f4xx_it.o(i.PendSV_Handler) for PendSV_Handler
    startup_stm32f407xx.o(RESET) refers to stm32f4xx_it.o(i.SysTick_Handler) for SysTick_Handler
    startup_stm32f407xx.o(.text) refers (Special) to heapauxi.o(.text) for __use_two_region_memory
    startup_stm32f407xx.o(.text) refers to system_stm32f4xx.o(i.SystemInit) for SystemInit
    startup_stm32f407xx.o(.text) refers to __main.o(!!!main) for __main
    startup_stm32f407xx.o(.text) refers to startup_stm32f407xx.o(HEAP) for Heap_Mem
    startup_stm32f407xx.o(.text) refers to startup_stm32f407xx.o(STACK) for Stack_Mem
    main.o(i.SystemClock_Config) refers to rt_memclr_w.o(.text) for __aeabi_memclr4
    main.o(i.SystemClock_Config) refers to stm32f4xx_hal_rcc.o(i.HAL_RCC_OscConfig) for HAL_RCC_OscConfig
    main.o(i.SystemClock_Config) refers to stm32f4xx_hal_rcc.o(i.HAL_RCC_ClockConfig) for HAL_RCC_ClockConfig
    main.o(i.led_proc) refers to stm32f4xx_hal.o(i.HAL_GetTick) for HAL_GetTick
    main.o(i.led_proc) refers to stm32f4xx_hal_gpio.o(i.HAL_GPIO_TogglePin) for HAL_GPIO_TogglePin
    main.o(i.led_proc) refers to main.o(.data) for .data
    main.o(i.main) refers to stm32f4xx_hal.o(i.HAL_Init) for HAL_Init
    main.o(i.main) refers to main.o(i.SystemClock_Config) for SystemClock_Config
    main.o(i.main) refers to gpio.o(i.MX_GPIO_Init) for MX_GPIO_Init
    main.o(i.main) refers to tim.o(i.MX_TIM3_Init) for MX_TIM3_Init
    main.o(i.main) refers to spi.o(i.MX_SPI1_Init) for MX_SPI1_Init
    main.o(i.main) refers to stm32f4xx_hal_tim.o(i.HAL_TIM_PWM_Start) for HAL_TIM_PWM_Start
    main.o(i.main) refers to lcd_1inch69_test.o(i.LCD_1in69_test) for LCD_1in69_test
    main.o(i.main) refers to main.o(i.led_proc) for led_proc
    main.o(i.main) refers to tim.o(.bss) for htim3
    gpio.o(i.MX_GPIO_Init) refers to rt_memclr_w.o(.text) for __aeabi_memclr4
    gpio.o(i.MX_GPIO_Init) refers to stm32f4xx_hal_gpio.o(i.HAL_GPIO_WritePin) for HAL_GPIO_WritePin
    gpio.o(i.MX_GPIO_Init) refers to stm32f4xx_hal_gpio.o(i.HAL_GPIO_Init) for HAL_GPIO_Init
    spi.o(i.HAL_SPI_MspDeInit) refers to stm32f4xx_hal_gpio.o(i.HAL_GPIO_DeInit) for HAL_GPIO_DeInit
    spi.o(i.HAL_SPI_MspInit) refers to rt_memclr_w.o(.text) for __aeabi_memclr4
    spi.o(i.HAL_SPI_MspInit) refers to stm32f4xx_hal_gpio.o(i.HAL_GPIO_Init) for HAL_GPIO_Init
    spi.o(i.MX_SPI1_Init) refers to stm32f4xx_hal_spi.o(i.HAL_SPI_Init) for HAL_SPI_Init
    spi.o(i.MX_SPI1_Init) refers to main.o(i.Error_Handler) for Error_Handler
    spi.o(i.MX_SPI1_Init) refers to spi.o(.bss) for .bss
    tim.o(i.HAL_TIM_MspPostInit) refers to rt_memclr_w.o(.text) for __aeabi_memclr4
    tim.o(i.HAL_TIM_MspPostInit) refers to stm32f4xx_hal_gpio.o(i.HAL_GPIO_Init) for HAL_GPIO_Init
    tim.o(i.MX_TIM3_Init) refers to rt_memclr_w.o(.text) for __aeabi_memclr4
    tim.o(i.MX_TIM3_Init) refers to stm32f4xx_hal_tim.o(i.HAL_TIM_Base_Init) for HAL_TIM_Base_Init
    tim.o(i.MX_TIM3_Init) refers to main.o(i.Error_Handler) for Error_Handler
    tim.o(i.MX_TIM3_Init) refers to stm32f4xx_hal_tim.o(i.HAL_TIM_ConfigClockSource) for HAL_TIM_ConfigClockSource
    tim.o(i.MX_TIM3_Init) refers to stm32f4xx_hal_tim.o(i.HAL_TIM_PWM_Init) for HAL_TIM_PWM_Init
    tim.o(i.MX_TIM3_Init) refers to stm32f4xx_hal_tim_ex.o(i.HAL_TIMEx_MasterConfigSynchronization) for HAL_TIMEx_MasterConfigSynchronization
    tim.o(i.MX_TIM3_Init) refers to stm32f4xx_hal_tim.o(i.HAL_TIM_PWM_ConfigChannel) for HAL_TIM_PWM_ConfigChannel
    tim.o(i.MX_TIM3_Init) refers to tim.o(i.HAL_TIM_MspPostInit) for HAL_TIM_MspPostInit
    tim.o(i.MX_TIM3_Init) refers to tim.o(.bss) for .bss
[...]
    i.Error_Handler                          0x080020fe   Section        0  main.o(i.Error_Handler)
    i.HAL_Delay                              0x08002104   Section        0  stm32f4xx_hal.o(i.HAL_Delay)
    i.HAL_GPIO_Init                          0x08002128   Section        0  stm32f4xx_hal_gpio.o(i.HAL_GPIO_Init)
    i.HAL_GPIO_TogglePin                     0x08002318   Section        0  stm32f4xx_hal_gpio.o(i.HAL_GPIO_TogglePin)
    i.HAL_GPIO_WritePin                      0x08002328   Section        0  stm32f4xx_hal_gpio.o(i.HAL_GPIO_WritePin)
    i.HAL_GetTick                            0x08002334   Section        0  stm32f4xx_hal.o(i.HAL_GetTick)
    i.HAL_IncTick                            0x08002340   Section        0  stm32f4xx_hal.o(i.HAL_IncTick)
    i.HAL_Init                               0x08002350   Section        0  stm32f4xx_hal.o(i.HAL_Init)
    i.HAL_InitTick                           0x08002384   Section        0  stm32f4xx_hal.o(i.HAL_InitTick)
    i.HAL_MspInit                            0x080023c4   Section        0  stm32f4xx_hal_msp.o(i.HAL_MspInit)
    i.HAL_NVIC_SetPriority                   0x080023f4   Section        0  stm32f4xx_hal_cortex.o(i.HAL_NVIC_SetPriority)
    i.HAL_NVIC_SetPriorityGrouping           0x08002434   Section        0  stm32f4xx_hal_cortex.o(i.HAL_NVIC_SetPriorityGrouping)
    i.HAL_RCC_ClockConfig                    0x08002458   Section        0  stm32f4xx_hal_rcc.o(i.HAL_RCC_ClockConfig)
    i.HAL_RCC_GetSysClockFreq                0x0800258c   Section        0  stm32f4xx_hal_rcc.o(i.HAL_RCC_GetSysClockFreq)
    i.HAL_RCC_OscConfig                      0x080025ec   Section        0  stm32f4xx_hal_rcc.o(i.HAL_RCC_OscConfig)
    i.HAL_SPI_Init                           0x08002958   Section        0  stm32f4xx_hal_spi.o(i.HAL_SPI_Init)
    i.HAL_SPI_MspInit                        0x08002a14   Section        0  spi.o(i.HAL_SPI_MspInit)
    i.HAL_SPI_Transmit                       0x08002a7c   Section        0  stm32f4xx_hal_spi.o(i.HAL_SPI_Transmit)
    i.HAL_SYSTICK_Config                     0x08002be2   Section        0  stm32f4xx_hal_cortex.o(i.HAL_SYSTICK_Config)
    i.HAL_TIMEx_MasterConfigSynchronization  0x08002c0c   Section        0  stm32f4xx_hal_tim_ex.o(i.HAL_TIMEx_MasterConfigSynchronization)
    i.HAL_TIM_Base_Init                      0x08002c9c   Section        0  stm32f4xx_hal_tim.o(i.HAL_TIM_Base_Init)
    i.HAL_TIM_Base_MspInit                   0x08002cf8   Section        0  tim.o(i.HAL_TIM_Base_MspInit)
    i.HAL_TIM_ConfigClockSource              0x08002d20   Section        0  stm32f4xx_hal_tim.o(i.HAL_TIM_ConfigClockSource)
    i.HAL_TIM_MspPostInit                    0x08002dfc   Section        0  tim.o(i.HAL_TIM_MspPostInit)
    i.HAL_TIM_PWM_ConfigChannel              0x08002e4c   Section        0  stm32f4xx_hal_tim.o(i.HAL_TIM_PWM_ConfigChannel)
    i.HAL_TIM_PWM_Init                       0x08002f18   Section        0  stm32f4xx_hal_tim.o(i.HAL_TIM_PWM_Init)
    i.HAL_TIM_PWM_MspInit                    0x08002f72   Section        0  stm32f4xx_hal_tim.o(i.HAL_TIM_PWM_MspInit)
    i.HAL_TIM_PWM_Start                      0x08002f74   Section        0  stm32f4xx_hal_tim.o(i.HAL_TIM_PWM_Start)
    i.HAL_TIM_PWM_Stop                       0x0800303c   Section        0  stm32f4xx_hal_tim.o(i.HAL_TIM_PWM_Stop)
    i.HardFault_Handler                      0x080030b8   Section        0  stm32f4xx_it.o(i.HardFault_Handler)
    i.LCD_1IN69_Clear                        0x080030bc   Section        0  lcd_1in69.o(i.LCD_1IN69_Clear)
    i.LCD_1IN69_DrawPoint                    0x08003110   Section        0  lcd_1in69.o(i.LCD_1IN69_DrawPoint)
    i.LCD_1IN69_Init                         0x08003154   Section        0  lcd_1in69.o(i.LCD_1IN69_Init)
    i.LCD_1IN69_InitReg                      0x080031c0   Section        0  lcd_1in69.o(i.LCD_1IN69_InitReg)
    LCD_1IN69_InitReg                        0x080031c1   Thumb Code   408  lcd_1in69.o(i.LCD_1IN69_InitReg)
    i.LCD_1IN69_SendCommand                  0x08003358   Section        0  lcd_1in69.o(i.LCD_1IN69_SendCommand)
    LCD_1IN69_SendCommand                    0x08003359   Thumb Code    34  lcd_1in69.o(i.LCD_1IN69_SendCommand)
    i.LCD_1IN69_SendData_8Bit                0x08003384   Section        0  lcd_1in69.o(i.LCD_1IN69_SendData_8Bit)
    LCD_1IN69_SendData_8Bit                  0x08003385   Thumb Code    24  lcd_1in69.o(i.LCD_1IN69_SendData_8Bit)
    i.LCD_1IN69_SetBackLight                 0x080033a0   Section        0  lcd_1in69.o(i.LCD_1IN69_SetBackLight)
    i.LCD_1IN69_SetWindows                   0x080033ac   Section        0  lcd_1in69.o(i.LCD_1IN69_SetWindows)
    i.LCD_1in69_test                         0x08003454   Section        0  lcd_1inch69_test.o(i.LCD_1in69_test)
    i.MX_GPIO_Init                           0x080037e0   Section        0  gpio.o(i.MX_GPIO_Init)
    i.MX_SPI1_Init                           0x080038a8   Section        0  spi.o(i.MX_SPI1_Init)
    i.MX_TIM3_Init                           0x080038f0   Section        0  tim.o(i.MX_TIM3_Init)
    i.MemManage_Handler                      0x0800398c   Section        0  stm32f4xx_it.o(i.MemManage_Handler)
    i.NMI_Handler                            0x0800398e   Section        0  stm32f4xx_it.o(i.NMI_Handler)
    i.Paint_Clear                            0x08003990   Section        0  gui_paint.o(i.Paint_Clear)
    i.Paint_DrawChar                         0x0800399c   Section        0  gui_paint.o(i.Paint_DrawChar)
    i.Paint_DrawCircle                       0x08003a9c   Section        0  gui_paint.o(i.Paint_DrawCircle)
    i.Paint_DrawFloatNum                     0x08003cb8   Section        0  gui_paint.o(i.Paint_DrawFloatNum)
    i.Paint_DrawImage                        0x08003d40   Section        0  gui_paint.o(i.Paint_DrawImage)
    i.Paint_DrawLine                         0x08003da0   Section        0  gui_paint.o(i.Paint_DrawLine)
    i.Paint_DrawPoint                        0x08003eb4   Section        0  gui_paint.o(i.Paint_DrawPoint)
    i.Paint_DrawRectangle                    0x08003f5c   Section        0  gui_paint.o(i.Paint_DrawRectangle)
    i.Paint_DrawString_CN                    0x08004044   Section        0  gui_paint.o(i.Paint_DrawString_CN)
    i.Paint_DrawString_EN                    0x080041dc   Section        0  gui_paint.o(i.Paint_DrawString_EN)
    i.Paint_NewImage                         0x08004258   Section        0  gui_paint.o(i.Paint_NewImage)
    i.Paint_SetClearFuntion                  0x080042bc   Section        0  gui_paint.o(i.Paint_SetClearFuntion)
    i.Paint_SetDisplayFuntion                0x080042c8   Section        0  gui_paint.o(i.Paint_SetDisplayFuntion)
    i.Paint_SetPixel                         0x080042d4   Section        0  gui_paint.o(i.Paint_SetPixel)
    i.Paint_SetRotate                        0x0800439c   Section        0  gui_paint.o(i.Paint_SetRotate)
    i.PendSV_Handler                         0x08004410   Section        0  stm32f4xx_it.o(i.PendSV_Handler)
    i.SPI_EndRxTxTransaction                 0x08004414   Section        0  stm32f4xx_hal_spi.o(i.SPI_EndRxTxTransaction)
    SPI_EndRxTxTransaction                   0x08004415   Thumb Code    98  stm32f4xx_hal_spi.o(i.SPI_EndRxTxTransaction)
    i.SPI_WaitFlagStateUntilTimeout          0x08004480   Section        0  stm32f4xx_hal_spi.o(i.SPI_WaitFlagStateUntilTimeout)
    SPI_WaitFlagStateUntilTimeout            0x08004481   Thumb Code   182  stm32f4xx_hal_spi.o(i.SPI_WaitFlagStateUntilTimeout)
    i.SVC_Handler                            0x0800453c   Section        0  stm32f4xx_it.o(i.SVC_Handler)
    i.SysTick_Handler                        0x0800453e   Section        0  stm32f4xx_it.o(i.SysTick_Handler)
    i.SystemClock_Config                     0x08004544   Section        0  main.o(i.SystemClock_Config)
    i.SystemInit                             0x080045d8   Section        0  system_stm32f4xx.o(i.SystemInit)
    i.TIM_Base_SetConfig                     0x080045e8   Section        0  stm32f4xx_hal_tim.o(i.TIM_Base_SetConfig)
    i.TIM_CCxChannelCmd                      0x080046b8   Section        0  stm32f4xx_hal_tim.o(i.TIM_CCxChannelCmd)
    i.TIM_ETR_SetConfig                      0x080046d2   Section        0  stm32f4xx_hal_tim.o(i.TIM_ETR_SetConfig)
    i.TIM_ITRx_SetConfig                     0x080046e6   Section        0  stm32f4xx_hal_tim.o(i.TIM_ITRx_SetConfig)
    TIM_ITRx_SetConfig                       0x080046e7   Thumb Code    16  stm32f4xx_hal_tim.o(i.TIM_ITRx_SetConfig)
    i.TIM_OC1_SetConfig                      0x080046f8   Section        0  stm32f4xx_hal_tim.o(i.TIM_OC1_SetConfig)
    TIM_OC1_SetConfig                        0x080046f9   Thumb Code    88  stm32f4xx_hal_tim.o(i.TIM_OC1_SetConfig)
    i.TIM_OC2_SetConfig                      0x08004758   Section        0  stm32f4xx_hal_tim.o(i.TIM_OC2_SetConfig)
    i.TIM_OC3_SetConfig                      0x080047c4   Section        0  stm32f4xx_hal_tim.o(i.TIM_OC3_SetConfig)
    TIM_OC3_SetConfig                        0x080047c5   Thumb Code    96  stm32f4xx_hal_tim.o(i.TIM_OC3_SetConfig)
    i.TIM_OC4_SetConfig                      0x0800482c   Section        0  stm32f4xx_hal_tim.o(i.TIM_OC4_SetConfig)
    TIM_OC4_SetConfig                        0x0800482d   Thumb Code    70  stm32f4xx_hal_tim.o(i.TIM_OC4_SetConfig)
    i.TIM_TI1_ConfigInputStage               0x0800487c   Section        0  stm32f4xx_hal_tim.o(i.TIM_TI1_ConfigInputStage)
    TIM_TI1_ConfigInputStage                 0x0800487d   Thumb Code    34  stm32f4xx_hal_tim.o(i.TIM_TI1_ConfigInputStage)
    i.TIM_TI2_ConfigInputStage               0x0800489e   Section        0  stm32f4xx_hal_tim.o(i.TIM_TI2_ConfigInputStage)
    TIM_TI2_ConfigInputStage                 0x0800489f   Thumb Code    36  stm32f4xx_hal_tim.o(i.TIM_TI2_ConfigInputStage)
    i.UsageFault_Handler                     0x080048c2   Section        0  stm32f4xx_it.o(i.UsageFault_Handler)
    i.__ARM_fpclassify                       0x080048c4   Section        0  fpclassify.o(i.__ARM_fpclassify)
    i.__NVIC_SetPriority                     0x080048f4   Section        0  stm32f4xx_hal_cortex.o(i.__NVIC_SetPriority)
    __NVIC_SetPriority                       0x080048f5   Thumb Code    32  stm32f4xx_hal_cortex.o(i.__NVIC_SetPriority)
    i._is_digit                              0x08004914   Section        0  __printf_wp.o(i._is_digit)
    i.fputc                                  0x08004922   Section        0  fputc.o(i.fputc)
    i.led_proc                               0x0800493c   Section        0  main.o(i.led_proc)
    i.main                                   0x08004968   Section        0  main.o(i.main)
    locale$$code                             0x08004994   Section       44  lc_numeric_c.o(locale$$code)
    x$fpl$fpinit                             0x080049c0   Section       10  fpinit.o(x$fpl$fpinit)
    $v0                                      0x080049c0   Number         0  fpinit.o(x$fpl$fpinit)
    x$fpl$printf1                            0x080049ca   Section        4  printf1.o(x$fpl$printf1)
    $v0                                      0x080049ca   Number         0  printf1.o(x$fpl$printf1)
    .constdata                               0x080049ce   Section       16  system_stm32f4xx.o(.constdata)
    x$fpl$usenofp                            0x080049ce   Section        0  usenofp.o(x$fpl$usenofp)
    .constdata                               0x080049de   Section     7200  image.o(.constdata)
    .constdata                               0x080065fe   Section     1140  font12.o(.constdata)
    .constdata                               0x08006a72   Section     6840  font24.o(.constdata)
    .constdata                               0x0800852a   Section     4482  font24cn.o(.constdata)
    .constdata                               0x080096ac   Section      148  bigflt0.o(.constdata)
    tenpwrs_x                                0x080096ac   Data          60  bigflt0.o(.constdata)
    tenpwrs_i                                0x080096e8   Data          64  bigflt0.o(.constdata)
    .constdata                               0x08009740   Section        4  sys_io.o(.constdata)
    .constdata                               0x08009744   Section        4  sys_io.o(.constdata)
    .constdata                               0x08009748   Section        4  sys_io.o(.constdata)
    .conststring                             0x0800974c   Section      205  gui_paint.o(.conststring)
    locale$$data                             0x0800983c   Section       28  lc_numeric_c.o(locale$$data)
    __lcnum_c_name                           0x08009840   Data           2  lc_numeric_c.o(locale$$data)
    __lcnum_c_start                          0x08009848   Data           0  lc_numeric_c.o(locale$$data)
    __lcnum_c_point                          0x08009854   Data           0  lc_numeric_c.o(locale$$data)
    __lcnum_c_thousands                      0x08009856   Data           0  lc_numeric_c.o(locale$$data)
    __lcnum_c_grouping                       0x08009857   Data           0  lc_numeric_c.o(locale$$data)
    __lcnum_c_end                            0x08009858   Data           0  lc_numeric_c.o(locale$$data)
    .data                                    0x20000000   Section        4  main.o(.data)
    time_old                                 0x20000000   Data           4  main.o(.data)
    .data                                    0x20000004   Section       12  stm32f4xx_hal.o(.data)
    .data                                    0x20000010   Section        4  system_stm32f4xx.o(.data)
    .data                                    0x20000014   Section        6  lcd_1in69.o(.data)
    .data                                    0x2000001c   Section        8  gui_paint.o(.data)
    .data                                    0x20000024   Section        8  font12.o(.data)
    .data                                    0x2000002c   Section        8  font24.o(.data)
    .data                                    0x20000034   Section       12  font24cn.o(.data)
    .data                                    0x20000040   Section        4  stdio_streams.o(.data)
    .data                                    0x20000044   Section        4  stdio_streams.o(.data)
    .data                                    0x20000048   Section        4  stdio_streams.o(.data)
    .bss                                     0x2000004c   Section       88  spi.o(.bss)
    .bss                                     0x200000a4   Section       72  tim.o(.bss)
    .bss                                     0x200000ec   Section       24  gui_paint.o(.bss)
    .bss                                     0x20000104   Section       84  stdio_streams.o(.bss)
    .bss                                     0x20000158   Section       84  stdio_streams.o(.bss)
    .bss                                     0x200001ac   Section       84  stdio_streams.o(.bss)
    .bss                                     0x20000200   Section       96  libspace.o(.bss)
    HEAP                                     0x20000260   Section      512  startup_stm32f407xx.o(HEAP)
    Heap_Mem                                 0x20000260   Data         512  startup_stm32f407xx.o(HEAP)
    STACK                                    0x20000460   Section     1024  startup_stm32f407xx.o(STACK)
    Stack_Mem                                0x20000460   Data        1024  startup_stm32f407xx.o(STACK)
    __initial_sp                             0x20000860   Data           0  startup_stm32f407xx.o(STACK)

    Global Symbols

    Symbol Name                              Value     Ov Type        Size  Object(Section)

    BuildAttributes$$THM_ISAv4$E$P$D$K$B$S$7EM$VFPi3$EXTD16$VFPS$VFMA$PE$A:L22UL41UL21$X:L11$S22US41US21$IEEE1$IW$USESV6$~STKCKD$USESV7$~SHL$OTIME$ROPI$IEEEJ$EBA8$UX$STANDARDLIB$REQ8$PRES8$EABIv2 0x00000000   Number         0  anon$$obj.o ABSOLUTE
    __ARM_use_no_argv                        0x00000000   Number         0  main.o ABSOLUTE
    _printf_flags                            0x00000000   Number         0  printf_stubs.o ABSOLUTE
    _printf_return_value                     0x00000000   Number         0  printf_stubs.o ABSOLUTE
    _printf_sizespec                         0x00000000   Number         0  printf_stubs.o ABSOLUTE
    _printf_widthprec                        0x00000000   Number         0  printf_stubs.o ABSOLUTE
    __ARM_exceptions_init                     - Undefined Weak Reference
    __alloca_initialize                       - Undefined Weak Reference
    __arm_preinit_                            - Undefined Weak Reference
    __cpp_initialize__aeabi_                  - Undefined Weak Reference
    __cxa_finalize                            - Undefined Weak Reference
    __sigvec_lookup                           - Undefined Weak Reference
    __user_heap_extent                        - Undefined Weak Reference
    _atexit_init                              - Undefined Weak Reference
    _call_atexit_fns                          - Undefined Weak Reference
    _clock_init                               - Undefined Weak Reference
    _fp_trap_init                             - Undefined Weak Reference
    _fp_trap_shutdown                         - Undefined Weak Reference
    _get_lc_collate                           - Undefined Weak Reference
    _get_lc_ctype                             - Undefined Weak Reference
    _get_lc_monetary                          - Undefined Weak Reference
    _get_lc_time                              - Undefined Weak Reference
    _getenv_init                              - Undefined Weak Reference
    _handle_redirection                       - Undefined Weak Reference
    _mutex_acquire                            - Undefined Weak Reference
    _mutex_free                               - Undefined Weak Reference
    _mutex_release                            - Undefined Weak Reference
    _printf_mbtowc                            - Undefined Weak Reference
    _printf_post_padding                      - Undefined Weak Reference
    _printf_pre_padding                       - Undefined Weak Reference
    _printf_truncate_signed                   - Undefined Weak Reference
    _printf_truncate_unsigned                 - Undefined Weak Reference
    _rand_init                                - Undefined Weak Reference
    _signal_finish                            - Undefined Weak Reference
    _signal_init                              - Undefined Weak Reference
    __Vectors_Size                           0x00000188   Number         0  startup_stm32f407xx.o ABSOLUTE
    __Vectors                                0x08000000   Data           4  startup_stm32f407xx.o(RESET)
    __Vectors_End                            0x08000188   Data           0  startup_stm32f407xx.o(RESET)
    __main                                   0x08000189   Thumb Code     8  __main.o(!!!main)
    __scatterload                            0x08000191   Thumb Code     0  __scatter.o(!!!scatter)
    __scatterload_rt2                        0x08000191   Thumb Code    44  __scatter.o(!!!scatter)
    __scatterload_rt2_thumb_only             0x08000191   Thumb Code     0  __scatter.o(!!!scatter)
    __scatterload_null                       0x0800019f   Thumb Code     0  __scatter.o(!!!scatter)
    __scatterload_copy                       0x080001c5   Thumb Code    26  __scatter_copy.o(!!handler_copy)
    __scatterload_zeroinit                   0x080001e1   Thumb Code    28  __scatter_zi.o(!!handler_zi)
    _printf_f                                0x080001fd   Thumb Code     0  _printf_f.o(.ARM.Collect$$_printf_percent$$00000003)
    _printf_percent                          0x080001fd   Thumb Code     0  _printf_percent.o(.ARM.Collect$$_printf_percent$$00000000)
    _printf_d                                0x08000203   Thumb Code     0  _printf_d.o(.ARM.Collect$$_printf_percent$$00000009)
    _printf_percent_end                      0x08000209   Thumb Code     0  _printf_percent_end.o(.ARM.Collect$$_printf_percent$$00000017)
    __rt_lib_init                            0x0800020d   Thumb Code     0  libinit.o(.ARM.Collect$$libinit$$00000000)
    __rt_lib_init_fp_1                       0x0800020f   Thumb Code     0  libinit2.o(.ARM.Collect$$libinit$$00000001)
    __rt_lib_init_heap_2                     0x08000213   Thumb Code     0  libinit2.o(.ARM.Collect$$libinit$$00000005)
    __rt_lib_init_preinit_1                  0x08000213   Thumb Code     0  libinit2.o(.ARM.Collect$$libinit$$00000004)
    __rt_lib_init_heap_1                     0x0800021b   Thumb Code     0  libinit2.o(.ARM.Collect$$libinit$$0000000A)
    __rt_lib_init_lc_common                  0x0800021b   Thumb Code     0  libinit2.o(.ARM.Collect$$libinit$$0000000F)
    __rt_lib_init_rand_1                     0x0800021b   Thumb Code     0  libinit2.o(.ARM.Collect$$libinit$$0000000E)
    __rt_lib_init_user_alloc_1               0x0800021b   Thumb Code     0  libinit2.o(.ARM.Collect$$libinit$$0000000C)
    __rt_lib_init_lc_collate_1               0x08000221   Thumb Code     0  libinit2.o(.ARM.Collect$$libinit$$00000011)
    __rt_lib_init_lc_ctype_1                 0x08000221   Thumb Code     0  libinit2.o(.ARM.Collect$$libinit$$00000013)
    __rt_lib_init_lc_monetary_1              0x08000221   Thumb Code     0  libinit2.o(.ARM.Collect$$libinit$$00000015)
    __rt_lib_init_lc_numeric_2               0x08000221   Thumb Code     0  libinit2.o(.ARM.Collect$$libinit$$00000016)
    __rt_lib_init_atexit_1                   0x0800022b   Thumb Code     0  libinit2.o(.ARM.Collect$$libinit$$0000001B)
    __rt_lib_init_clock_1                    0x0800022b   Thumb Code     0  libinit2.o(.ARM.Collect$$libinit$$00000021)
    __rt_lib_init_fp_trap_1                  0x0800022b   Thumb Code     0  libinit2.o(.ARM.Collect$$libinit$$0000001F)
    __rt_lib_init_getenv_1                   0x0800022b   Thumb Code     0  libinit2.o(.ARM.Collect$$libinit$$00000023)
    __rt_lib_init_lc_numeric_1               0x0800022b   Thumb Code     0  libinit2.o(.ARM.Collect$$libinit$$00000017)
    __rt_lib_init_lc_time_1                  0x0800022b   Thumb Code     0  libinit2.o(.ARM.Collect$$libinit$$00000019)
    __rt_lib_init_signal_1                   0x0800022b   Thumb Code     0  libinit2.o(.ARM.Collect$$libinit$$0000001D)
    __rt_lib_init_stdio_2                    0x0800022b   Thumb Code     0  libinit2.o(.ARM.Collect$$libinit$$00000024)
    __rt_lib_init_alloca_1                   0x0800022f   Thumb Code     0  libinit2.o(.ARM.Collect$$libinit$$0000002E)
    __rt_lib_init_argv_1                     0x0800022f   Thumb Code     0  libinit2.o(.ARM.Collect$$libinit$$0000002C)
    __rt_lib_init_cpp_1                      0x0800022f   Thumb Code     0  libinit2.o(.ARM.Collect$$libinit$$00000032)
    __rt_lib_init_exceptions_1               0x0800022f   Thumb Code     0  libinit2.o(.ARM.Collect$$libinit$$00000030)
    __rt_lib_init_return                     0x0800022f   Thumb Code     0  libinit2.o(.ARM.Collect$$libinit$$00000033)
    __rt_lib_init_stdio_1                    0x0800022f   Thumb Code     0  libinit2.o(.ARM.Collect$$libinit$$00000025)
    __rt_lib_shutdown                        0x08000231   Thumb Code     0  libshutdown.o(.ARM.Collect$$libshutdown$$00000000)
    __rt_lib_shutdown_cpp_1                  0x08000233   Thumb Code     0  libshutdown2.o(.ARM.Collect$$libshutdown$$00000002)
    __rt_lib_shutdown_stdio_2                0x08000233   Thumb Code     0  libshutdown2.o(.ARM.Collect$$libshutdown$$00000003)
    __rt_lib_shutdown_fp_trap_1              0x08000237   Thumb Code     0  libshutdown2.o(.ARM.Collect$$libshutdown$$00000007)
    __rt_lib_shutdown_heap_1                 0x08000237   Thumb Code     0  libshutdown2.o(.ARM.Collect$$libshutdown$$0000000F)
    __rt_lib_shutdown_return                 0x08000237   Thumb Code     0  libshutdown2.o(.ARM.Collect$$libshutdown$$00000010)
    __rt_lib_shutdown_signal_1               0x08000237   Thumb Code     0  libshutdown2.o(.ARM.Collect$$libshutdown$$0000000A)
    __rt_lib_shutdown_stdio_1                0x08000237   Thumb Code     0  libshutdown2.o(.ARM.Collect$$libshutdown$$00000004)
    __rt_lib_shutdown_user_alloc_1           0x08000237   Thumb Code     0  libshutdown2.o(.ARM.Collect$$libshutdown$$0000000C)
    __rt_entry                               0x08000239   Thumb Code     0  __rtentry.o(.ARM.Collect$$rtentry$$00000000)
    __rt_entry_presh_1                       0x08000239   Thumb Code     0  __rtentry2.o(.ARM.Collect$$rtentry$$00000002)
    __rt_entry_sh                            0x08000239   Thumb Code     0  __rtentry4.o(.ARM.Collect$$rtentry$$00000004)
    __rt_entry_li                            0x0800023f   Thumb Code     0  __rtentry2.o(.ARM.Collect$$rtentry$$0000000A)
    __rt_entry_postsh_1                      0x0800023f   Thumb Code     0  __rtentry2.o(.ARM.Collect$$rtentry$$00000009)
    __rt_entry_main                          0x08000243   Thumb Code     0  __rtentry2.o(.ARM.Collect$$rtentry$$0000000D)
    __rt_entry_postli_1                      0x08000243   Thumb Code     0  __rtentry2.o(.ARM.Collect$$rtentry$$0000000C)
    __rt_exit                                0x0800024b   Thumb Code     0  rtexit.o(.ARM.Collect$$rtexit$$00000000)
    __rt_exit_ls                             0x0800024d   Thumb Code     0  rtexit2.o(.ARM.Collect$$rtexit$$00000003)
    __rt_exit_prels_1                        0x0800024d   Thumb Code     0  rtexit2.o(.ARM.Collect$$rtexit$$00000002)
    __rt_exit_exit                           0x08000251   Thumb Code     0  rtexit2.o(.ARM.Collect$$rtexit$$00000004)
    Reset_Handler                            0x08000259   Thumb Code     8  startup_stm32f407xx.o(.text)
    _maybe_terminate_alloc                   0x08000259   Thumb Code     0  maybetermalloc1.o(.emb_text)
    ADC_IRQHandler                           0x08000273   Thumb Code     0  startup_stm32f407xx.o(.text)
    CAN1_RX0_IRQHandler                      0x08000273   Thumb Code     0  startup_stm32f407xx.o(.text)
    CAN1_RX1_IRQHandler                      0x08000273   Thumb Code     0  startup_stm32f407xx.o(.text)
    CAN1_SCE_IRQHandler                      0x08000273   Thumb Code     0  startup_stm32f407xx.o(.text)
    CAN1_TX_IRQHandler                       0x08000273   Thumb Code     0  startup_stm32f407xx.o(.text)
    CAN2_RX0_IRQHandler                      0x08000273   Thumb Code     0  startup_stm32f407xx.o(.text)
    CAN2_RX1_IRQHandler                      0x08000273   Thumb Code     0  startup_stm32f407xx.o(.text)
    CAN2_SCE_IRQHandler                      0x08000273   Thumb Code     0  startup_stm32f407xx.o(.text)
    CAN2_TX_IRQHandler                       0x08000273   Thumb Code     0  startup_stm32f407xx.o(.text)
    DCMI_IRQHandler                          0x08000273   Thumb Code     0  startup_stm32f407xx.o(.text)
    DMA1_Stream0_IRQHandler                  0x08000273   Thumb Code     0  startup_stm32f407xx.o(.text)
    DMA1_Stream1_IRQHandler                  0x08000273   Thumb Code     0  startup_stm32f407xx.o(.text)
    DMA1_Stream2_IRQHandler                  0x08000273   Thumb Code     0  startup_stm32f407xx.o(.text)
    DMA1_Stream3_IRQHandler                  0x08000273   Thumb Code     0  startup_stm32f407xx.o(.text)
    DMA1_Stream4_IRQHandler                  0x08000273   Thumb Code     0  startup_stm32f407xx.o(.text)
    DMA1_Stream5_IRQHandler                  0x08000273   Thumb Code     0  startup_stm32f407xx.o(.text)
    DMA1_Stream6_IRQHandler                  0x08000273   Thumb Code     0  startup_stm32f407xx.o(.text)
    DMA1_Stream7_IRQHandler                  0x08000273   Thumb Code     0  startup_stm32f407xx.o(.text)
    DMA2_Stream0_IRQHandler                  0x08000273   Thumb Code     0  startup_stm32f407xx.o(.text)
    DMA2_Stream1_IRQHandler                  0x08000273   Thumb Code     0  startup_stm32f407xx.o(.text)
    DMA2_Stream2_IRQHandler                  0x08000273   Thumb Code     0  startup_stm32f407xx.o(.text)
    DMA2_Stream3_IRQHandler                  0x08000273   Thumb Code     0  startup_stm32f407xx.o(.text)
    DMA2_Stream4_IRQHandler                  0x08000273   Thumb Code     0  startup_stm32f407xx.o(.text)
    DMA2_Stream5_IRQHandler                  0x08000273   Thumb Code     0  startup_stm32f407xx.o(.text)
    DMA2_Stream6_IRQHandler                  0x08000273   Thumb Code     0  startup_stm32f407xx.o(.text)
    DMA2_Stream7_IRQHandler                  0x08000273   Thumb Code     0  startup_stm32f407xx.o(.text)
    ETH_IRQHandler                           0x08000273   Thumb Code     0  startup_stm32f407xx.o(.text)
    ETH_WKUP_IRQHandler                      0x08000273   Thumb Code     0  startup_stm32f407xx.o(.text)
    EXTI0_IRQHandler                         0x08000273   Thumb Code     0  startup_stm32f407xx.o(.text)
    EXTI15_10_IRQHandler                     0x08000273   Thumb Code     0  startup_stm32f407xx.o(.text)
    EXTI1_IRQHandler                         0x08000273   Thumb Code     0  startup_stm32f407xx.o(.text)
    EXTI2_IRQHandler                         0x08000273   Thumb Code     0  startup_stm32f407xx.o(.text)
    EXTI3_IRQHandler                         0x08000273   Thumb Code     0  startup_stm32f407xx.o(.text)
    EXTI4_IRQHandler                         0x08000273   Thumb Code     0  startup_stm32f407xx.o(.text)
    EXTI9_5_IRQHandler                       0x08000273   Thumb Code     0  startup_stm32f407xx.o(.text)
    FLASH_IRQHandler                         0x08000273   Thumb Code     0  startup_stm32f407xx.o(.text)
    FMC_IRQHandler                           0x08000273   Thumb Code     0  startup_stm32f407xx.o(.text)
    FPU_IRQHandler                           0x08000273   Thumb Code     0  startup_stm32f407xx.o(.text)
    HASH_RNG_IRQHandler                      0x08000273   Thumb Code     0  startup_stm32f407xx.o(.text)
    I2C1_ER_IRQHandler                       0x08000273   Thumb Code     0  startup_stm32f407xx.o(.text)
    I2C1_EV_IRQHandler                       0x08000273   Thumb Code     0  startup_stm32f407xx.o(.text)
    I2C2_ER_IRQHandler                       0x08000273   Thumb Code     0  startup_stm32f407xx.o(.text)
    I2C2_EV_IRQHandler                       0x08000273   Thumb Code     0  startup_stm32f407xx.o(.text)
    I2C3_ER_IRQHandler                       0x08000273   Thumb Code     0  startup_stm32f407xx.o(.text)
    I2C3_EV_IRQHandler                       0x08000273   Thumb Code     0  startup_stm32f407xx.o(.text)
    OTG_FS_IRQHandler                        0x08000273   Thumb Code     0  startup_stm32f407xx.o(.text)
    OTG_FS_WKUP_IRQHandler                   0x08000273   Thumb Code     0  startup_stm32f407xx.o(.text)
    OTG_HS_EP1_IN_IRQHandler                 0x08000273   Thumb Code     0  startup_stm32f407xx.o(.text)
    OTG_HS_EP1_OUT_IRQHandler                0x08000273   Thumb Code     0  startup_stm32f407xx.o(.text)
    OTG_HS_IRQHandler                        0x08000273   Thumb Code     0  startup_stm32f407xx.o(.text)
    OTG_HS_WKUP_IRQHandler                   0x08000273   Thumb Code     0  startup_stm32f407xx.o(.text)
    PVD_IRQHandler                           0x08000273   Thumb Code     0  startup_stm32f407xx.o(.text)
    RCC_IRQHandler                           0x08000273   Thumb Code     0  startup_stm32f407xx.o(.text)
    RTC_Alarm_IRQHandler                     0x08000273   Thumb Code     0  startup_stm32f407xx.o(.text)
    RTC_WKUP_IRQHandler                      0x08000273   Thumb Code     0  startup_stm32f407xx.o(.text)
    SDIO_IRQHandler                          0x08000273   Thumb Code     0  startup_stm32f407xx.o(.text)
    SPI1_IRQHandler                          0x08000273   Thumb Code     0  startup_stm32f407xx.o(.text)
    SPI2_IRQHandler                          0x08000273   Thumb Code     0  startup_stm32f407xx.o(.text)
    SPI3_IRQHandler                          0x08000273   Thumb Code     0  startup_stm32f407xx.o(.text)
    TAMP_STAMP_IRQHandler                    0x08000273   Thumb Code     0  startup_stm32f407xx.o(.text)
    TIM1_BRK_TIM9_IRQHandler                 0x08000273   Thumb Code     0  startup_stm32f407xx.o(.text)
    TIM1_CC_IRQHandler                       0x08000273   Thumb Code     0  startup_stm32f407xx.o(.text)
    TIM1_TRG_COM_TIM11_IRQHandler            0x08000273   Thumb Code     0  startup_stm32f407xx.o(.text)
    TIM1_UP_TIM10_IRQHandler                 0x08000273   Thumb Code     0  startup_stm32f407xx.o(.text)
    TIM2_IRQHandler                          0x08000273   Thumb Code     0  startup_stm32f407xx.o(.text)
    TIM3_IRQHandler                          0x08000273   Thumb Code     0  startup_stm32f407xx.o(.text)
    TIM4_IRQHandler                          0x08000273   Thumb Code     0  startup_stm32f407xx.o(.text)
    TIM5_IRQHandler                          0x08000273   Thumb Code     0  startup_stm32f407xx.o(.text)
    TIM6_DAC_IRQHandler                      0x08000273   Thumb Code     0  startup_stm32f407xx.o(.text)
    TIM7_IRQHandler                          0x08000273   Thumb Code     0  startup_stm32f407xx.o(.text)
    TIM8_BRK_TIM12_IRQHandler                0x08000273   Thumb Code     0  startup_stm32f407xx.o(.text)
    TIM8_CC_IRQHandler                       0x08000273   Thumb Code     0  startup_stm32f407xx.o(.text)
    TIM8_TRG_COM_TIM14_IRQHandler            0x08000273   Thumb Code     0  startup_stm32f407xx.o(.text)
    TIM8_UP_TIM13_IRQHandler                 0x08000273   Thumb Code     0  startup_stm32f407xx.o(.text)
    UART4_IRQHandler                         0x08000273   Thumb Code     0  startup_stm32f407xx.o(.text)
    UART5_IRQHandler                         0x08000273   Thumb Code     0  startup_stm32f407xx.o(.text)
    USART1_IRQHandler                        0x08000273   Thumb Code     0  startup_stm32f407xx.o(.text)
    USART2_IRQHandler                        0x08000273   Thumb Code     0  startup_stm32f407xx.o(.text)
    USART3_IRQHandler                        0x08000273   Thumb Code     0  startup_stm32f407xx.o(.text)
    USART6_IRQHandler                        0x08000273   Thumb Code     0  startup_stm32f407xx.o(.text)
    WWDG_IRQHandler                          0x08000273   Thumb Code     0  startup_stm32f407xx.o(.text)
    __user_initial_stackheap                 0x08000275   Thumb Code     0  startup_stm32f407xx.o(.text)
    malloc                                   0x08000299   Thumb Code    94  h1_alloc.o(.text)
    free                                     0x080002f7   Thumb Code    78  h1_free.o(.text)
    __aeabi_uldivmod                         0x08000345   Thumb Code     0  lludivv7m.o(.text)
    _ll_udiv                                 0x08000345   Thumb Code   238  lludivv7m.o(.text)
    __2printf                                0x08000435   Thumb Code    20  noretval__2printf.o(.text)
    __2sprintf                               0x0800044d   Thumb Code    34  noretval__2sprintf.o(.text)
    _printf_int_dec                          0x08000475   Thumb Code   104  _printf_dec.o(.text)
    __printf                                 0x080004ed   Thumb Code   352  __printf_ss_wp.o(.text)
    strlen                                   0x0800064d   Thumb Code    62  strlen.o(.text)
    __aeabi_memcpy                           0x0800068b   Thumb Code     0  rt_memcpy_v6.o(.text)
    __rt_memcpy                              0x0800068b   Thumb Code   138  rt_memcpy_v6.o(.text)
    _memcpy_lastbytes                        0x080006f1   Thumb Code     0  rt_memcpy_v6.o(.text)
    __aeabi_memclr4                          0x08000715   Thumb Code     0  rt_memclr_w.o(.text)
    __aeabi_memclr8                          0x08000715   Thumb Code     0  rt_memclr_w.o(.text)
    __rt_memclr_w                            0x08000715   Thumb Code    78  rt_memclr_w.o(.text)
    _memset_w                                0x08000719   Thumb Code     0  rt_memclr_w.o(.text)
    __use_two_region_memory                  0x08000763   Thumb Code     2  heapauxi.o(.text)
    __rt_heap_escrow                         0x08000765   Thumb Code     2  heapauxi.o(.text)
    __rt_heap_expand                         0x08000767   Thumb Code     2  heapauxi.o(.text)
    __rt_heap_descriptor                     0x08000769   Thumb Code     8  rt_heap_descriptor_intlibspace.o(.text)
    __use_no_heap                            0x08000771   Thumb Code     2  hguard.o(.text)
    __heap$guard                             0x08000773   Thumb Code     2  hguard.o(.text)
    _terminate_user_alloc                    0x08000775   Thumb Code     2  init_alloc.o(.text)
    _init_user_alloc                         0x08000777   Thumb Code     2  init_alloc.o(.text)
    __Heap_Full                              0x08000779   Thumb Code    34  init_alloc.o(.text)
    __Heap_Broken                            0x0800079b   Thumb Code     6  init_alloc.o(.text)
    _init_alloc                              0x080007a1   Thumb Code    94  init_alloc.o(.text)
    __Heap_Initialize                        0x080007ff   Thumb Code    10  h1_init.o(.text)
    __Heap_DescSize                          0x08000809   Thumb Code     4  h1_init.o(.text)
    _printf_int_common                       0x0800080d   Thumb Code   178  _printf_intcommon.o(.text)
    __lib_sel_fp_printf                      0x080008bf   Thumb Code     2  _printf_fp_dec.o(.text)
    _printf_fp_dec_real                      0x08000a71   Thumb Code   620  _printf_fp_dec.o(.text)
    _printf_char_common                      0x08000ce7   Thumb Code    32  _printf_char_common.o(.text)
    _sputc                                   0x08000d0d   Thumb Code    10  _sputc.o(.text)
    _printf_char_file                        0x08000d19   Thumb Code    32  _printf_char_file.o(.text)
    __aeabi_memcpy4                          0x08000d3d   Thumb Code     0  rt_memcpy_w.o(.text)
    __aeabi_memcpy8                          0x08000d3d   Thumb Code     0  rt_memcpy_w.o(.text)
    __rt_memcpy_w                            0x08000d3d   Thumb Code   100  rt_memcpy_w.o(.text)
    _memcpy_lastbytes_aligned                0x08000d85   Thumb Code     0  rt_memcpy_w.o(.text)
    __user_libspace                          0x08000da1   Thumb Code     8  libspace.o(.text)
    __user_perproc_libspace                  0x08000da1   Thumb Code     0  libspace.o(.text)
    __user_perthread_libspace                0x08000da1   Thumb Code     0  libspace.o(.text)
    __rt_locale                              0x08000da9   Thumb Code     8  rt_locale_intlibspace.o(.text)
    __Heap_ProvideMemory                     0x08000db1   Thumb Code    52  h1_extend.o(.text)
    _ll_udiv10                               0x08000de5   Thumb Code   138  lludiv10.o(.text)
    _printf_fp_infnan                        0x08000e71   Thumb Code   112  _printf_fp_infnan.o(.text)
    _btod_etento                             0x08000ef1   Thumb Code   224  bigflt0.o(.text)
    ferror                                   0x08000fd5   Thumb Code     8  ferror.o(.text)
    _initio                                  0x08000fdd   Thumb Code   210  initio.o(.text)
    _terminateio                             0x080010af   Thumb Code    56  initio.o(.text)
    __rt_SIGRTMEM                            0x08001115   Thumb Code    14  defsig_rtmem_outer.o(.text)
    _sys_open                                0x08001123   Thumb Code    20  sys_io.o(.text)
    _sys_close                               0x08001137   Thumb Code    12  sys_io.o(.text)
    _sys_write                               0x08001143   Thumb Code    16  sys_io.o(.text)
    _sys_read                                0x08001153   Thumb Code    14  sys_io.o(.text)
    _sys_istty                               0x08001161   Thumb Code    12  sys_io.o(.text)
    _sys_seek                                0x0800116d   Thumb Code    14  sys_io.o(.text)
    _sys_ensure                              0x0800117b   Thumb Code     2  sys_io.o(.text)
    _sys_flen                                0x0800117d   Thumb Code    12  sys_io.o(.text)
    __I$use$semihosting                      0x08001189   Thumb Code     0  use_no_semi.o(.text)
    __use_no_semihosting_swi                 0x08001189   Thumb Code     2  use_no_semi.o(.text)
    __semihosting_library_function           0x0800118b   Thumb Code     0  indicate_semi.o(.text)
    __user_setup_stackheap                   0x0800118b   Thumb Code    74  sys_stackheap_outer.o(.text)
    __flsbuf                                 0x080011d5   Thumb Code   470  flsbuf.o(.text)
    __flsbuf_byte                            0x080011d5   Thumb Code     0  flsbuf.o(.text)
    __flsbuf_wide                            0x080011d5   Thumb Code     0  flsbuf.o(.text)
    setvbuf                                  0x080013ab   Thumb Code    70  setvbuf.o(.text)
    freopen                                  0x080013f1   Thumb Code   158  fopen.o(.text)
    fopen                                    0x0800148f   Thumb Code    74  fopen.o(.text)
    _fclose_internal                         0x080014dd   Thumb Code    76  fclose.o(.text)
    fclose                                   0x080014dd   Thumb Code     0  fclose.o(.text)
    exit                                     0x08001529   Thumb Code    18  exit.o(.text)
    __sig_exit                               0x0800153b   Thumb Code    10  defsig_exit.o(.text)
    __rt_SIGRTRED                            0x08001545   Thumb Code    14  defsig_rtred_outer.o(.text)
    __rt_SIGRTMEM_inner                      0x08001555   Thumb Code    22  defsig_rtmem_inner.o(.text)
    strcmp                                   0x080015a5   Thumb Code   128  strcmpv7m.o(.text)
    _sys_exit                                0x08001625   Thumb Code     8  sys_exit.o(.text)
    _fseek                                   0x08001631   Thumb Code   242  fseek.o(.text)
    fseek                                    0x08001631   Thumb Code     0  fseek.o(.text)
    _seterr                                  0x08001729   Thumb Code    20  stdio.o(.text)
    _writebuf                                0x0800173d   Thumb Code    84  stdio.o(.text)
    _fflush                                  0x08001791   Thumb Code    70  stdio.o(.text)
    _deferredlazyseek                        0x080017d7   Thumb Code    60  stdio.o(.text)
    __default_signal_display                 0x08001819   Thumb Code    50  defsig_general.o(.text)
    __rt_SIGRTRED_inner                      0x0800184d   Thumb Code    14  defsig_rtred_inner.o(.text)
    _ttywrch                                 0x08001881   Thumb Code    14  sys_wrch.o(.text)
    _ftell_internal                          0x0800188f   Thumb Code    66  ftell.o(.text)
    ftell                                    0x0800188f   Thumb Code     0  ftell.o(.text)
    __aeabi_errno_addr                       0x080018d1   Thumb Code     8  rt_errno_addr_intlibspace.o(.text)
    __errno$intlibspace                      0x080018d1   Thumb Code     0  rt_errno_addr_intlibspace.o(.text)
    __rt_errno_addr$intlibspace              0x080018d1   Thumb Code     0  rt_errno_addr_intlibspace.o(.text)
    _btod_d2e                                0x080018d9   Thumb Code    62  btod.o(CL$$btod_d2e)
    _d2e_denorm_low                          0x08001917   Thumb Code    70  btod.o(CL$$btod_d2e_denorm_low)
    _d2e_norm_op1                            0x0800195d   Thumb Code    96  btod.o(CL$$btod_d2e_norm_op1)
    __btod_div_common                        0x080019bd   Thumb Code   696  btod.o(CL$$btod_div_common)
    _e2e                                     0x08001cf5   Thumb Code   220  btod.o(CL$$btod_e2e)
    _btod_ediv                               0x08001dd1   Thumb Code    42  btod.o(CL$$btod_ediv)
    _btod_emul                               0x08001dfb   Thumb Code    42  btod.o(CL$$btod_emul)
    __btod_mult_common                       0x08001e25   Thumb Code   580  btod.o(CL$$btod_mult_common)
    BusFault_Handler                         0x08002069   Thumb Code     2  stm32f4xx_it.o(i.BusFault_Handler)
    DEV_Module_Exit                          0x0800206d   Thumb Code    46  dev_config.o(i.DEV_Module_Exit)
    DEV_Module_Init                          0x080020a9   Thumb Code    46  dev_config.o(i.DEV_Module_Init)
    DEV_SPI_WRite                            0x080020e5   Thumb Code    18  dev_config.o(i.DEV_SPI_WRite)
    DebugMon_Handler                         0x080020fd   Thumb Code     2  stm32f4xx_it.o(i.DebugMon_Handler)
    Error_Handler                            0x080020ff   Thumb Code     4  main.o(i.Error_Handler)
    HAL_Delay                                0x08002105   Thumb Code    32  stm32f4xx_hal.o(i.HAL_Delay)
    HAL_GPIO_Init                            0x08002129   Thumb Code   450  stm32f4xx_hal_gpio.o(i.HAL_GPIO_Init)
    HAL_GPIO_TogglePin                       0x08002319   Thumb Code    16  stm32f4xx_hal_gpio.o(i.HAL_GPIO_TogglePin)
    HAL_GPIO_WritePin                        0x08002329   Thumb Code    10  stm32f4xx_hal_gpio.o(i.HAL_GPIO_WritePin)
    HAL_GetTick                              0x08002335   Thumb Code     6  stm32f4xx_hal.o(i.HAL_GetTick)
    HAL_IncTick                              0x08002341   Thumb Code    12  stm32f4xx_hal.o(i.HAL_IncTick)
    HAL_Init                                 0x08002351   Thumb Code    48  stm32f4xx_hal.o(i.HAL_Init)
    HAL_InitTick                             0x08002385   Thumb Code    54  stm32f4xx_hal.o(i.HAL_InitTick)
    HAL_MspInit                              0x080023c5   Thumb Code    42  stm32f4xx_hal_msp.o(i.HAL_MspInit)
    HAL_NVIC_SetPriority                     0x080023f5   Thumb Code    60  stm32f4xx_hal_cortex.o(i.HAL_NVIC_SetPriority)
    HAL_NVIC_SetPriorityGrouping             0x08002435   Thumb Code    26  stm32f4xx_hal_cortex.o(i.HAL_NVIC_SetPriorityGrouping)
    HAL_RCC_ClockConfig                      0x08002459   Thumb Code   288  stm32f4xx_hal_rcc.o(i.HAL_RCC_ClockConfig)
    HAL_RCC_GetSysClockFreq                  0x0800258d   Thumb Code    88  stm32f4xx_hal_rcc.o(i.HAL_RCC_GetSysClockFreq)
    HAL_RCC_OscConfig                        0x080025ed   Thumb Code   856  stm32f4xx_hal_rcc.o(i.HAL_RCC_OscConfig)
    HAL_SPI_Init                             0x08002959   Thumb Code   188  stm32f4xx_hal_spi.o(i.HAL_SPI_Init)
    HAL_SPI_MspInit                          0x08002a15   Thumb Code    92  spi.o(i.HAL_SPI_MspInit)
    HAL_SPI_Transmit                         0x08002a7d   Thumb Code   358  stm32f4xx_hal_spi.o(i.HAL_SPI_Transmit)
    HAL_SYSTICK_Config                       0x08002be3   Thumb Code    40  stm32f4xx_hal_cortex.o(i.HAL_SYSTICK_Config)
    HAL_TIMEx_MasterConfigSynchronization    0x08002c0d   Thumb Code   116  stm32f4xx_hal_tim_ex.o(i.HAL_TIMEx_MasterConfigSynchronization)
    HAL_TIM_Base_Init                        0x08002c9d   Thumb Code    90  stm32f4xx_hal_tim.o(i.HAL_TIM_Base_Init)
    HAL_TIM_Base_MspInit                     0x08002cf9   Thumb Code    30  tim.o(i.HAL_TIM_Base_MspInit)
    HAL_TIM_ConfigClockSource                0x08002d21   Thumb Code   220  stm32f4xx_hal_tim.o(i.HAL_TIM_ConfigClockSource)
    HAL_TIM_MspPostInit                      0x08002dfd   Thumb Code    68  tim.o(i.HAL_TIM_MspPostInit)
    HAL_TIM_PWM_ConfigChannel                0x08002e4d   Thumb Code   204  stm32f4xx_hal_tim.o(i.HAL_TIM_PWM_ConfigChannel)
    HAL_TIM_PWM_Init                         0x08002f19   Thumb Code    90  stm32f4xx_hal_tim.o(i.HAL_TIM_PWM_Init)
    HAL_TIM_PWM_MspInit                      0x08002f73   Thumb Code     2  stm32f4xx_hal_tim.o(i.HAL_TIM_PWM_MspInit)
    HAL_TIM_PWM_Start                        0x08002f75   Thumb Code   172  stm32f4xx_hal_tim.o(i.HAL_TIM_PWM_Start)
    HAL_TIM_PWM_Stop                         0x0800303d   Thumb Code   114  stm32f4xx_hal_tim.o(i.HAL_TIM_PWM_Stop)
    HardFault_Handler                        0x080030b9   Thumb Code     2  stm32f4xx_it.o(i.HardFault_Handler)
    LCD_1IN69_Clear                          0x080030bd   Thumb Code    74  lcd_1in69.o(i.LCD_1IN69_Clear)
    LCD_1IN69_DrawPoint                      0x08003111   Thumb Code    60  lcd_1in69.o(i.LCD_1IN69_DrawPoint)
    LCD_1IN69_Init                           0x08003155   Thumb Code   100  lcd_1in69.o(i.LCD_1IN69_Init)
    LCD_1IN69_SetBackLight                   0x080033a1   Thumb Code     8  lcd_1in69.o(i.LCD_1IN69_SetBackLight)
    LCD_1IN69_SetWindows                     0x080033ad   Thumb Code   162  lcd_1in69.o(i.LCD_1IN69_SetWindows)
    LCD_1in69_test                           0x08003455   Thumb Code   706  lcd_1inch69_test.o(i.LCD_1in69_test)
    MX_GPIO_Init                             0x080037e1   Thumb Code   184  gpio.o(i.MX_GPIO_Init)
    MX_SPI1_Init                             0x080038a9   Thumb Code    64  spi.o(i.MX_SPI1_Init)
    MX_TIM3_Init                             0x080038f1   Thumb Code   148  tim.o(i.MX_TIM3_Init)
    MemManage_Handler                        0x0800398d   Thumb Code     2  stm32f4xx_it.o(i.MemManage_Handler)
    NMI_Handler                              0x0800398f   Thumb Code     2  stm32f4xx_it.o(i.NMI_Handler)
    Paint_Clear                              0x08003991   Thumb Code     6  gui_paint.o(i.Paint_Clear)
    Paint_DrawChar                           0x0800399d   Thumb Code   188  gui_paint.o(i.Paint_DrawChar)
    Paint_DrawCircle                         0x08003a9d   Thumb Code   532  gui_paint.o(i.Paint_DrawCircle)
    Paint_DrawFloatNum                       0x08003cb9   Thumb Code   128  gui_paint.o(i.Paint_DrawFloatNum)
    Paint_DrawImage                          0x08003d41   Thumb Code    90  gui_paint.o(i.Paint_DrawImage)
    Paint_DrawLine                           0x08003da1   Thumb Code   208  gui_paint.o(i.Paint_DrawLine)
    Paint_DrawPoint                          0x08003eb5   Thumb Code   158  gui_paint.o(i.Paint_DrawPoint)
    Paint_DrawRectangle                      0x08003f5d   Thumb Code   176  gui_paint.o(i.Paint_DrawRectangle)
    Paint_DrawString_CN                      0x08004045   Thumb Code   404  gui_paint.o(i.Paint_DrawString_CN)
    Paint_DrawString_EN                      0x080041dd   Thumb Code   116  gui_paint.o(i.Paint_DrawString_EN)
    Paint_NewImage                           0x08004259   Thumb Code    58  gui_paint.o(i.Paint_NewImage)
    Paint_SetClearFuntion                    0x080042bd   Thumb Code     6  gui_paint.o(i.Paint_SetClearFuntion)
    Paint_SetDisplayFuntion                  0x080042c9   Thumb Code     6  gui_paint.o(i.Paint_SetDisplayFuntion)
    Paint_SetPixel                           0x080042d5   Thumb Code   152  gui_paint.o(i.Paint_SetPixel)
    Paint_SetRotate                          0x0800439d   Thumb Code    44  gui_paint.o(i.Paint_SetRotate)
    PendSV_Handler                           0x08004411   Thumb Code     2  stm32f4xx_it.o(i.PendSV_Handler)
    SVC_Handler                              0x0800453d   Thumb Code     2  stm32f4xx_it.o(i.SVC_Handler)
    SysTick_Handler                          0x0800453f   Thumb Code     4  stm32f4xx_it.o(i.SysTick_Handler)
    SystemClock_Config                       0x08004545   Thumb Code   138  main.o(i.SystemClock_Config)
    SystemInit                               0x080045d9   Thumb Code    12  system_stm32f4xx.o(i.SystemInit)
    TIM_Base_SetConfig                       0x080045e9   Thumb Code   164  stm32f4xx_hal_tim.o(i.TIM_Base_SetConfig)
    TIM_CCxChannelCmd                        0x080046b9   Thumb Code    26  stm32f4xx_hal_tim.o(i.TIM_CCxChannelCmd)
    TIM_ETR_SetConfig                        0x080046d3   Thumb Code    20  stm32f4xx_hal_tim.o(i.TIM_ETR_SetConfig)
    TIM_OC2_SetConfig                        0x08004759   Thumb Code    98  stm32f4xx_hal_tim.o(i.TIM_OC2_SetConfig)
    UsageFault_Handler                       0x080048c3   Thumb Code     2  stm32f4xx_it.o(i.UsageFault_Handler)
    __ARM_fpclassify                         0x080048c5   Thumb Code    48  fpclassify.o(i.__ARM_fpclassify)
    _is_digit                                0x08004915   Thumb Code    14  __printf_wp.o(i._is_digit)
    fputc                                    0x08004923   Thumb Code    26  fputc.o(i.fputc)
    led_proc                                 0x0800493d   Thumb Code    34  main.o(i.led_proc)
    main                                     0x08004969   Thumb Code    38  main.o(i.main)
    _get_lc_numeric                          0x08004995   Thumb Code    44  lc_numeric_c.o(locale$$code)
    _fp_init                                 0x080049c1   Thumb Code    10  fpinit.o(x$fpl$fpinit)
    __fplib_config_fpu_vfp                   0x080049c9   Thumb Code     0  fpinit.o(x$fpl$fpinit)
    __fplib_config_pureend_doubles           0x080049c9   Thumb Code     0  fpinit.o(x$fpl$fpinit)
    _printf_fp_dec                           0x080049cb   Thumb Code     4  printf1.o(x$fpl$printf1)
    AHBPrescTable                            0x080049ce   Data          16  system_stm32f4xx.o(.constdata)
    __I$use$fp                               0x080049ce   Number         0  usenofp.o(x$fpl$usenofp)
    gImage_1                                 0x080049de   Data        7200  image.o(.constdata)
    Font12_Table                             0x080065fe   Data        1140  font12.o(.constdata)
    Font24_Table                             0x08006a72   Data        6840  font24.o(.constdata)
    Font24CN_Table                           0x0800852a   Data        4482  font24cn.o(.constdata)
    __stdin_name                             0x08009740   Data           4  sys_io.o(.constdata)
    __stdout_name                            0x08009744   Data           4  sys_io.o(.constdata)
    __stderr_name                            0x08009748   Data           4  sys_io.o(.constdata)
    Region$$Table$$Base                      0x0800981c   Number         0  anon$$obj.o(Region$$Table)
    Region$$Table$$Limit                     0x0800983c   Number         0  anon$$obj.o(Region$$Table)
    uwTickFreq                               0x20000004   Data           1  stm32f4xx_hal.o(.data)
    uwTickPrio                               0x20000008   Data           4  stm32f4xx_hal.o(.data)
    uwTick                                   0x2000000c   Data           4  stm32f4xx_hal.o(.data)
    SystemCoreClock                          0x20000010   Data           4  system_stm32f4xx.o(.data)
    LCD_1IN69                                0x20000014   Data           6  lcd_1in69.o(.data)
    DISPLAY                                  0x2000001c   Data           4  gui_paint.o(.data)
    CLEAR                                    0x20000020   Data           4  gui_paint.o(.data)
    Font12                                   0x20000024   Data           8  font12.o(.data)
    Font24                                   0x2000002c   Data           8  font24.o(.data)
    Font24CN                                 0x20000034   Data          12  font24cn.o(.data)
    __aeabi_stdin                            0x20000040   Data           4  stdio_streams.o(.data)
    __aeabi_stdout                           0x20000044   Data           4  stdio_streams.o(.data)
    __aeabi_stderr                           0x20000048   Data           4  stdio_streams.o(.data)
    hspi1                                    0x2000004c   Data          88  spi.o(.bss)
    htim3                                    0x200000a4   Data          72  tim.o(.bss)
    Paint                                    0x200000ec   Data          24  gui_paint.o(.bss)
    __stdin                                  0x20000104   Data          84  stdio_streams.o(.bss)
    __stdout                                 0x20000158   Data          84  stdio_streams.o(.bss)
    __stderr                                 0x200001ac   Data          84  stdio_streams.o(.bss)
    __libspace_start                         0x20000200   Data          96  libspace.o(.bss)
    __temporary_stack_top$libspace           0x20000260   Data           0  libspace.o(.bss)



==============================================================================

Memory Map of the image

  Image Entry point : 0x08000189

  Load Region LR_IROM1 (Base: 0x08000000, Size: 0x000098a4, Max: 0x00100000, ABSOLUTE)

    Execution Region ER_IROM1 (Exec base: 0x08000000, Load base: 0x08000000, Size: 0x00009858, Max: 0x00100000, ABSOLUTE)

    Exec Addr    Load Addr    Size         Type   Attr      Idx    E Section Name        Object

    0x08000000   0x08000000   0x00000188   Data   RO            3    RESET               startup_stm32f407xx.o
    0x08000188   0x08000188   0x00000008   Code   RO         3402  * !!!main             c_w.l(__main.o)
    0x08000190   0x08000190   0x00000034   Code   RO         3747    !!!scatter          c_w.l(__scatter.o)
    0x080001c4   0x080001c4   0x0000001a   Code   RO         3749    !!handler_copy      c_w.l(__scatter_copy.o)
    0x080001de   0x080001de   0x00000002   PAD
    0x080001e0   0x080001e0   0x0000001c   Code   RO         3751    !!handler_zi        c_w.l(__scatter_zi.o)
    0x080001fc   0x080001fc   0x00000000   Code   RO         3393    .ARM.Collect$$_printf_percent$$00000000  c_w.l(_printf_percent.o)
    0x080001fc   0x080001fc   0x00000006   Code   RO         3392    .ARM.Collect$$_printf_percent$$00000003  c_w.l(_printf_f.o)
    0x08000202   0x08000202   0x00000006   Code   RO         3391    .ARM.Collect$$_printf_percent$$00000009  c_w.l(_printf_d.o)
    0x08000208   0x08000208   0x00000004   Code   RO         3450    .ARM.Collect$$_printf_percent$$00000017  c_w.l(_printf_percent_end.o)
    0x0800020c   0x0800020c   0x00000002   Code   RO         3657    .ARM.Collect$$libinit$$00000000  c_w.l(libinit.o)
    0x0800020e   0x0800020e   0x00000004   Code   RO         3461    .ARM.Collect$$libinit$$00000001  c_w.l(libinit2.o)
    0x08000212   0x08000212   0x00000000   Code   RO         3464    .ARM.Collect$$libinit$$00000004  c_w.l(libinit2.o)
    0x08000212   0x08000212   0x00000008   Code   RO         3465    .ARM.Collect$$libinit$$00000005  c_w.l(libinit2.o)
    0x0800021a   0x0800021a   0x00000000   Code   RO         3467    .ARM.Collect$$libinit$$0000000A  c_w.l(libinit2.o)
    0x0800021a   0x0800021a   0x00000000   Code   RO         3469    .ARM.Collect$$libinit$$0000000C  c_w.l(libinit2.o)
    0x0800021a   0x0800021a   0x00000000   Code   RO         3471    .ARM.Collect$$libinit$$0000000E  c_w.l(libinit2.o)
    0x0800021a   0x0800021a   0x00000006   Code   RO         3472    .ARM.Collect$$libinit$$0000000F  c_w.l(libinit2.o)
    0x08000220   0x08000220   0x00000000   Code   RO         3474    .ARM.Collect$$libinit$$00000011  c_w.l(libinit2.o)
    0x08000220   0x08000220   0x00000000   Code   RO         3476    .ARM.Collect$$libinit$$00000013  c_w.l(libinit2.o)
    0x08000220   0x08000220   0x00000000   Code   RO         3478    .ARM.Collect$$libinit$$00000015  c_w.l(libinit2.o)
    0x08000220   0x08000220   0x0000000a   Code   RO         3479    .ARM.Collect$$libinit$$00000016  c_w.l(libinit2.o)
    0x0800022a   0x0800022a   0x00000000   Code   RO         3480    .ARM.Collect$$libinit$$00000017  c_w.l(libinit2.o)
    0x0800022a   0x0800022a   0x00000000   Code   RO         3482    .ARM.Collect$$libinit$$00000019  c_w.l(libinit2.o)
    0x0800022a   0x0800022a   0x00000000   Code   RO         3484    .ARM.Collect$$libinit$$0000001B  c_w.l(libinit2.o)
    0x0800022a   0x0800022a   0x00000000   Code   RO         3486    .ARM.Collect$$libinit$$0000001D  c_w.l(libinit2.o)
    0x0800022a   0x0800022a   0x00000000   Code   RO         3488    .ARM.Collect$$libinit$$0000001F  c_w.l(libinit2.o)
    0x0800022a   0x0800022a   0x00000000   Code   RO         3490    .ARM.Collect$$libinit$$00000021  c_w.l(libinit2.o)
    0x0800022a   0x0800022a   0x00000000   Code   RO         3492    .ARM.Collect$$libinit$$00000023  c_w.l(libinit2.o)
    0x0800022a   0x0800022a   0x00000004   Code   RO         3493    .ARM.Collect$$libinit$$00000024  c_w.l(libinit2.o)
    0x0800022e   0x0800022e   0x00000000   Code   RO         3494    .ARM.Collect$$libinit$$00000025  c_w.l(libinit2.o)
    0x0800022e   0x0800022e   0x00000000   Code   RO         3498    .ARM.Collect$$libinit$$0000002C  c_w.l(libinit2.o)
    0x0800022e   0x0800022e   0x00000000   Code   RO         3500    .ARM.Collect$$libinit$$0000002E  c_w.l(libinit2.o)
    0x0800022e   0x0800022e   0x00000000   Code   RO         3502    .ARM.Collect$$libinit$$00000030  c_w.l(libinit2.o)
    0x0800022e   0x0800022e   0x00000000   Code   RO         3504    .ARM.Collect$$libinit$$00000032  c_w.l(libinit2.o)
    0x0800022e   0x0800022e   0x00000002   Code   RO         3505    .ARM.Collect$$libinit$$00000033  c_w.l(libinit2.o)
    0x08000230   0x08000230   0x00000002   Code   RO         3744    .ARM.Collect$$libshutdown$$00000000  c_w.l(libshutdown.o)
    0x08000232   0x08000232   0x00000000   Code   RO         3659    .ARM.Collect$$libshutdown$$00000002  c_w.l(libshutdown2.o)
    0x08000232   0x08000232   0x00000004   Code   RO         3660    .ARM.Collect$$libshutdown$$00000003  c_w.l(libshutdown2.o)
    0x08000236   0x08000236   0x00000000   Code   RO         3661    .ARM.Collect$$libshutdown$$00000004  c_w.l(libshutdown2.o)
    0x08000236   0x08000236   0x00000000   Code   RO         3664    .ARM.Collect$$libshutdown$$00000007  c_w.l(libshutdown2.o)
    0x08000236   0x08000236   0x00000000   Code   RO         3667    .ARM.Collect$$libshutdown$$0000000A  c_w.l(libshutdown2.o)
    0x08000236   0x08000236   0x00000000   Code   RO         3669    .ARM.Collect$$libshutdown$$0000000C  c_w.l(libshutdown2.o)
    0x08000236   0x08000236   0x00000000   Code   RO         3672    .ARM.Collect$$libshutdown$$0000000F  c_w.l(libshutdown2.o)
    0x08000236   0x08000236   0x00000002   Code   RO         3673    .ARM.Collect$$libshutdown$$00000010  c_w.l(libshutdown2.o)
    0x08000238   0x08000238   0x00000000   Code   RO         3408    .ARM.Collect$$rtentry$$00000000  c_w.l(__rtentry.o)
    0x08000238   0x08000238   0x00000000   Code   RO         3512    .ARM.Collect$$rtentry$$00000002  c_w.l(__rtentry2.o)
    0x08000238   0x08000238   0x00000006   Code   RO         3524    .ARM.Collect$$rtentry$$00000004  c_w.l(__rtentry4.o)
    0x0800023e   0x0800023e   0x00000000   Code   RO         3514    .ARM.Collect$$rtentry$$00000009  c_w.l(__rtentry2.o)
    0x0800023e   0x0800023e   0x00000004   Code   RO         3515    .ARM.Collect$$rtentry$$0000000A  c_w.l(__rtentry2.o)
    0x08000242   0x08000242   0x00000000   Code   RO         3517    .ARM.Collect$$rtentry$$0000000C  c_w.l(__rtentry2.o)
    0x08000242   0x08000242   0x00000008   Code   RO         3518    .ARM.Collect$$rtentry$$0000000D  c_w.l(__rtentry2.o)
    0x0800024a   0x0800024a   0x00000002   Code   RO         3678    .ARM.Collect$$rtexit$$00000000  c_w.l(rtexit.o)
    0x0800024c   0x0800024c   0x00000000   Code   RO         3707    .ARM.Collect$$rtexit$$00000002  c_w.l(rtexit2.o)
    0x0800024c   0x0800024c   0x00000004   Code   RO         3708    .ARM.Collect$$rtexit$$00000003  c_w.l(rtexit2.o)
    0x08000250   0x08000250   0x00000006   Code   RO         3709    .ARM.Collect$$rtexit$$00000004  c_w.l(rtexit2.o)
    0x08000256   0x08000256   0x00000002   PAD
    0x08000258   0x08000258   0x00000000   Code   RO         3535    .emb_text           c_w.l(maybetermalloc1.o)
    0x08000258   0x08000258   0x00000040   Code   RO            4    .text               startup_stm32f407xx.o
    0x08000298   0x08000298   0x0000005e   Code   RO         3296    .text               c_w.l(h1_alloc.o)
    0x080002f6   0x080002f6   0x0000004e   Code   RO         3298    .text               c_w.l(h1_free.o)
    0x08000344   0x08000344   0x000000ee   Code   RO         3354    .text               c_w.l(lludivv7m.o)
    0x08000432   0x08000432   0x00000002   PAD
    0x08000434   0x08000434   0x00000018   Code   RO         3360    .text               c_w.l(noretval__2printf.o)
    0x0800044c   0x0800044c   0x00000028   Code   RO         3362    .text               c_w.l(noretval__2sprintf.o)
    0x08000474   0x08000474   0x00000078   Code   RO         3368    .text               c_w.l(_printf_dec.o)
    0x080004ec   0x080004ec   0x00000160   Code   RO         3385    .text               c_w.l(__printf_ss_wp.o)
    0x0800064c   0x0800064c   0x0000003e   Code   RO         3394    .text               c_w.l(strlen.o)
    0x0800068a   0x0800068a   0x0000008a   Code   RO         3396    .text               c_w.l(rt_memcpy_v6.o)
    0x08000714   0x08000714   0x0000004e   Code   RO         3398    .text               c_w.l(rt_memclr_w.o)
    0x08000762   0x08000762   0x00000006   Code   RO         3400    .text               c_w.l(heapauxi.o)
    0x08000768   0x08000768   0x00000008   Code   RO         3416    .text               c_w.l(rt_heap_descriptor_intlibspace.o)
    0x08000770   0x08000770   0x00000004   Code   RO         3418    .text               c_w.l(hguard.o)
    0x08000774   0x08000774   0x0000008a   Code   RO         3420    .text               c_w.l(init_alloc.o)
    0x080007fe   0x080007fe   0x0000000e   Code   RO         3424    .text               c_w.l(h1_init.o)
    0x0800080c   0x0800080c   0x000000b2   Code   RO         3438    .text               c_w.l(_printf_intcommon.o)
    0x080008be   0x080008be   0x0000041e   Code   RO         3440    .text               c_w.l(_printf_fp_dec.o)
    0x08000cdc   0x08000cdc   0x00000030   Code   RO         3442    .text               c_w.l(_printf_char_common.o)
    0x08000d0c   0x08000d0c   0x0000000a   Code   RO         3444    .text               c_w.l(_sputc.o)
    0x08000d16   0x08000d16   0x00000002   PAD
    0x08000d18   0x08000d18   0x00000024   Code   RO         3448    .text               c_w.l(_printf_char_file.o)
    0x08000d3c   0x08000d3c   0x00000064   Code   RO         3457    .text               c_w.l(rt_memcpy_w.o)
    0x08000da0   0x08000da0   0x00000008   Code   RO         3508    .text               c_w.l(libspace.o)
    0x08000da8   0x08000da8   0x00000008   Code   RO         3531    .text               c_w.l(rt_locale_intlibspace.o)
    0x08000db0   0x08000db0   0x00000034   Code   RO         3537    .text               c_w.l(h1_extend.o)
    0x08000de4   0x08000de4   0x0000008a   Code   RO         3541    .text               c_w.l(lludiv10.o)
    0x08000e6e   0x08000e6e   0x00000002   PAD
    0x08000e70   0x08000e70   0x00000080   Code   RO         3543    .text               c_w.l(_printf_fp_infnan.o)
    0x08000ef0   0x08000ef0   0x000000e4   Code   RO         3547    .text               c_w.l(bigflt0.o)
    0x08000fd4   0x08000fd4   0x00000008   Code   RO         3572    .text               c_w.l(ferror.o)
    0x08000fdc   0x08000fdc   0x00000138   Code   RO         3578    .text               c_w.l(initio.o)
    0x08001114   0x08001114   0x0000000e   Code   RO         3589    .text               c_w.l(defsig_rtmem_outer.o)
    0x08001122   0x08001122   0x00000066   Code   RO         3605    .text               c_w.l(sys_io.o)
    0x08001188   0x08001188   0x00000002   Code   RO         3610    .text               c_w.l(use_no_semi.o)
    0x0800118a   0x0800118a   0x00000000   Code   RO         3612    .text               c_w.l(indicate_semi.o)
    0x0800118a   0x0800118a   0x0000004a   Code   RO         3613    .text               c_w.l(sys_stackheap_outer.o)
    0x080011d4   0x080011d4   0x000001d6   Code   RO         3619    .text               c_w.l(flsbuf.o)
    0x080013aa   0x080013aa   0x00000046   Code   RO         3621    .text               c_w.l(setvbuf.o)
    0x080013f0   0x080013f0   0x000000ec   Code   RO         3624    .text               c_w.l(fopen.o)
    0x080014dc   0x080014dc   0x0000004c   Code   RO         3626    .text               c_w.l(fclose.o)
    0x08001528   0x08001528   0x00000012   Code   RO         3632    .text               c_w.l(exit.o)
    0x0800153a   0x0800153a   0x0000000a   Code   RO         3634    .text               c_w.l(defsig_exit.o)
    0x08001544   0x08001544   0x0000000e   Code   RO         3640    .text               c_w.l(defsig_rtred_outer.o)
    0x08001552   0x08001552   0x00000002   PAD
    0x08001554   0x08001554   0x00000050   Code   RO         3644    .text               c_w.l(defsig_rtmem_inner.o)
    0x080015a4   0x080015a4   0x00000080   Code   RO         3646    .text               c_w.l(strcmpv7m.o)
    0x08001624   0x08001624   0x0000000c   Code   RO         3676    .text               c_w.l(sys_exit.o)
    0x08001630   0x08001630   0x000000f8   Code   RO         3686    .text               c_w.l(fseek.o)
    0x08001728   0x08001728   0x000000f0   Code   RO         3688    .text               c_w.l(stdio.o)
    0x08001818   0x08001818   0x00000032   Code   RO         3696    .text               c_w.l(defsig_general.o)
    0x0800184a   0x0800184a   0x00000002   PAD
    0x0800184c   0x0800184c   0x00000034   Code   RO         3700    .text               c_w.l(defsig_rtred_inner.o)
    0x08001880   0x08001880   0x0000000e   Code   RO         3704    .text               c_w.l(sys_wrch.o)
    0x0800188e   0x0800188e   0x00000042   Code   RO         3717    .text               c_w.l(ftell.o)
    0x080018d0   0x080018d0   0x00000008   Code   RO         3728    .text               c_w.l(rt_errno_addr_intlibspace.o)
    0x080018d8   0x080018d8   0x0000003e   Code   RO         3550    CL$$btod_d2e        c_w.l(btod.o)
    0x08001916   0x08001916   0x00000046   Code   RO         3552    CL$$btod_d2e_denorm_low  c_w.l(btod.o)
    0x0800195c   0x0800195c   0x00000060   Code   RO         3551    CL$$btod_d2e_norm_op1  c_w.l(btod.o)
    0x080019bc   0x080019bc   0x00000338   Code   RO         3560    CL$$btod_div_common  c_w.l(btod.o)
    0x08001cf4   0x08001cf4   0x000000dc   Code   RO         3557    CL$$btod_e2e        c_w.l(btod.o)
    0x08001dd0   0x08001dd0   0x0000002a   Code   RO         3554    CL$$btod_ediv       c_w.l(btod.o)
    0x08001dfa   0x08001dfa   0x0000002a   Code   RO         3553    CL$$btod_emul       c_w.l(btod.o)
    0x08001e24   0x08001e24   0x00000244   Code   RO         3559    CL$$btod_mult_common  c_w.l(btod.o)
    0x08002068   0x08002068   0x00000002   Code   RO          301    i.BusFault_Handler  stm32f4xx_it.o
    0x0800206a   0x0800206a   0x00000002   PAD
    0x0800206c   0x0800206c   0x0000003c   Code   RO         2883    i.DEV_Module_Exit   dev_config.o
    0x080020a8   0x080020a8   0x0000003c   Code   RO         2884    i.DEV_Module_Init   dev_config.o
    0x080020e4   0x080020e4   0x00000018   Code   RO         2885    i.DEV_SPI_WRite     dev_config.o
    0x080020fc   0x080020fc   0x00000002   Code   RO          302    i.DebugMon_Handler  stm32f4xx_it.o
    0x080020fe   0x080020fe   0x00000004   Code   RO           13    i.Error_Handler     main.o
    0x08002102   0x08002102   0x00000002   PAD
    0x08002104   0x08002104   0x00000024   Code   RO         1621    i.HAL_Delay         stm32f4xx_hal.o
    0x08002128   0x08002128   0x000001f0   Code   RO         1077    i.HAL_GPIO_Init     stm32f4xx_hal_gpio.o
    0x08002318   0x08002318   0x00000010   Code   RO         1080    i.HAL_GPIO_TogglePin  stm32f4xx_hal_gpio.o
    0x08002328   0x08002328   0x0000000a   Code   RO         1081    i.HAL_GPIO_WritePin  stm32f4xx_hal_gpio.o
    0x08002332   0x08002332   0x00000002   PAD
    0x08002334   0x08002334   0x0000000c   Code   RO         1627    i.HAL_GetTick       stm32f4xx_hal.o
    0x08002340   0x08002340   0x00000010   Code   RO         1633    i.HAL_IncTick       stm32f4xx_hal.o
    0x08002350   0x08002350   0x00000034   Code   RO         1634    i.HAL_Init          stm32f4xx_hal.o
    0x08002384   0x08002384   0x00000040   Code   RO         1635    i.HAL_InitTick      stm32f4xx_hal.o
    0x080023c4   0x080023c4   0x00000030   Code   RO          376    i.HAL_MspInit       stm32f4xx_hal_msp.o
    0x080023f4   0x080023f4   0x00000040   Code   RO         1475    i.HAL_NVIC_SetPriority  stm32f4xx_hal_cortex.o
    0x08002434   0x08002434   0x00000024   Code   RO         1476    i.HAL_NVIC_SetPriorityGrouping  stm32f4xx_hal_cortex.o
    0x08002458   0x08002458   0x00000134   Code   RO          723    i.HAL_RCC_ClockConfig  stm32f4xx_hal_rcc.o
    0x0800258c   0x0800258c   0x00000060   Code   RO          732    i.HAL_RCC_GetSysClockFreq  stm32f4xx_hal_rcc.o
    0x080025ec   0x080025ec   0x0000036c   Code   RO          735    i.HAL_RCC_OscConfig  stm32f4xx_hal_rcc.o
    0x08002958   0x08002958   0x000000bc   Code   RO          411    i.HAL_SPI_Init      stm32f4xx_hal_spi.o
    0x08002a14   0x08002a14   0x00000068   Code   RO          212    i.HAL_SPI_MspInit   spi.o
    0x08002a7c   0x08002a7c   0x00000166   Code   RO          419    i.HAL_SPI_Transmit  stm32f4xx_hal_spi.o
    0x08002be2   0x08002be2   0x00000028   Code   RO         1480    i.HAL_SYSTICK_Config  stm32f4xx_hal_cortex.o
    0x08002c0a   0x08002c0a   0x00000002   PAD
    0x08002c0c   0x08002c0c   0x00000090   Code   RO         2597    i.HAL_TIMEx_MasterConfigSynchronization  stm32f4xx_hal_tim_ex.o
    0x08002c9c   0x08002c9c   0x0000005a   Code   RO         1874    i.HAL_TIM_Base_Init  stm32f4xx_hal_tim.o
    0x08002cf6   0x08002cf6   0x00000002   PAD
    0x08002cf8   0x08002cf8   0x00000028   Code   RO          254    i.HAL_TIM_Base_MspInit  tim.o
    0x08002d20   0x08002d20   0x000000dc   Code   RO         1883    i.HAL_TIM_ConfigClockSource  stm32f4xx_hal_tim.o
    0x08002dfc   0x08002dfc   0x00000050   Code   RO          255    i.HAL_TIM_MspPostInit  tim.o
    0x08002e4c   0x08002e4c   0x000000cc   Code   RO         1946    i.HAL_TIM_PWM_ConfigChannel  stm32f4xx_hal_tim.o
    0x08002f18   0x08002f18   0x0000005a   Code   RO         1949    i.HAL_TIM_PWM_Init  stm32f4xx_hal_tim.o
    0x08002f72   0x08002f72   0x00000002   Code   RO         1951    i.HAL_TIM_PWM_MspInit  stm32f4xx_hal_tim.o
    0x08002f74   0x08002f74   0x000000c8   Code   RO         1954    i.HAL_TIM_PWM_Start  stm32f4xx_hal_tim.o
    0x0800303c   0x0800303c   0x0000007c   Code   RO         1957    i.HAL_TIM_PWM_Stop  stm32f4xx_hal_tim.o
    0x080030b8   0x080030b8   0x00000002   Code   RO          303    i.HardFault_Handler  stm32f4xx_it.o
    0x080030ba   0x080030ba   0x00000002   PAD
    0x080030bc   0x080030bc   0x00000054   Code   RO         2945    i.LCD_1IN69_Clear   lcd_1in69.o
    0x08003110   0x08003110   0x00000044   Code   RO         2948    i.LCD_1IN69_DrawPoint  lcd_1in69.o
    0x08003154   0x08003154   0x0000006c   Code   RO         2949    i.LCD_1IN69_Init    lcd_1in69.o
    0x080031c0   0x080031c0   0x00000198   Code   RO         2950    i.LCD_1IN69_InitReg  lcd_1in69.o
    0x08003358   0x08003358   0x0000002c   Code   RO         2951    i.LCD_1IN69_SendCommand  lcd_1in69.o
    0x08003384   0x08003384   0x0000001c   Code   RO         2952    i.LCD_1IN69_SendData_8Bit  lcd_1in69.o
    0x080033a0   0x080033a0   0x0000000c   Code   RO         2953    i.LCD_1IN69_SetBackLight  lcd_1in69.o
    0x080033ac   0x080033ac   0x000000a8   Code   RO         2954    i.LCD_1IN69_SetWindows  lcd_1in69.o
    0x08003454   0x08003454   0x0000038c   Code   RO         3029    i.LCD_1in69_test    lcd_1inch69_test.o
    0x080037e0   0x080037e0   0x000000c8   Code   RO          187    i.MX_GPIO_Init      gpio.o
    0x080038a8   0x080038a8   0x00000048   Code   RO          213    i.MX_SPI1_Init      spi.o
    0x080038f0   0x080038f0   0x0000009c   Code   RO          256    i.MX_TIM3_Init      tim.o
    0x0800398c   0x0800398c   0x00000002   Code   RO          304    i.MemManage_Handler  stm32f4xx_it.o
    0x0800398e   0x0800398e   0x00000002   Code   RO          305    i.NMI_Handler       stm32f4xx_it.o
    0x08003990   0x08003990   0x0000000c   Code   RO         3061    i.Paint_Clear       gui_paint.o
    0x0800399c   0x0800399c   0x00000100   Code   RO         3063    i.Paint_DrawChar    gui_paint.o
    0x08003a9c   0x08003a9c   0x0000021c   Code   RO         3064    i.Paint_DrawCircle  gui_paint.o
    0x08003cb8   0x08003cb8   0x00000088   Code   RO         3065    i.Paint_DrawFloatNum  gui_paint.o
    0x08003d40   0x08003d40   0x00000060   Code   RO         3066    i.Paint_DrawImage   gui_paint.o
    0x08003da0   0x08003da0   0x00000114   Code   RO         3067    i.Paint_DrawLine    gui_paint.o
    0x08003eb4   0x08003eb4   0x000000a8   Code   RO         3069    i.Paint_DrawPoint   gui_paint.o
    0x08003f5c   0x08003f5c   0x000000e8   Code   RO         3070    i.Paint_DrawRectangle  gui_paint.o
    0x08004044   0x08004044   0x00000198   Code   RO         3071    i.Paint_DrawString_CN  gui_paint.o
    0x080041dc   0x080041dc   0x0000007c   Code   RO         3072    i.Paint_DrawString_EN  gui_paint.o
    0x08004258   0x08004258   0x00000064   Code   RO         3074    i.Paint_NewImage    gui_paint.o
    0x080042bc   0x080042bc   0x0000000c   Code   RO         3075    i.Paint_SetClearFuntion  gui_paint.o
    0x080042c8   0x080042c8   0x0000000c   Code   RO         3076    i.Paint_SetDisplayFuntion  gui_paint.o
    0x080042d4   0x080042d4   0x000000c8   Code   RO         3078    i.Paint_SetPixel    gui_paint.o
    0x0800439c   0x0800439c   0x00000074   Code   RO         3079    i.Paint_SetRotate   gui_paint.o
    0x08004410   0x08004410   0x00000002   Code   RO          306    i.PendSV_Handler    stm32f4xx_it.o
    0x08004412   0x08004412   0x00000002   PAD
    0x08004414   0x08004414   0x0000006c   Code   RO          449    i.SPI_EndRxTxTransaction  stm32f4xx_hal_spi.o
    0x08004480   0x08004480   0x000000bc   Code   RO          454    i.SPI_WaitFlagStateUntilTimeout  stm32f4xx_hal_spi.o
    0x0800453c   0x0800453c   0x00000002   Code   RO          307    i.SVC_Handler       stm32f4xx_it.o
    0x0800453e   0x0800453e   0x00000004   Code   RO          308    i.SysTick_Handler   stm32f4xx_it.o
    0x08004542   0x08004542   0x00000002   PAD
    0x08004544   0x08004544   0x00000094   Code   RO           14    i.SystemClock_Config  main.o
    0x080045d8   0x080045d8   0x00000010   Code   RO         2846    i.SystemInit        system_stm32f4xx.o
    0x080045e8   0x080045e8   0x000000d0   Code   RO         1967    i.TIM_Base_SetConfig  stm32f4xx_hal_tim.o
    0x080046b8   0x080046b8   0x0000001a   Code   RO         1968    i.TIM_CCxChannelCmd  stm32f4xx_hal_tim.o
    0x080046d2   0x080046d2   0x00000014   Code   RO         1978    i.TIM_ETR_SetConfig  stm32f4xx_hal_tim.o
    0x080046e6   0x080046e6   0x00000010   Code   RO         1979    i.TIM_ITRx_SetConfig  stm32f4xx_hal_tim.o
    0x080046f6   0x080046f6   0x00000002   PAD
    0x080046f8   0x080046f8   0x00000060   Code   RO         1980    i.TIM_OC1_SetConfig  stm32f4xx_hal_tim.o
    0x08004758   0x08004758   0x0000006c   Code   RO         1981    i.TIM_OC2_SetConfig  stm32f4xx_hal_tim.o
    0x080047c4   0x080047c4   0x00000068   Code   RO         1982    i.TIM_OC3_SetConfig  stm32f4xx_hal_tim.o
    0x0800482c   0x0800482c   0x00000050   Code   RO         1983    i.TIM_OC4_SetConfig  stm32f4xx_hal_tim.o
    0x0800487c   0x0800487c   0x00000022   Code   RO         1985    i.TIM_TI1_ConfigInputStage  stm32f4xx_hal_tim.o
    0x0800489e   0x0800489e   0x00000024   Code   RO         1987    i.TIM_TI2_ConfigInputStage  stm32f4xx_hal_tim.o
    0x080048c2   0x080048c2   0x00000002   Code   RO          309    i.UsageFault_Handler  stm32f4xx_it.o
    0x080048c4   0x080048c4   0x00000030   Code   RO         3603    i.__ARM_fpclassify  m_wm.l(fpclassify.o)
    0x080048f4   0x080048f4   0x00000020   Code   RO         1482    i.__NVIC_SetPriority  stm32f4xx_hal_cortex.o
    0x08004914   0x08004914   0x0000000e   Code   RO         3380    i._is_digit         c_w.l(__printf_wp.o)
    0x08004922   0x08004922   0x0000001a   Code   RO         3575    i.fputc             c_w.l(fputc.o)
    0x0800493c   0x0800493c   0x0000002c   Code   RO           15    i.led_proc          main.o
    0x08004968   0x08004968   0x0000002c   Code   RO           16    i.main              main.o
    0x08004994   0x08004994   0x0000002c   Code   RO         3587    locale$$code        c_w.l(lc_numeric_c.o)
    0x080049c0   0x080049c0   0x0000000a   Code   RO         3598    x$fpl$fpinit        fz_wm.l(fpinit.o)
    0x080049ca   0x080049ca   0x00000004   Code   RO         3404    x$fpl$printf1       fz_wm.l(printf1.o)
    0x080049ce   0x080049ce   0x00000000   Code   RO         3602    x$fpl$usenofp       fz_wm.l(usenofp.o)
    0x080049ce   0x080049ce   0x00000010   Data   RO         2847    .constdata          system_stm32f4xx.o
    0x080049de   0x080049de   0x00001c20   Data   RO         2929    .constdata          image.o
    0x080065fe   0x080065fe   0x00000474   Data   RO         3220    .constdata          font12.o
    0x08006a72   0x08006a72   0x00001ab8   Data   RO         3262    .constdata          font24.o
    0x0800852a   0x0800852a   0x00001182   Data   RO         3276    .constdata          font24cn.o
    0x080096ac   0x080096ac   0x00000094   Data   RO         3548    .constdata          c_w.l(bigflt0.o)
    0x08009740   0x08009740   0x00000004   Data   RO         3606    .constdata          c_w.l(sys_io.o)
    0x08009744   0x08009744   0x00000004   Data   RO         3607    .constdata          c_w.l(sys_io.o)
    0x08009748   0x08009748   0x00000004   Data   RO         3608    .constdata          c_w.l(sys_io.o)
    0x0800974c   0x0800974c   0x000000cd   Data   RO         3081    .conststring        gui_paint.o
    0x08009819   0x08009819   0x00000003   PAD
    0x0800981c   0x0800981c   0x00000020   Data   RO         3745    Region$$Table       anon$$obj.o
    0x0800983c   0x0800983c   0x0000001c   Data   RO         3586    locale$$data        c_w.l(lc_numeric_c.o)


    Execution Region RW_IRAM1 (Exec base: 0x20000000, Load base: 0x08009858, Size: 0x00000860, Max: 0x0001c000, ABSOLUTE)

    Exec Addr    Load Addr    Size         Type   Attr      Idx    E Section Name        Object

    0x20000000   0x08009858   0x00000004   Data   RW           17    .data               main.o
    0x20000004   0x0800985c   0x0000000c   Data   RW         1641    .data               stm32f4xx_hal.o
    0x20000010   0x08009868   0x00000004   Data   RW         2849    .data               system_stm32f4xx.o
    0x20000014   0x0800986c   0x00000006   Data   RW         2955    .data               lcd_1in69.o
    0x2000001a   0x08009872   0x00000002   PAD
    0x2000001c   0x08009874   0x00000008   Data   RW         3082    .data               gui_paint.o
    0x20000024   0x0800987c   0x00000008   Data   RW         3221    .data               font12.o
    0x2000002c   0x08009884   0x00000008   Data   RW         3263    .data               font24.o
    0x20000034   0x0800988c   0x0000000c   Data   RW         3277    .data               font24cn.o
    0x20000040   0x08009898   0x00000004   Data   RW         3454    .data               c_w.l(stdio_streams.o)
    0x20000044   0x0800989c   0x00000004   Data   RW         3455    .data               c_w.l(stdio_streams.o)
    0x20000048   0x080098a0   0x00000004   Data   RW         3456    .data               c_w.l(stdio_streams.o)
    0x2000004c        -       0x00000058   Zero   RW          214    .bss                spi.o
    0x200000a4        -       0x00000048   Zero   RW          257    .bss                tim.o
    0x200000ec        -       0x00000018   Zero   RW         3080    .bss                gui_paint.o
    0x20000104        -       0x00000054   Zero   RW         3451    .bss                c_w.l(stdio_streams.o)
    0x20000158        -       0x00000054   Zero   RW         3452    .bss                c_w.l(stdio_streams.o)
    0x200001ac        -       0x00000054   Zero   RW         3453    .bss                c_w.l(stdio_streams.o)
    0x20000200        -       0x00000060   Zero   RW         3509    .bss                c_w.l(libspace.o)
    0x20000260        -       0x00000200   Zero   RW            2    HEAP                startup_stm32f407xx.o
    0x20000460        -       0x00000400   Zero   RW            1    STACK               startup_stm32f407xx.o


    Execution Region RW_IRAM2 (Exec base: 0x2001c000, Load base: 0x080098a4, Size: 0x00000000, Max: 0x00004000, ABSOLUTE)

    **** No section assigned to this execution region ****


==============================================================================

Image component sizes


      Code (inc. data)   RO Data    RW Data    ZI Data      Debug   Object Name

       144         34          0          0          0       1504   dev_config.o
         0          0       1140          8          0       1277   font12.o
         0          0       6840          8          0       1277   font24.o
         0          0       4482         12          0       1283   font24cn.o
       200         16          0          0          0        971   gpio.o
      2688        416        205          8         24      16492   gui_paint.o
         0          0       7200          0          0        520   image.o
       920         50          0          6          0       6709   lcd_1in69.o
       908        202          0          0          0        849   lcd_1inch69_test.o
       240         26          0          4          0     691755   main.o
       176         20          0          0         88       1657   spi.o
        64         26        392          0       1536        836   startup_stm32f407xx.o
       180         28          0         12          0       9357   stm32f4xx_hal.o
       172         14          0          0          0      33094   stm32f4xx_hal_cortex.o
       522         46          0          0          0       2805   stm32f4xx_hal_gpio.o
        48          6          0          0          0        846   stm32f4xx_hal_msp.o
      1280         48          0          0          0       4038   stm32f4xx_hal_rcc.o
       842         16          0          0          0       4550   stm32f4xx_hal_spi.o
      1658        118          0          0          0      13719   stm32f4xx_hal_tim.o
       144         28          0          0          0       1360   stm32f4xx_hal_tim_ex.o
        20          0          0          0          0       4106   stm32f4xx_it.o
        16          4         16          4          0       1103   system_stm32f4xx.o
       276         30          0          0         72       2328   tim.o

    ----------------------------------------------------------------------
     10516       1128      20310         64       1720     802436   Object Totals
         0          0         32          0          0          0   (incl. Generated)
        18          0          3          2          0          0   (incl. Padding)

    ----------------------------------------------------------------------

      Code (inc. data)   RO Data    RW Data    ZI Data      Debug   Library Member Name

         8          0          0          0          0         68   __main.o
       352          0          0          0          0         88   __printf_ss_wp.o
        14          0          0          0          0         68   __printf_wp.o
         0          0          0          0          0          0   __rtentry.o
        12          0          0          0          0          0   __rtentry2.o
         6          0          0          0          0          0   __rtentry4.o
        52          8          0          0          0          0   __scatter.o
        26          0          0          0          0          0   __scatter_copy.o
        28          0          0          0          0          0   __scatter_zi.o
        48          6          0          0          0         96   _printf_char_common.o
        36          4          0          0          0         80   _printf_char_file.o
         6          0          0          0          0          0   _printf_d.o
       120         16          0          0          0         92   _printf_dec.o
         6          0          0          0          0          0   _printf_f.o
      1054          0          0          0          0        216   _printf_fp_dec.o
       128         16          0          0          0         84   _printf_fp_infnan.o
       178          0          0          0          0         88   _printf_intcommon.o
         0          0          0          0          0          0   _printf_percent.o
         4          0          0          0          0          0   _printf_percent_end.o
        10          0          0          0          0         68   _sputc.o
       228          4        148          0          0         96   bigflt0.o
      1936        128          0          0          0        672   btod.o
        10          0          0          0          0         68   defsig_exit.o
        50          0          0          0          0         88   defsig_general.o
        80         58          0          0          0         76   defsig_rtmem_inner.o
        14          0          0          0          0         80   defsig_rtmem_outer.o
        52         38          0          0          0         76   defsig_rtred_inner.o
        14          0          0          0          0         80   defsig_rtred_outer.o
        18          0          0          0          0         80   exit.o
        76          0          0          0          0         88   fclose.o
         8          0          0          0          0         68   ferror.o
       470          0          0          0          0         88   flsbuf.o
       236          4          0          0          0        128   fopen.o
        26          0          0          0          0         68   fputc.o
       248          6          0          0          0         84   fseek.o
        66          0          0          0          0         76   ftell.o
        94          0          0          0          0         80   h1_alloc.o
        52          0          0          0          0         68   h1_extend.o
        78          0          0          0          0         80   h1_free.o
        14          0          0          0          0         84   h1_init.o
         6          0          0          0          0        152   heapauxi.o
         4          0          0          0          0        136   hguard.o
         0          0          0          0          0          0   indicate_semi.o
       138          0          0          0          0        168   init_alloc.o
       312         46          0          0          0        112   initio.o
        44         10         28          0          0         76   lc_numeric_c.o
         2          0          0          0          0          0   libinit.o
        34          0          0          0          0          0   libinit2.o
         2          0          0          0          0          0   libshutdown.o
         6          0          0          0          0          0   libshutdown2.o
         8          4          0          0         96         68   libspace.o
       138          0          0          0          0         80   lludiv10.o
       238          0          0          0          0        100   lludivv7m.o
         0          0          0          0          0          0   maybetermalloc1.o
        24          4          0          0          0         84   noretval__2printf.o
        40          6          0          0          0         84   noretval__2sprintf.o
         8          4          0          0          0         68   rt_errno_addr_intlibspace.o
         8          4          0          0          0         68   rt_heap_descriptor_intlibspace.o
         8          4          0          0          0         68   rt_locale_intlibspace.o
        78          0          0          0          0         80   rt_memclr_w.o
       138          0          0          0          0         68   rt_memcpy_v6.o
       100          0          0          0          0         80   rt_memcpy_w.o
         2          0          0          0          0          0   rtexit.o
        10          0          0          0          0          0   rtexit2.o
        70          0          0          0          0         80   setvbuf.o
       240          6          0          0          0        156   stdio.o
         0          0          0         12        252          0   stdio_streams.o
       128          0          0          0          0         68   strcmpv7m.o
        62          0          0          0          0         76   strlen.o
        12          4          0          0          0         68   sys_exit.o
       102          0         12          0          0        240   sys_io.o
        74          0          0          0          0         80   sys_stackheap_outer.o
        14          0          0          0          0         76   sys_wrch.o
         2          0          0          0          0         68   use_no_semi.o
        10          0          0          0          0        116   fpinit.o
         4          0          0          0          0        116   printf1.o
         0          0          0          0          0          0   usenofp.o
        48          0          0          0          0        124   fpclassify.o

    ----------------------------------------------------------------------
      7986        380        188         12        348       5936   Library Totals
        14          0          0          0          0          0   (incl. Padding)

    ----------------------------------------------------------------------

      Code (inc. data)   RO Data    RW Data    ZI Data      Debug   Library Name

      7910        380        188         12        348       5580   c_w.l
        14          0          0          0          0        232   fz_wm.l
        48          0          0          0          0        124   m_wm.l

    ----------------------------------------------------------------------
      7986        380        188         12        348       5936   Library Totals

    ----------------------------------------------------------------------

==============================================================================


      Code (inc. data)   RO Data    RW Data    ZI Data      Debug   

     18502       1508      20498         76       2068     797252   Grand Totals
     18502       1508      20498         76       2068     797252   ELF Image Totals
     18502       1508      20498         76          0          0   ROM Totals

==============================================================================

    Total RO  Size (Code + RO Data)                39000 (  38.09kB)
    Total RW  Size (RW Data + ZI Data)              2144 (   2.09kB)
    Total ROM Size (Code + RO Data + RW Data)      39076 (  38.16kB)

==============================================================================

